Archive member included to satisfy reference by file (symbol)

/usr/local/mcuxpressoide-11.2.0_4120/ide/plugins/com.nxp.mcuxpresso.tools.linux_11.2.0.202001021529/tools/bin/../lib/gcc/arm-none-eabi/9.2.1/thumb/v6-m/nofp/libgcc.a(_udivsi3.o)
                              ./source/MKL25Z128xxx4_ProtoThreads.o (__aeabi_uidiv)
/usr/local/mcuxpressoide-11.2.0_4120/ide/plugins/com.nxp.mcuxpresso.tools.linux_11.2.0.202001021529/tools/bin/../lib/gcc/arm-none-eabi/9.2.1/thumb/v6-m/nofp/libgcc.a(_divsi3.o)
                              ./drivers/fsl_tpm.o (__aeabi_idiv)
/usr/local/mcuxpressoide-11.2.0_4120/ide/plugins/com.nxp.mcuxpresso.tools.linux_11.2.0.202001021529/tools/bin/../lib/gcc/arm-none-eabi/9.2.1/thumb/v6-m/nofp/libgcc.a(_dvmd_tls.o)
                              /usr/local/mcuxpressoide-11.2.0_4120/ide/plugins/com.nxp.mcuxpresso.tools.linux_11.2.0.202001021529/tools/bin/../lib/gcc/arm-none-eabi/9.2.1/thumb/v6-m/nofp/libgcc.a(_udivsi3.o) (__aeabi_idiv0)
/usr/local/mcuxpressoide-11.2.0_4120/ide/plugins/com.nxp.mcuxpresso.tools.linux_11.2.0.202001021529/tools/bin/../lib/gcc/arm-none-eabi/9.2.1/../../../../arm-none-eabi/lib/thumb/v6-m/nofp/libc_nano.a(lib_a-init.o)
                              ./startup/startup_mkl25z4.o (__libc_init_array)
/usr/local/mcuxpressoide-11.2.0_4120/ide/plugins/com.nxp.mcuxpresso.tools.linux_11.2.0.202001021529/tools/bin/../lib/gcc/arm-none-eabi/9.2.1/../../../../arm-none-eabi/lib/thumb/v6-m/nofp/libc_nano.a(lib_a-malloc.o)
                              ./source/cpp_config.o (malloc)
/usr/local/mcuxpressoide-11.2.0_4120/ide/plugins/com.nxp.mcuxpresso.tools.linux_11.2.0.202001021529/tools/bin/../lib/gcc/arm-none-eabi/9.2.1/../../../../arm-none-eabi/lib/thumb/v6-m/nofp/libc_nano.a(lib_a-memcpy-stub.o)
                              ./drivers/fsl_flash.o (memcpy)
/usr/local/mcuxpressoide-11.2.0_4120/ide/plugins/com.nxp.mcuxpresso.tools.linux_11.2.0.202001021529/tools/bin/../lib/gcc/arm-none-eabi/9.2.1/../../../../arm-none-eabi/lib/thumb/v6-m/nofp/libc_nano.a(lib_a-memset.o)
                              ./drivers/fsl_dma.o (memset)
/usr/local/mcuxpressoide-11.2.0_4120/ide/plugins/com.nxp.mcuxpresso.tools.linux_11.2.0.202001021529/tools/bin/../lib/gcc/arm-none-eabi/9.2.1/../../../../arm-none-eabi/lib/thumb/v6-m/nofp/libc_nano.a(lib_a-nano-freer.o)
                              /usr/local/mcuxpressoide-11.2.0_4120/ide/plugins/com.nxp.mcuxpresso.tools.linux_11.2.0.202001021529/tools/bin/../lib/gcc/arm-none-eabi/9.2.1/../../../../arm-none-eabi/lib/thumb/v6-m/nofp/libc_nano.a(lib_a-malloc.o) (_free_r)
/usr/local/mcuxpressoide-11.2.0_4120/ide/plugins/com.nxp.mcuxpresso.tools.linux_11.2.0.202001021529/tools/bin/../lib/gcc/arm-none-eabi/9.2.1/../../../../arm-none-eabi/lib/thumb/v6-m/nofp/libc_nano.a(lib_a-nano-mallocr.o)
                              /usr/local/mcuxpressoide-11.2.0_4120/ide/plugins/com.nxp.mcuxpresso.tools.linux_11.2.0.202001021529/tools/bin/../lib/gcc/arm-none-eabi/9.2.1/../../../../arm-none-eabi/lib/thumb/v6-m/nofp/libc_nano.a(lib_a-malloc.o) (_malloc_r)
/usr/local/mcuxpressoide-11.2.0_4120/ide/plugins/com.nxp.mcuxpresso.tools.linux_11.2.0.202001021529/tools/bin/../lib/gcc/arm-none-eabi/9.2.1/../../../../arm-none-eabi/lib/thumb/v6-m/nofp/libc_nano.a(lib_a-printf.o)
                              ./source/MKL25Z128xxx4_ProtoThreads.o (printf)
/usr/local/mcuxpressoide-11.2.0_4120/ide/plugins/com.nxp.mcuxpresso.tools.linux_11.2.0.202001021529/tools/bin/../lib/gcc/arm-none-eabi/9.2.1/../../../../arm-none-eabi/lib/thumb/v6-m/nofp/libc_nano.a(lib_a-sbrkr.o)
                              /usr/local/mcuxpressoide-11.2.0_4120/ide/plugins/com.nxp.mcuxpresso.tools.linux_11.2.0.202001021529/tools/bin/../lib/gcc/arm-none-eabi/9.2.1/../../../../arm-none-eabi/lib/thumb/v6-m/nofp/libc_nano.a(lib_a-nano-mallocr.o) (_sbrk_r)
/usr/local/mcuxpressoide-11.2.0_4120/ide/plugins/com.nxp.mcuxpresso.tools.linux_11.2.0.202001021529/tools/bin/../lib/gcc/arm-none-eabi/9.2.1/../../../../arm-none-eabi/lib/thumb/v6-m/nofp/libc_nano.a(lib_a-findfp.o)
                              /usr/local/mcuxpressoide-11.2.0_4120/ide/plugins/com.nxp.mcuxpresso.tools.linux_11.2.0.202001021529/tools/bin/../lib/gcc/arm-none-eabi/9.2.1/../../../../arm-none-eabi/lib/thumb/v6-m/nofp/libc_nano.a(lib_a-printf.o) (__sinit)
/usr/local/mcuxpressoide-11.2.0_4120/ide/plugins/com.nxp.mcuxpresso.tools.linux_11.2.0.202001021529/tools/bin/../lib/gcc/arm-none-eabi/9.2.1/../../../../arm-none-eabi/lib/thumb/v6-m/nofp/libc_nano.a(lib_a-fwalk.o)
                              /usr/local/mcuxpressoide-11.2.0_4120/ide/plugins/com.nxp.mcuxpresso.tools.linux_11.2.0.202001021529/tools/bin/../lib/gcc/arm-none-eabi/9.2.1/../../../../arm-none-eabi/lib/thumb/v6-m/nofp/libc_nano.a(lib_a-findfp.o) (_fwalk)
/usr/local/mcuxpressoide-11.2.0_4120/ide/plugins/com.nxp.mcuxpresso.tools.linux_11.2.0.202001021529/tools/bin/../lib/gcc/arm-none-eabi/9.2.1/../../../../arm-none-eabi/lib/thumb/v6-m/nofp/libc_nano.a(lib_a-impure.o)
[...]
Memory Configuration

Name             Origin             Length             Attributes
PROGRAM_FLASH    0x0000000000000000 0x0000000000020000 xr
SRAM             0x000000001ffff000 0x0000000000004000 xrw
*default*        0x0000000000000000 0xffffffffffffffff

Linker script and memory map

LOAD ./utilities/fsl_debug_console.o
LOAD ./startup/startup_mkl25z4.o
LOAD ./source/LedFlasher.o
LOAD ./source/MKL25Z128xxx4_ProtoThreads.o
LOAD ./source/SwTimer.o
LOAD ./source/UartThread.o
LOAD ./source/cpp_config.o
LOAD ./source/mtb.o
LOAD ./source/semihost_hardfault.o
LOAD ./drivers/fsl_adc16.o
LOAD ./drivers/fsl_clock.o
LOAD ./drivers/fsl_cmp.o
LOAD ./drivers/fsl_common.o
LOAD ./drivers/fsl_cop.o
LOAD ./drivers/fsl_dac.o
LOAD ./drivers/fsl_dma.o
LOAD ./drivers/fsl_dmamux.o
LOAD ./drivers/fsl_flash.o
LOAD ./drivers/fsl_gpio.o
LOAD ./drivers/fsl_i2c.o
LOAD ./drivers/fsl_i2c_dma.o
LOAD ./drivers/fsl_llwu.o
LOAD ./drivers/fsl_lpsci.o
LOAD ./drivers/fsl_lpsci_dma.o
LOAD ./drivers/fsl_lptmr.o
LOAD ./drivers/fsl_pit.o
LOAD ./drivers/fsl_pmc.o
LOAD ./drivers/fsl_rcm.o
LOAD ./drivers/fsl_rtc.o
LOAD ./drivers/fsl_sim.o
LOAD ./drivers/fsl_smc.o
LOAD ./drivers/fsl_spi.o
LOAD ./drivers/fsl_spi_dma.o
LOAD ./drivers/fsl_tpm.o
LOAD ./drivers/fsl_tsi_v4.o
LOAD ./drivers/fsl_uart.o
LOAD ./drivers/fsl_uart_dma.o
LOAD ./board/board.o
LOAD ./board/clock_config.o
LOAD ./board/peripherals.o
LOAD ./board/pin_mux.o
LOAD ./CMSIS/system_MKL25Z4.o
START GROUP
LOAD /usr/local/mcuxpressoide-11.2.0_4120/ide/plugins/com.nxp.mcuxpresso.tools.linux_11.2.0.202001021529/tools/bin/../lib/gcc/arm-none-eabi/9.2.1/thumb/v6-m/nofp/libgcc.a
LOAD /usr/local/mcuxpressoide-11.2.0_4120/ide/plugins/com.nxp.mcuxpresso.tools.linux_11.2.0.202001021529/tools/bin/../lib/gcc/arm-none-eabi/9.2.1/../../../../arm-none-eabi/lib/thumb/v6-m/nofp/libc_nano.a
LOAD /usr/local/mcuxpressoide-11.2.0_4120/ide/plugins/com.nxp.mcuxpresso.tools.linux_11.2.0.202001021529/tools/bin/../lib/gcc/arm-none-eabi/9.2.1/../../../../arm-none-eabi/lib/thumb/v6-m/nofp/libstdc++_nano.a
LOAD /usr/local/mcuxpressoide-11.2.0_4120/ide/plugins/com.nxp.mcuxpresso.tools.linux_11.2.0.202001021529/tools/bin/../lib/gcc/arm-none-eabi/9.2.1/../../../../arm-none-eabi/lib/thumb/v6-m/nofp/libm.a
LOAD /usr/local/mcuxpressoide-11.2.0_4120/ide/plugins/com.nxp.mcuxpresso.tools.linux_11.2.0.202001021529/tools/bin/../lib/gcc/arm-none-eabi/9.2.1/../../../../arm-none-eabi/lib/thumb/v6-m/nofp/libcr_newlib_nohost.a
LOAD /usr/local/mcuxpressoide-11.2.0_4120/ide/plugins/com.nxp.mcuxpresso.tools.linux_11.2.0.202001021529/tools/bin/../lib/gcc/arm-none-eabi/9.2.1/thumb/v6-m/nofp/crti.o
LOAD /usr/local/mcuxpressoide-11.2.0_4120/ide/plugins/com.nxp.mcuxpresso.tools.linux_11.2.0.202001021529/tools/bin/../lib/gcc/arm-none-eabi/9.2.1/thumb/v6-m/nofp/crtn.o
LOAD /usr/local/mcuxpressoide-11.2.0_4120/ide/plugins/com.nxp.mcuxpresso.tools.linux_11.2.0.202001021529/tools/bin/../lib/gcc/arm-none-eabi/9.2.1/thumb/v6-m/nofp/crtbegin.o
LOAD /usr/local/mcuxpressoide-11.2.0_4120/ide/plugins/com.nxp.mcuxpresso.tools.linux_11.2.0.202001021529/tools/bin/../lib/gcc/arm-none-eabi/9.2.1/thumb/v6-m/nofp/crtend.o
END GROUP
                0x0000000000000000                __base_PROGRAM_FLASH = 0x0
                0x0000000000000000                __base_Flash = 0x0
                0x0000000000020000                __top_PROGRAM_FLASH = 0x20000
                0x0000000000020000                __top_Flash = 0x20000
                0x000000001ffff000                __base_SRAM = 0x1ffff000
                0x000000001ffff000                __base_RAM = 0x1ffff000
                0x0000000020003000                __top_SRAM = 0x20003000
                0x0000000020003000                __top_RAM = 0x20003000

.text           0x0000000000000000     0x385c
 FILL mask 0xff
                0x0000000000000000                __vectors_start__ = ABSOLUTE (.)
 *(SORT_BY_ALIGNMENT(.isr_vector))
 .isr_vector    0x0000000000000000       0xc0 ./startup/startup_mkl25z4.o
                0x0000000000000000                __Vectors
                0x0000000000000000                g_pfnVectors
                0x00000000000000c0                . = ALIGN (0x4)
                0x00000000000000c0                __section_table_start = .
                0x00000000000000c0                __data_section_table = .
                0x00000000000000c0        0x4 LONG 0x385c LOADADDR (.data)
                0x00000000000000c4        0x4 LONG 0x1ffff080 ADDR (.data)
                0x00000000000000c8        0x4 LONG 0x74 SIZEOF (.data)
                0x00000000000000cc                __data_section_table_end = .
                0x00000000000000cc                __bss_section_table = .
                0x00000000000000cc        0x4 LONG 0x1ffff0f8 ADDR (.bss)
                0x00000000000000d0        0x4 LONG 0x148 SIZEOF (.bss)
                0x00000000000000d4                __bss_section_table_end = .
                0x00000000000000d4                __section_table_end = .
 *(SORT_BY_ALIGNMENT(.after_vectors*))
 .after_vectors.reset
                0x00000000000000d4       0x50 ./startup/startup_mkl25z4.o
                0x00000000000000d4                ResetISR
 .after_vectors.init_data
                0x0000000000000124       0x12 ./startup/startup_mkl25z4.o
                0x0000000000000124                data_init(unsigned int, unsigned int, unsigned int)
 .after_vectors.init_bss
                0x0000000000000136       0x10 ./startup/startup_mkl25z4.o
                0x0000000000000136                bss_init(unsigned int, unsigned int)
 .after_vectors
                0x0000000000000146      0x10c ./startup/startup_mkl25z4.o
                0x0000000000000146                NMI_Handler
                0x000000000000014a                SVC_Handler
                0x000000000000014c                PendSV_Handler
                0x0000000000000150                PIT_DriverIRQHandler
                0x0000000000000150                Reserved39_DriverIRQHandler
                0x0000000000000150                LPTMR0_DriverIRQHandler
                0x0000000000000150                TPM2_DriverIRQHandler
                0x0000000000000150                TSI0_DriverIRQHandler
                0x0000000000000150                RTC_Seconds_DriverIRQHandler
                0x0000000000000150                LLWU_DriverIRQHandler
                0x0000000000000150                MCG_DriverIRQHandler
                0x0000000000000150                FTFA_DriverIRQHandler
                0x0000000000000150                IntDefaultHandler
                0x0000000000000150                USB0_DriverIRQHandler
                0x0000000000000150                DAC0_DriverIRQHandler
                0x0000000000000150                LVD_LVW_DriverIRQHandler
                0x0000000000000150                TPM0_DriverIRQHandler
                0x0000000000000150                Reserved20_DriverIRQHandler
                0x0000000000000150                Reserved45_DriverIRQHandler
                0x0000000000000150                PORTA_DriverIRQHandler
                0x0000000000000150                TPM1_DriverIRQHandler
                0x0000000000000150                RTC_DriverIRQHandler
                0x0000000000000150                ADC0_DriverIRQHandler
                0x0000000000000150                CMP0_DriverIRQHandler
                0x0000000000000150                PORTD_DriverIRQHandler
                0x0000000000000152                DMA0_IRQHandler
                0x000000000000015a                DMA1_IRQHandler
                0x0000000000000162                DMA2_IRQHandler
                0x000000000000016a                DMA3_IRQHandler
                0x0000000000000172                Reserved20_IRQHandler
                0x000000000000017a                FTFA_IRQHandler
                0x0000000000000182                LVD_LVW_IRQHandler
                0x000000000000018a                LLWU_IRQHandler
                0x0000000000000192                I2C0_IRQHandler
                0x000000000000019a                I2C1_IRQHandler
                0x00000000000001a2                SPI0_IRQHandler
                0x00000000000001aa                SPI1_IRQHandler
                0x00000000000001ba                UART1_IRQHandler
                0x00000000000001c2                UART2_IRQHandler
                0x00000000000001ca                ADC0_IRQHandler
                0x00000000000001d2                CMP0_IRQHandler
                0x00000000000001da                TPM0_IRQHandler
                0x00000000000001e2                TPM1_IRQHandler
                0x00000000000001ea                TPM2_IRQHandler
                0x00000000000001f2                RTC_IRQHandler
                0x00000000000001fa                RTC_Seconds_IRQHandler
                0x0000000000000202                PIT_IRQHandler
                0x000000000000020a                Reserved39_IRQHandler
                0x0000000000000212                USB0_IRQHandler
                0x000000000000021a                DAC0_IRQHandler
                0x0000000000000222                TSI0_IRQHandler
                0x000000000000022a                MCG_IRQHandler
                0x0000000000000232                LPTMR0_IRQHandler
                0x000000000000023a                Reserved45_IRQHandler
                0x0000000000000242                PORTA_IRQHandler
                0x000000000000024a                PORTD_IRQHandler
                0x0000000000000400                . = 0x400
 *fill*         0x0000000000000252      0x1ae ff
                0x0000000000000400                PROVIDE (__FLASH_CONFIG_START__ = .)
 *(SORT_BY_ALIGNMENT(.FlashConfig))
 .FlashConfig   0x0000000000000400       0x10 ./startup/startup_mkl25z4.o
                0x0000000000000410                PROVIDE (__FLASH_CONFIG_END__ = .)
                0x0000000000000001                ASSERT (! ((__FLASH_CONFIG_START__ == __FLASH_CONFIG_END__)), Linker Flash Config Support Enabled, but no .FlashConfig section provided within application)
 *(SORT_BY_ALIGNMENT(.text*))
 .text._ZN10LedFlasher3RunEv
                0x0000000000000410       0x80 ./source/LedFlasher.o
                0x0000000000000410                LedFlasher::Run()
 .text.NVIC_EnableIRQ
                0x0000000000000490       0x2c ./source/MKL25Z128xxx4_ProtoThreads.o
 .text.NVIC_SetPriority
                0x00000000000004bc       0xdc ./source/MKL25Z128xxx4_ProtoThreads.o
 .text.SysTick_Config
                0x0000000000000598       0x48 ./source/MKL25Z128xxx4_ProtoThreads.o
 .text.CLOCK_SetLpsci0Clock
                0x00000000000005e0       0x38 ./source/MKL25Z128xxx4_ProtoThreads.o
 .text._ZN11ProtothreadC2Ev
                0x0000000000000618       0x24 ./source/MKL25Z128xxx4_ProtoThreads.o
                0x0000000000000618                Protothread::Protothread()
                0x0000000000000618                Protothread::Protothread()
 .text._ZN10UartThreadC2EN3etl8delegateIFyvEEE
                0x000000000000063c       0x3c ./source/MKL25Z128xxx4_ProtoThreads.o
                0x000000000000063c                UartThread::UartThread(etl::delegate<unsigned long long ()>)
                0x000000000000063c                UartThread::UartThread(etl::delegate<unsigned long long ()>)
 .text._ZN10LedFlasherC2ER7SwTimer
                0x0000000000000678       0x2c ./source/MKL25Z128xxx4_ProtoThreads.o
                0x0000000000000678                LedFlasher::LedFlasher(SwTimer&)
                0x0000000000000678                LedFlasher::LedFlasher(SwTimer&)
 .text._Z14getRunTimeInMsv
                0x00000000000006a4       0x30 ./source/MKL25Z128xxx4_ProtoThreads.o
                0x00000000000006a4                getRunTimeInMs()
 .text.SysTick_Handler
                0x00000000000006d4       0x24 ./source/MKL25Z128xxx4_ProtoThreads.o
                0x00000000000006d4                SysTick_Handler
 .text.UART0_IRQHandler
                0x00000000000006f8       0x5c ./source/MKL25Z128xxx4_ProtoThreads.o
                0x00000000000006f8                UART0_IRQHandler
 .text._write   0x0000000000000754       0x28 ./source/MKL25Z128xxx4_ProtoThreads.o
                0x0000000000000754                _write
 .text.main     0x000000000000077c       0xc8 ./source/MKL25Z128xxx4_ProtoThreads.o
                0x000000000000077c                main
 .text._ZN3etl8delegateIFyvEE6createIXadL_Z14getRunTimeInMsvEEEES2_v
                0x0000000000000844       0x20 ./source/MKL25Z128xxx4_ProtoThreads.o
                0x0000000000000844                etl::delegate<unsigned long long ()> etl::delegate<unsigned long long ()>::create<&(getRunTimeInMs())>()
 .text._Z41__static_initialization_and_destruction_0ii
                0x0000000000000864       0x68 ./source/MKL25Z128xxx4_ProtoThreads.o
 .text._GLOBAL__sub_I_glTicks
                0x00000000000008cc       0x18 ./source/MKL25Z128xxx4_ProtoThreads.o
 .text._ZNK3etl8delegateIFyvEEclEv
                0x00000000000008e4       0x48 ./source/SwTimer.o
                0x00000000000008e4                etl::delegate<unsigned long long ()>::operator()() const
 .text._ZN10UartThread3RunEv
                0x000000000000092c      0x170 ./source/UartThread.o
                0x000000000000092c                UartThread::Run()
 .text._ZN10UartThread14isNewCharReadyEv
                0x0000000000000a9c       0x2c ./source/UartThread.o
                0x0000000000000a9c                UartThread::isNewCharReady()
 .text.HardFault_Handler
                0x0000000000000ac8       0x30 ./source/semihost_hardfault.o
                0x0000000000000ac8                HardFault_Handler
 .text.CLOCK_SetEr32kClock
                0x0000000000000af8       0x34 ./drivers/fsl_clock.o
 .text.CLOCK_SetPllFllSelClock
                0x0000000000000b2c       0x38 ./drivers/fsl_clock.o
 .text.CLOCK_GetMcgExtClkFreq
                0x0000000000000b64       0x34 ./drivers/fsl_clock.o
 .text.CLOCK_GetFllExtRefClkFreq
                0x0000000000000b98       0xa8 ./drivers/fsl_clock.o
 .text.CLOCK_GetInternalRefClkSelectFreq
                0x0000000000000c40       0x40 ./drivers/fsl_clock.o
 .text.CLOCK_GetFllRefClkFreq
                0x0000000000000c80       0x2c ./drivers/fsl_clock.o
 .text.CLOCK_GetOscRangeFromFreq
                0x0000000000000cac       0x4c ./drivers/fsl_clock.o
 .text.CLOCK_GetOsc0ErClkFreq
                0x0000000000000cf8       0x48 ./drivers/fsl_clock.o
                0x0000000000000cf8                CLOCK_GetOsc0ErClkFreq
 .text.CLOCK_GetEr32kClkFreq
                0x0000000000000d40       0x84 ./drivers/fsl_clock.o
                0x0000000000000d40                CLOCK_GetEr32kClkFreq
 .text.CLOCK_GetPllFllSelClkFreq
                0x0000000000000dc4       0x4c ./drivers/fsl_clock.o
                0x0000000000000dc4                CLOCK_GetPllFllSelClkFreq
 .text.CLOCK_GetFreq
                0x0000000000000e10       0xe0 ./drivers/fsl_clock.o
                0x0000000000000e10                CLOCK_GetFreq
 .text.CLOCK_SetSimConfig
                0x0000000000000ef0       0x38 ./drivers/fsl_clock.o
                0x0000000000000ef0                CLOCK_SetSimConfig
 .text.CLOCK_GetOutClkFreq
                0x0000000000000f28       0x78 ./drivers/fsl_clock.o
                0x0000000000000f28                CLOCK_GetOutClkFreq
 .text.CLOCK_GetFllFreq
                0x0000000000000fa0       0x84 ./drivers/fsl_clock.o
                0x0000000000000fa0                CLOCK_GetFllFreq
 .text.CLOCK_GetInternalRefClkFreq
                0x0000000000001024       0x28 ./drivers/fsl_clock.o
                0x0000000000001024                CLOCK_GetInternalRefClkFreq
 .text.CLOCK_GetPll0Freq
                0x000000000000104c       0x80 ./drivers/fsl_clock.o
                0x000000000000104c                CLOCK_GetPll0Freq
 .text.CLOCK_SetInternalRefClkConfig
                0x00000000000010cc      0x124 ./drivers/fsl_clock.o
                0x00000000000010cc                CLOCK_SetInternalRefClkConfig
 .text.CLOCK_EnablePll0
                0x00000000000011f0       0xa0 ./drivers/fsl_clock.o
                0x00000000000011f0                CLOCK_EnablePll0
 .text.CLOCK_InitOsc0
                0x0000000000001290       0x94 ./drivers/fsl_clock.o
                0x0000000000001290                CLOCK_InitOsc0
 .text.CLOCK_SetPbeMode
                0x0000000000001324       0xc0 ./drivers/fsl_clock.o
                0x0000000000001324                CLOCK_SetPbeMode
 .text.CLOCK_BootToPeeMode
                0x00000000000013e4       0x80 ./drivers/fsl_clock.o
                0x00000000000013e4                CLOCK_BootToPeeMode
 .text.__assert_func
                0x0000000000001464       0x28 ./drivers/fsl_common.o
                0x0000000000001464                __assert_func
 .text.DMA_ClearChannelStatusFlags
                0x000000000000148c       0x60 ./drivers/fsl_dma.o
 .text.DMA_HandleIRQ
                0x00000000000014ec       0x5c ./drivers/fsl_dma.o
                0x00000000000014ec                DMA_HandleIRQ
 .text.DMA0_DriverIRQHandler
                0x0000000000001548       0x18 ./drivers/fsl_dma.o
                0x0000000000001548                DMA0_DriverIRQHandler
 .text.DMA1_DriverIRQHandler
                0x0000000000001560       0x18 ./drivers/fsl_dma.o
                0x0000000000001560                DMA1_DriverIRQHandler
 .text.DMA2_DriverIRQHandler
                0x0000000000001578       0x18 ./drivers/fsl_dma.o
                0x0000000000001578                DMA2_DriverIRQHandler
 .text.DMA3_DriverIRQHandler
                0x0000000000001590       0x18 ./drivers/fsl_dma.o
                0x0000000000001590                DMA3_DriverIRQHandler
 .text.GPIO_PinInit
                0x00000000000015a8       0x70 ./drivers/fsl_gpio.o
                0x00000000000015a8                GPIO_PinInit
 .text.I2C_TransferCommonIRQHandler
                0x0000000000001618       0x58 ./drivers/fsl_i2c.o
 .text.I2C0_DriverIRQHandler
                0x0000000000001670       0x20 ./drivers/fsl_i2c.o
                0x0000000000001670                I2C0_DriverIRQHandler
 .text.I2C1_DriverIRQHandler
                0x0000000000001690       0x20 ./drivers/fsl_i2c.o
                0x0000000000001690                I2C1_DriverIRQHandler
 .text.CLOCK_EnableClock
                0x00000000000016b0       0x34 ./drivers/fsl_lpsci.o
 .text.LPSCI_GetInstance
                0x00000000000016e4       0x54 ./drivers/fsl_lpsci.o
                0x00000000000016e4                LPSCI_GetInstance
 .text.LPSCI_Init
                0x0000000000001738      0x268 ./drivers/fsl_lpsci.o
                0x0000000000001738                LPSCI_Init
 .text.LPSCI_GetDefaultConfig
                0x00000000000019a0       0x50 ./drivers/fsl_lpsci.o
                0x00000000000019a0                LPSCI_GetDefaultConfig
 .text.LPSCI_EnableInterrupts
                0x00000000000019f0       0x58 ./drivers/fsl_lpsci.o
                0x00000000000019f0                LPSCI_EnableInterrupts
 .text.LPSCI_WriteBlocking
                0x0000000000001a48       0x5c ./drivers/fsl_lpsci.o
                0x0000000000001a48                LPSCI_WriteBlocking
 .text.UART0_DriverIRQHandler
                0x0000000000001aa4       0x24 ./drivers/fsl_lpsci.o
                0x0000000000001aa4                UART0_DriverIRQHandler
 .text.SPI_CommonIRQHandler
                0x0000000000001ac8       0x54 ./drivers/fsl_spi.o
 .text.SPI0_DriverIRQHandler
                0x0000000000001b1c       0x40 ./drivers/fsl_spi.o
                0x0000000000001b1c                SPI0_DriverIRQHandler
 .text.SPI1_DriverIRQHandler
                0x0000000000001b5c       0x40 ./drivers/fsl_spi.o
                0x0000000000001b5c                SPI1_DriverIRQHandler
 .text.UART1_DriverIRQHandler
                0x0000000000001b9c       0x24 ./drivers/fsl_uart.o
                0x0000000000001b9c                UART1_DriverIRQHandler
 .text.UART2_DriverIRQHandler
                0x0000000000001bc0       0x24 ./drivers/fsl_uart.o
                0x0000000000001bc0                UART2_DriverIRQHandler
 .text.CLOCK_SetSimSafeDivs
                0x0000000000001be4       0x20 ./board/clock_config.o
 .text.CLOCK_SetXtal0Freq
                0x0000000000001c04       0x1c ./board/clock_config.o
 .text.CLOCK_CONFIG_SetFllExtRefDiv
                0x0000000000001c20       0x3c ./board/clock_config.o
 .text.BOARD_BootClockRUN
                0x0000000000001c5c       0x64 ./board/clock_config.o
                0x0000000000001c5c                BOARD_BootClockRUN
 .text.CLOCK_EnableClock
                0x0000000000001cc0       0x34 ./board/pin_mux.o
 .text.PORT_SetPinConfig
                0x0000000000001cf4       0x48 ./board/pin_mux.o
 .text.PORT_SetPinMux
                0x0000000000001d3c       0x40 ./board/pin_mux.o
 .text.BOARD_InitPins
                0x0000000000001d7c       0xb0 ./board/pin_mux.o
                0x0000000000001d7c                BOARD_InitPins
 .text.SystemInit
                0x0000000000001e2c       0x18 ./CMSIS/system_MKL25Z4.o
                0x0000000000001e2c                SystemInit
 .text          0x0000000000001e44      0x114 /usr/local/mcuxpressoide-11.2.0_4120/ide/plugins/com.nxp.mcuxpresso.tools.linux_11.2.0.202001021529/tools/bin/../lib/gcc/arm-none-eabi/9.2.1/thumb/v6-m/nofp/libgcc.a(_udivsi3.o)
                0x0000000000001e44                __udivsi3
                0x0000000000001e44                __aeabi_uidiv
                0x0000000000001f50                __aeabi_uidivmod
 .text          0x0000000000001f58        0x4 /usr/local/mcuxpressoide-11.2.0_4120/ide/plugins/com.nxp.mcuxpresso.tools.linux_11.2.0.202001021529/tools/bin/../lib/gcc/arm-none-eabi/9.2.1/thumb/v6-m/nofp/libgcc.a(_dvmd_tls.o)
                0x0000000000001f58                __aeabi_ldiv0
                0x0000000000001f58                __aeabi_idiv0
 .text.__libc_init_array
                0x0000000000001f5c       0x48 /usr/local/mcuxpressoide-11.2.0_4120/ide/plugins/com.nxp.mcuxpresso.tools.linux_11.2.0.202001021529/tools/bin/../lib/gcc/arm-none-eabi/9.2.1/../../../../arm-none-eabi/lib/thumb/v6-m/nofp/libc_nano.a(lib_a-init.o)
                0x0000000000001f5c                __libc_init_array
 .text._free_r  0x0000000000001fa4       0x94 /usr/local/mcuxpressoide-11.2.0_4120/ide/plugins/com.nxp.mcuxpresso.tools.linux_11.2.0.202001021529/tools/bin/../lib/gcc/arm-none-eabi/9.2.1/../../../../arm-none-eabi/lib/thumb/v6-m/nofp/libc_nano.a(lib_a-nano-freer.o)
                0x0000000000001fa4                _free_r
 .text._malloc_r
                0x0000000000002038       0xbc /usr/local/mcuxpressoide-11.2.0_4120/ide/plugins/com.nxp.mcuxpresso.tools.linux_11.2.0.202001021529/tools/bin/../lib/gcc/arm-none-eabi/9.2.1/../../../../arm-none-eabi/lib/thumb/v6-m/nofp/libc_nano.a(lib_a-nano-mallocr.o)
                0x0000000000002038                _malloc_r
 .text.printf   0x00000000000020f4       0x34 /usr/local/mcuxpressoide-11.2.0_4120/ide/plugins/com.nxp.mcuxpresso.tools.linux_11.2.0.202001021529/tools/bin/../lib/gcc/arm-none-eabi/9.2.1/../../../../arm-none-eabi/lib/thumb/v6-m/nofp/libc_nano.a(lib_a-printf.o)
                0x00000000000020f4                printf
                0x00000000000020f4                iprintf
 .text._sbrk_r  0x0000000000002128       0x24 /usr/local/mcuxpressoide-11.2.0_4120/ide/plugins/com.nxp.mcuxpresso.tools.linux_11.2.0.202001021529/tools/bin/../lib/gcc/arm-none-eabi/9.2.1/../../../../arm-none-eabi/lib/thumb/v6-m/nofp/libc_nano.a(lib_a-sbrkr.o)
                0x0000000000002128                _sbrk_r
 .text.std      0x000000000000214c       0x48 /usr/local/mcuxpressoide-11.2.0_4120/ide/plugins/com.nxp.mcuxpresso.tools.linux_11.2.0.202001021529/tools/bin/../lib/gcc/arm-none-eabi/9.2.1/../../../../arm-none-eabi/lib/thumb/v6-m/nofp/libc_nano.a(lib_a-findfp.o)
 .text._cleanup_r
                0x0000000000002194       0x10 /usr/local/mcuxpressoide-11.2.0_4120/ide/plugins/com.nxp.mcuxpresso.tools.linux_11.2.0.202001021529/tools/bin/../lib/gcc/arm-none-eabi/9.2.1/../../../../arm-none-eabi/lib/thumb/v6-m/nofp/libc_nano.a(lib_a-findfp.o)
                0x0000000000002194                _cleanup_r
 .text.__sfp_lock_acquire
                0x00000000000021a4       0x10 /usr/local/mcuxpressoide-11.2.0_4120/ide/plugins/com.nxp.mcuxpresso.tools.linux_11.2.0.202001021529/tools/bin/../lib/gcc/arm-none-eabi/9.2.1/../../../../arm-none-eabi/lib/thumb/v6-m/nofp/libc_nano.a(lib_a-findfp.o)
                0x00000000000021a4                __sfp_lock_acquire
 .text.__sfp_lock_release
                0x00000000000021b4       0x10 /usr/local/mcuxpressoide-11.2.0_4120/ide/plugins/com.nxp.mcuxpresso.tools.linux_11.2.0.202001021529/tools/bin/../lib/gcc/arm-none-eabi/9.2.1/../../../../arm-none-eabi/lib/thumb/v6-m/nofp/libc_nano.a(lib_a-findfp.o)
                0x00000000000021b4                __sfp_lock_release
 .text.__sinit_lock_acquire
                0x00000000000021c4       0x10 /usr/local/mcuxpressoide-11.2.0_4120/ide/plugins/com.nxp.mcuxpresso.tools.linux_11.2.0.202001021529/tools/bin/../lib/gcc/arm-none-eabi/9.2.1/../../../../arm-none-eabi/lib/thumb/v6-m/nofp/libc_nano.a(lib_a-findfp.o)
                0x00000000000021c4                __sinit_lock_acquire
 .text.__sinit_lock_release
                0x00000000000021d4       0x10 /usr/local/mcuxpressoide-11.2.0_4120/ide/plugins/com.nxp.mcuxpresso.tools.linux_11.2.0.202001021529/tools/bin/../lib/gcc/arm-none-eabi/9.2.1/../../../../arm-none-eabi/lib/thumb/v6-m/nofp/libc_nano.a(lib_a-findfp.o)
                0x00000000000021d4                __sinit_lock_release
 .text.__sinit  0x00000000000021e4       0x70 /usr/local/mcuxpressoide-11.2.0_4120/ide/plugins/com.nxp.mcuxpresso.tools.linux_11.2.0.202001021529/tools/bin/../lib/gcc/arm-none-eabi/9.2.1/../../../../arm-none-eabi/lib/thumb/v6-m/nofp/libc_nano.a(lib_a-findfp.o)
                0x00000000000021e4                __sinit
 .text.__sfp    0x0000000000002254       0x90 /usr/local/mcuxpressoide-11.2.0_4120/ide/plugins/com.nxp.mcuxpresso.tools.linux_11.2.0.202001021529/tools/bin/../lib/gcc/arm-none-eabi/9.2.1/../../../../arm-none-eabi/lib/thumb/v6-m/nofp/libc_nano.a(lib_a-findfp.o)
                0x0000000000002254                __sfp
 .text.__malloc_lock
                0x00000000000022e4       0x10 /usr/local/mcuxpressoide-11.2.0_4120/ide/plugins/com.nxp.mcuxpresso.tools.linux_11.2.0.202001021529/tools/bin/../lib/gcc/arm-none-eabi/9.2.1/../../../../arm-none-eabi/lib/thumb/v6-m/nofp/libc_nano.a(lib_a-mlock.o)
                0x00000000000022e4                __malloc_lock
 .text.__malloc_unlock
                0x00000000000022f4       0x10 /usr/local/mcuxpressoide-11.2.0_4120/ide/plugins/com.nxp.mcuxpresso.tools.linux_11.2.0.202001021529/tools/bin/../lib/gcc/arm-none-eabi/9.2.1/../../../../arm-none-eabi/lib/thumb/v6-m/nofp/libc_nano.a(lib_a-mlock.o)
                0x00000000000022f4                __malloc_unlock
 .text._vfprintf_r
                0x0000000000002304      0x274 /usr/local/mcuxpressoide-11.2.0_4120/ide/plugins/com.nxp.mcuxpresso.tools.linux_11.2.0.202001021529/tools/bin/../lib/gcc/arm-none-eabi/9.2.1/../../../../arm-none-eabi/lib/thumb/v6-m/nofp/libc_nano.a(lib_a-nano-vfprintf.o)
                0x0000000000002304                _vfiprintf_r
                0x0000000000002304                _vfprintf_r
 .text._printf_i
                0x0000000000002578      0x224 /usr/local/mcuxpressoide-11.2.0_4120/ide/plugins/com.nxp.mcuxpresso.tools.linux_11.2.0.202001021529/tools/bin/../lib/gcc/arm-none-eabi/9.2.1/../../../../arm-none-eabi/lib/thumb/v6-m/nofp/libc_nano.a(lib_a-nano-vfprintf_i.o)
                0x0000000000002578                _printf_i
 .text.__sread  0x000000000000279c       0x28 /usr/local/mcuxpressoide-11.2.0_4120/ide/plugins/com.nxp.mcuxpresso.tools.linux_11.2.0.202001021529/tools/bin/../lib/gcc/arm-none-eabi/9.2.1/../../../../arm-none-eabi/lib/thumb/v6-m/nofp/libc_nano.a(lib_a-stdio.o)
                0x000000000000279c                __sread
 .text.__swrite
                0x00000000000027c4       0x38 /usr/local/mcuxpressoide-11.2.0_4120/ide/plugins/com.nxp.mcuxpresso.tools.linux_11.2.0.202001021529/tools/bin/../lib/gcc/arm-none-eabi/9.2.1/../../../../arm-none-eabi/lib/thumb/v6-m/nofp/libc_nano.a(lib_a-stdio.o)
                0x00000000000027c4                __swrite
 .text.__sseek  0x00000000000027fc       0x2c /usr/local/mcuxpressoide-11.2.0_4120/ide/plugins/com.nxp.mcuxpresso.tools.linux_11.2.0.202001021529/tools/bin/../lib/gcc/arm-none-eabi/9.2.1/../../../../arm-none-eabi/lib/thumb/v6-m/nofp/libc_nano.a(lib_a-stdio.o)
                0x00000000000027fc                __sseek
 .text.__swbuf_r
                0x0000000000002828       0xac /usr/local/mcuxpressoide-11.2.0_4120/ide/plugins/com.nxp.mcuxpresso.tools.linux_11.2.0.202001021529/tools/bin/../lib/gcc/arm-none-eabi/9.2.1/../../../../arm-none-eabi/lib/thumb/v6-m/nofp/libc_nano.a(lib_a-wbuf.o)
                0x0000000000002828                __swbuf_r
 .text._write_r
                0x00000000000028d4       0x28 /usr/local/mcuxpressoide-11.2.0_4120/ide/plugins/com.nxp.mcuxpresso.tools.linux_11.2.0.202001021529/tools/bin/../lib/gcc/arm-none-eabi/9.2.1/../../../../arm-none-eabi/lib/thumb/v6-m/nofp/libc_nano.a(lib_a-writer.o)
                0x00000000000028d4                _write_r
 .text.__swsetup_r
                0x00000000000028fc       0xf0 /usr/local/mcuxpressoide-11.2.0_4120/ide/plugins/com.nxp.mcuxpresso.tools.linux_11.2.0.202001021529/tools/bin/../lib/gcc/arm-none-eabi/9.2.1/../../../../arm-none-eabi/lib/thumb/v6-m/nofp/libc_nano.a(lib_a-wsetup.o)
                0x00000000000028fc                __swsetup_r
 .text._close_r
                0x00000000000029ec       0x24 /usr/local/mcuxpressoide-11.2.0_4120/ide/plugins/com.nxp.mcuxpresso.tools.linux_11.2.0.202001021529/tools/bin/../lib/gcc/arm-none-eabi/9.2.1/../../../../arm-none-eabi/lib/thumb/v6-m/nofp/libc_nano.a(lib_a-closer.o)
                0x00000000000029ec                _close_r
 .text.__sflush_r
                0x0000000000002a10      0x118 /usr/local/mcuxpressoide-11.2.0_4120/ide/plugins/com.nxp.mcuxpresso.tools.linux_11.2.0.202001021529/tools/bin/../lib/gcc/arm-none-eabi/9.2.1/../../../../arm-none-eabi/lib/thumb/v6-m/nofp/libc_nano.a(lib_a-fflush.o)
                0x0000000000002a10                __sflush_r
 .text._fflush_r
                0x0000000000002b28       0x80 /usr/local/mcuxpressoide-11.2.0_4120/ide/plugins/com.nxp.mcuxpresso.tools.linux_11.2.0.202001021529/tools/bin/../lib/gcc/arm-none-eabi/9.2.1/../../../../arm-none-eabi/lib/thumb/v6-m/nofp/libc_nano.a(lib_a-fflush.o)
                0x0000000000002b28                _fflush_r
 .text._lseek_r
                0x0000000000002ba8       0x28 /usr/local/mcuxpressoide-11.2.0_4120/ide/plugins/com.nxp.mcuxpresso.tools.linux_11.2.0.202001021529/tools/bin/../lib/gcc/arm-none-eabi/9.2.1/../../../../arm-none-eabi/lib/thumb/v6-m/nofp/libc_nano.a(lib_a-lseekr.o)
                0x0000000000002ba8                _lseek_r
 .text.__swhatbuf_r
                0x0000000000002bd0       0x50 /usr/local/mcuxpressoide-11.2.0_4120/ide/plugins/com.nxp.mcuxpresso.tools.linux_11.2.0.202001021529/tools/bin/../lib/gcc/arm-none-eabi/9.2.1/../../../../arm-none-eabi/lib/thumb/v6-m/nofp/libc_nano.a(lib_a-makebuf.o)
                0x0000000000002bd0                __swhatbuf_r
 .text.__smakebuf_r
                0x0000000000002c20       0x88 /usr/local/mcuxpressoide-11.2.0_4120/ide/plugins/com.nxp.mcuxpresso.tools.linux_11.2.0.202001021529/tools/bin/../lib/gcc/arm-none-eabi/9.2.1/../../../../arm-none-eabi/lib/thumb/v6-m/nofp/libc_nano.a(lib_a-makebuf.o)
                0x0000000000002c20                __smakebuf_r
 .text._read_r  0x0000000000002ca8       0x28 /usr/local/mcuxpressoide-11.2.0_4120/ide/plugins/com.nxp.mcuxpresso.tools.linux_11.2.0.202001021529/tools/bin/../lib/gcc/arm-none-eabi/9.2.1/../../../../arm-none-eabi/lib/thumb/v6-m/nofp/libc_nano.a(lib_a-readr.o)
                0x0000000000002ca8                _read_r
 .text._fstat_r
                0x0000000000002cd0       0x24 /usr/local/mcuxpressoide-11.2.0_4120/ide/plugins/com.nxp.mcuxpresso.tools.linux_11.2.0.202001021529/tools/bin/../lib/gcc/arm-none-eabi/9.2.1/../../../../arm-none-eabi/lib/thumb/v6-m/nofp/libc_nano.a(lib_a-fstatr.o)
                0x0000000000002cd0                _fstat_r
 .text._isatty_r
                0x0000000000002cf4       0x24 /usr/local/mcuxpressoide-11.2.0_4120/ide/plugins/com.nxp.mcuxpresso.tools.linux_11.2.0.202001021529/tools/bin/../lib/gcc/arm-none-eabi/9.2.1/../../../../arm-none-eabi/lib/thumb/v6-m/nofp/libc_nano.a(lib_a-isattyr.o)
                0x0000000000002cf4                _isatty_r
 .text._ZSt9terminatev
                0x0000000000002d18       0x10 /usr/local/mcuxpressoide-11.2.0_4120/ide/plugins/com.nxp.mcuxpresso.tools.linux_11.2.0.202001021529/tools/bin/../lib/gcc/arm-none-eabi/9.2.1/../../../../arm-none-eabi/lib/thumb/v6-m/nofp/libstdc++_nano.a(eh_terminate.o)
                0x0000000000002d18                std::terminate()
 .text._sbrk    0x0000000000002d28       0x40 /usr/local/mcuxpressoide-11.2.0_4120/ide/plugins/com.nxp.mcuxpresso.tools.linux_11.2.0.202001021529/tools/bin/../lib/gcc/arm-none-eabi/9.2.1/../../../../arm-none-eabi/lib/thumb/v6-m/nofp/libcr_newlib_nohost.a(_cr_sbrk.o)
                0x0000000000002d28                _sbrk
 .text._close   0x0000000000002d68       0x10 /usr/local/mcuxpressoide-11.2.0_4120/ide/plugins/com.nxp.mcuxpresso.tools.linux_11.2.0.202001021529/tools/bin/../lib/gcc/arm-none-eabi/9.2.1/../../../../arm-none-eabi/lib/thumb/v6-m/nofp/libcr_newlib_nohost.a(close.o)
                0x0000000000002d68                _close
 .text._fstat   0x0000000000002d78       0x10 /usr/local/mcuxpressoide-11.2.0_4120/ide/plugins/com.nxp.mcuxpresso.tools.linux_11.2.0.202001021529/tools/bin/../lib/gcc/arm-none-eabi/9.2.1/../../../../arm-none-eabi/lib/thumb/v6-m/nofp/libcr_newlib_nohost.a(fstat.o)
                0x0000000000002d78                _fstat
 .text._isatty  0x0000000000002d88       0x10 /usr/local/mcuxpressoide-11.2.0_4120/ide/plugins/com.nxp.mcuxpresso.tools.linux_11.2.0.202001021529/tools/bin/../lib/gcc/arm-none-eabi/9.2.1/../../../../arm-none-eabi/lib/thumb/v6-m/nofp/libcr_newlib_nohost.a(isatty.o)
                0x0000000000002d88                _isatty
 .text._lseek   0x0000000000002d98       0x10 /usr/local/mcuxpressoide-11.2.0_4120/ide/plugins/com.nxp.mcuxpresso.tools.linux_11.2.0.202001021529/tools/bin/../lib/gcc/arm-none-eabi/9.2.1/../../../../arm-none-eabi/lib/thumb/v6-m/nofp/libcr_newlib_nohost.a(lseek.o)
                0x0000000000002d98                _lseek
 .text._read    0x0000000000002da8       0x10 /usr/local/mcuxpressoide-11.2.0_4120/ide/plugins/com.nxp.mcuxpresso.tools.linux_11.2.0.202001021529/tools/bin/../lib/gcc/arm-none-eabi/9.2.1/../../../../arm-none-eabi/lib/thumb/v6-m/nofp/libcr_newlib_nohost.a(read.o)
                0x0000000000002da8                _read
 .text.__check_heap_overflow
                0x0000000000002db8       0x14 /usr/local/mcuxpressoide-11.2.0_4120/ide/plugins/com.nxp.mcuxpresso.tools.linux_11.2.0.202001021529/tools/bin/../lib/gcc/arm-none-eabi/9.2.1/../../../../arm-none-eabi/lib/thumb/v6-m/nofp/libcr_newlib_nohost.a(_cr_check_heap.o)
                0x0000000000002db8                __check_heap_overflow
 .text          0x0000000000002dcc       0x48 /usr/local/mcuxpressoide-11.2.0_4120/ide/plugins/com.nxp.mcuxpresso.tools.linux_11.2.0.202001021529/tools/bin/../lib/gcc/arm-none-eabi/9.2.1/thumb/v6-m/nofp/crtbegin.o
 .text          0x0000000000002e14       0x14 /usr/local/mcuxpressoide-11.2.0_4120/ide/plugins/com.nxp.mcuxpresso.tools.linux_11.2.0.202001021529/tools/bin/../lib/gcc/arm-none-eabi/9.2.1/thumb/v6-m/nofp/libgcc.a(_thumb1_case_shi.o)
                0x0000000000002e14                __gnu_thumb1_case_shi
 .text.__errno  0x0000000000002e28        0xc /usr/local/mcuxpressoide-11.2.0_4120/ide/plugins/com.nxp.mcuxpresso.tools.linux_11.2.0.202001021529/tools/bin/../lib/gcc/arm-none-eabi/9.2.1/../../../../arm-none-eabi/lib/thumb/v6-m/nofp/libc_nano.a(lib_a-errno.o)
                0x0000000000002e28                __errno
 .text._ZN11Protothread4StopEv
                0x0000000000002e34       0x18 ./source/LedFlasher.o
                0x0000000000002e34                Protothread::Stop()
 .text.GPIO_TogglePinsOutput
                0x0000000000002e4c       0x18 ./source/LedFlasher.o
 .text.EnableIRQ
                0x0000000000002e64       0x2c ./source/MKL25Z128xxx4_ProtoThreads.o
 .text.LPSCI_WriteByte
                0x0000000000002e90       0x1e ./source/MKL25Z128xxx4_ProtoThreads.o
 .text.LPSCI_ReadByte
                0x0000000000002eae       0x16 ./source/MKL25Z128xxx4_ProtoThreads.o
 .text._ZN7SwTimerC2EN3etl8delegateIFyvEEE
                0x0000000000002ec4       0x20 ./source/MKL25Z128xxx4_ProtoThreads.o
                0x0000000000002ec4                SwTimer::SwTimer(etl::delegate<unsigned long long ()>)
                0x0000000000002ec4                SwTimer::SwTimer(etl::delegate<unsigned long long ()>)
 .text._ZN3etl8delegateIFyvEE13function_stubIXadL_Z14getRunTimeInMsvEEEEyPv
                0x0000000000002ee4       0x1a ./source/MKL25Z128xxx4_ProtoThreads.o
                0x0000000000002ee4                unsigned long long etl::delegate<unsigned long long ()>::function_stub<&(getRunTimeInMs())>(void*)
 .text._ZN3etl8delegateIFyvEE18invocation_elementC2Ev
                0x0000000000002efe       0x1e ./source/MKL25Z128xxx4_ProtoThreads.o
                0x0000000000002efe                etl::delegate<unsigned long long ()>::invocation_element::invocation_element()
                0x0000000000002efe                etl::delegate<unsigned long long ()>::invocation_element::invocation_element()
 .text._ZN3etl8delegateIFyvEEC2EPvPFyS3_E
                0x0000000000002f1c       0x2a ./source/MKL25Z128xxx4_ProtoThreads.o
                0x0000000000002f1c                etl::delegate<unsigned long long ()>::delegate(void*, unsigned long long (*)(void*))
                0x0000000000002f1c                etl::delegate<unsigned long long ()>::delegate(void*, unsigned long long (*)(void*))
 .text._ZN7SwTimer9isExpiredEv
                0x0000000000002f46       0x30 ./source/SwTimer.o
                0x0000000000002f46                SwTimer::isExpired()
 .text._ZN7SwTimer10startTimerEy
                0x0000000000002f76       0x34 ./source/SwTimer.o
                0x0000000000002f76                SwTimer::startTimer(unsigned long long)
 .text._ZN7SwTimer12restartTimerEv
                0x0000000000002faa       0x1e ./source/SwTimer.o
                0x0000000000002faa                SwTimer::restartTimer()
 .text._ZNK3etl8delegateIFyvEE8is_validEv
                0x0000000000002fc8       0x1a ./source/SwTimer.o
                0x0000000000002fc8                etl::delegate<unsigned long long ()>::is_valid() const
 .text.OSC_SetExtRefClkConfig
                0x0000000000002fe2       0x3e ./drivers/fsl_clock.o
 .text.OSC_SetCapLoad
                0x0000000000003020       0x42 ./drivers/fsl_clock.o
 .text.CLOCK_GetPll0RefFreq
                0x0000000000003062       0x10 ./drivers/fsl_clock.o
 .text.CLOCK_GetFixedFreqClkFreq
                0x0000000000003072       0x30 ./drivers/fsl_clock.o
                0x0000000000003072                CLOCK_GetFixedFreqClkFreq
 .text.CLOCK_SetExternalRefClkConfig
                0x00000000000030a2       0x16 ./drivers/fsl_clock.o
                0x00000000000030a2                CLOCK_SetExternalRefClkConfig
 .text.GPIO_WritePinOutput
                0x00000000000030b8       0x34 ./drivers/fsl_gpio.o
 .text.LPSCI_GetStatusFlags
                0x00000000000030ec       0x26 ./drivers/fsl_lpsci.o
                0x00000000000030ec                LPSCI_GetStatusFlags
 .text.BOARD_InitBootClocks
                0x0000000000003112        0xe ./board/clock_config.o
                0x0000000000003112                BOARD_InitBootClocks
 .text.BOARD_InitBootPeripherals
                0x0000000000003120        0xa ./board/peripherals.o
                0x0000000000003120                BOARD_InitBootPeripherals
 .text.BOARD_InitBootPins
                0x000000000000312a        0xe ./board/pin_mux.o
                0x000000000000312a                BOARD_InitBootPins
 .text.memset   0x0000000000003138       0x10 /usr/local/mcuxpressoide-11.2.0_4120/ide/plugins/com.nxp.mcuxpresso.tools.linux_11.2.0.202001021529/tools/bin/../lib/gcc/arm-none-eabi/9.2.1/../../../../arm-none-eabi/lib/thumb/v6-m/nofp/libc_nano.a(lib_a-memset.o)
                0x0000000000003138                memset
 .text.__sfmoreglue
                0x0000000000003148       0x2c /usr/local/mcuxpressoide-11.2.0_4120/ide/plugins/com.nxp.mcuxpresso.tools.linux_11.2.0.202001021529/tools/bin/../lib/gcc/arm-none-eabi/9.2.1/../../../../arm-none-eabi/lib/thumb/v6-m/nofp/libc_nano.a(lib_a-findfp.o)
                0x0000000000003148                __sfmoreglue
 .text._fwalk_reent
                0x0000000000003174       0x40 /usr/local/mcuxpressoide-11.2.0_4120/ide/plugins/com.nxp.mcuxpresso.tools.linux_11.2.0.202001021529/tools/bin/../lib/gcc/arm-none-eabi/9.2.1/../../../../arm-none-eabi/lib/thumb/v6-m/nofp/libc_nano.a(lib_a-fwalk.o)
                0x0000000000003174                _fwalk_reent
 .text.__retarget_lock_init_recursive
                0x00000000000031b4        0x2 /usr/local/mcuxpressoide-11.2.0_4120/ide/plugins/com.nxp.mcuxpresso.tools.linux_11.2.0.202001021529/tools/bin/../lib/gcc/arm-none-eabi/9.2.1/../../../../arm-none-eabi/lib/thumb/v6-m/nofp/libc_nano.a(lib_a-lock.o)
                0x00000000000031b4                __retarget_lock_init_recursive
 .text.__retarget_lock_acquire_recursive
                0x00000000000031b6        0x2 /usr/local/mcuxpressoide-11.2.0_4120/ide/plugins/com.nxp.mcuxpresso.tools.linux_11.2.0.202001021529/tools/bin/../lib/gcc/arm-none-eabi/9.2.1/../../../../arm-none-eabi/lib/thumb/v6-m/nofp/libc_nano.a(lib_a-lock.o)
                0x00000000000031b6                __retarget_lock_acquire_recursive
 .text.__retarget_lock_release_recursive
                0x00000000000031b8        0x2 /usr/local/mcuxpressoide-11.2.0_4120/ide/plugins/com.nxp.mcuxpresso.tools.linux_11.2.0.202001021529/tools/bin/../lib/gcc/arm-none-eabi/9.2.1/../../../../arm-none-eabi/lib/thumb/v6-m/nofp/libc_nano.a(lib_a-lock.o)
                0x00000000000031b8                __retarget_lock_release_recursive
 .text.__sfputc_r
                0x00000000000031ba       0x2a /usr/local/mcuxpressoide-11.2.0_4120/ide/plugins/com.nxp.mcuxpresso.tools.linux_11.2.0.202001021529/tools/bin/../lib/gcc/arm-none-eabi/9.2.1/../../../../arm-none-eabi/lib/thumb/v6-m/nofp/libc_nano.a(lib_a-nano-vfprintf.o)
 .text.__sfputs_r
                0x00000000000031e4       0x24 /usr/local/mcuxpressoide-11.2.0_4120/ide/plugins/com.nxp.mcuxpresso.tools.linux_11.2.0.202001021529/tools/bin/../lib/gcc/arm-none-eabi/9.2.1/../../../../arm-none-eabi/lib/thumb/v6-m/nofp/libc_nano.a(lib_a-nano-vfprintf.o)
                0x00000000000031e4                __sfputs_r
 .text._printf_common
                0x0000000000003208       0xde /usr/local/mcuxpressoide-11.2.0_4120/ide/plugins/com.nxp.mcuxpresso.tools.linux_11.2.0.202001021529/tools/bin/../lib/gcc/arm-none-eabi/9.2.1/../../../../arm-none-eabi/lib/thumb/v6-m/nofp/libc_nano.a(lib_a-nano-vfprintf_i.o)
                0x0000000000003208                _printf_common
 .text.__sclose
                0x00000000000032e6        0xc /usr/local/mcuxpressoide-11.2.0_4120/ide/plugins/com.nxp.mcuxpresso.tools.linux_11.2.0.202001021529/tools/bin/../lib/gcc/arm-none-eabi/9.2.1/../../../../arm-none-eabi/lib/thumb/v6-m/nofp/libc_nano.a(lib_a-stdio.o)
                0x00000000000032e6                __sclose
 .text.memchr   0x00000000000032f2       0x16 /usr/local/mcuxpressoide-11.2.0_4120/ide/plugins/com.nxp.mcuxpresso.tools.linux_11.2.0.202001021529/tools/bin/../lib/gcc/arm-none-eabi/9.2.1/../../../../arm-none-eabi/lib/thumb/v6-m/nofp/libc_nano.a(lib_a-memchr-stub.o)
                0x00000000000032f2                memchr
 .text.__cxa_pure_virtual
                0x0000000000003308        0x6 /usr/local/mcuxpressoide-11.2.0_4120/ide/plugins/com.nxp.mcuxpresso.tools.linux_11.2.0.202001021529/tools/bin/../lib/gcc/arm-none-eabi/9.2.1/../../../../arm-none-eabi/lib/thumb/v6-m/nofp/libstdc++_nano.a(pure.o)
                0x0000000000003308                __cxa_pure_virtual
 .text._ZN10__cxxabiv111__terminateEPFvvE
                0x000000000000330e        0x8 /usr/local/mcuxpressoide-11.2.0_4120/ide/plugins/com.nxp.mcuxpresso.tools.linux_11.2.0.202001021529/tools/bin/../lib/gcc/arm-none-eabi/9.2.1/../../../../arm-none-eabi/lib/thumb/v6-m/nofp/libstdc++_nano.a(eh_terminate.o)
                0x000000000000330e                __cxxabiv1::__terminate(void (*)())
 .text.abort    0x0000000000003316        0x2 /usr/local/mcuxpressoide-11.2.0_4120/ide/plugins/com.nxp.mcuxpresso.tools.linux_11.2.0.202001021529/tools/bin/../lib/gcc/arm-none-eabi/9.2.1/../../../../arm-none-eabi/lib/thumb/v6-m/nofp/libcr_newlib_nohost.a(cr_abort.o)
                0x0000000000003316                abort
 *(SORT_BY_ALIGNMENT(.rodata) SORT_BY_ALIGNMENT(.rodata.*) SORT_BY_ALIGNMENT(.constdata) SORT_BY_ALIGNMENT(.constdata.*))
 .rodata._ZTV10LedFlasher
                0x0000000000003318        0xc ./source/LedFlasher.o
                0x0000000000003318                vtable for LedFlasher
 .rodata.main.str1.4
                0x0000000000003324        0xe ./source/MKL25Z128xxx4_ProtoThreads.o
 *fill*         0x0000000000003332        0x2 ff
 .rodata._ZTV11Protothread
                0x0000000000003334        0xc ./source/MKL25Z128xxx4_ProtoThreads.o
                0x0000000000003334                vtable for Protothread
 .rodata._ZNK3etl8delegateIFyvEEclEv.str1.4
                0x0000000000003340       0xa4 ./source/SwTimer.o
 .rodata._ZN10UartThread3RunEv.str1.4
                0x00000000000033e4        0x5 ./source/UartThread.o
 *fill*         0x00000000000033e9        0x3 ff
 .rodata._ZTV10UartThread
                0x00000000000033ec        0xc ./source/UartThread.o
                0x00000000000033ec                vtable for UartThread
 .rodata.CLOCK_GetMcgExtClkFreq.str1.4
                0x00000000000033f8       0x19 ./drivers/fsl_clock.o
 *fill*         0x0000000000003411        0x3 ff
 .rodata.CLOCK_GetEr32kClkFreq.str1.4
                0x0000000000003414        0xd ./drivers/fsl_clock.o
 *fill*         0x0000000000003421        0x3 ff
 .rodata.CLOCK_GetFreq
                0x0000000000003424       0x38 ./drivers/fsl_clock.o
 .rodata.CLOCK_GetPll0Freq.str1.4
                0x000000000000345c        0xb ./drivers/fsl_clock.o
 *fill*         0x0000000000003467        0x1 ff
 .rodata.CLOCK_EnablePll0.str1.4
                0x0000000000003468        0x7 ./drivers/fsl_clock.o
 *fill*         0x000000000000346f        0x1 ff
 .rodata.__func__.5317
                0x0000000000003470       0x17 ./drivers/fsl_clock.o
 *fill*         0x0000000000003487        0x1 ff
 .rodata.__func__.5350
                0x0000000000003488       0x17 ./drivers/fsl_clock.o
 *fill*         0x000000000000349f        0x1 ff
 .rodata.__func__.5358
                0x00000000000034a0       0x16 ./drivers/fsl_clock.o
 *fill*         0x00000000000034b6        0x2 ff
 .rodata.fllFactorTable.5423
                0x00000000000034b8       0x10 ./drivers/fsl_clock.o
 .rodata.__func__.5438
                0x00000000000034c8       0x12 ./drivers/fsl_clock.o
 *fill*         0x00000000000034da        0x2 ff
 .rodata.__func__.5478
                0x00000000000034dc       0x11 ./drivers/fsl_clock.o
 *fill*         0x00000000000034ed        0x3 ff
 .rodata.__func__.5615
                0x00000000000034f0       0x11 ./drivers/fsl_clock.o
 *fill*         0x0000000000003501        0x3 ff
 .rodata.__func__.5682
                0x0000000000003504       0x14 ./drivers/fsl_clock.o
 .rodata.__assert_func.str1.4
                0x0000000000003518       0x3e ./drivers/fsl_common.o
 *fill*         0x0000000000003556        0x2 ff
 .rodata.DMA_EnableInterrupts.str1.4
                0x0000000000003558       0x37 ./drivers/fsl_dma.o
 *fill*         0x000000000000358f        0x1 ff
 .rodata.DMA_GetInstance.str1.4
                0x0000000000003590       0x2f ./drivers/fsl_dma.o
 *fill*         0x00000000000035bf        0x1 ff
 .rodata.DMA_CreateHandle.str1.4
                0x00000000000035c0        0xf ./drivers/fsl_dma.o
 *fill*         0x00000000000035cf        0x1 ff
 .rodata.__func__.5582
                0x00000000000035d0        0xe ./drivers/fsl_dma.o
 *fill*         0x00000000000035de        0x2 ff
 .rodata.__func__.5450
                0x00000000000035e0       0x1c ./drivers/fsl_dma.o
 .rodata.GPIO_GetInstance.str1.4
                0x00000000000035fc       0x30 ./drivers/fsl_gpio.o
 .rodata.GPIO_PinInit.str1.4
                0x000000000000362c        0x7 ./drivers/fsl_gpio.o
 .rodata.__func__.5338
                0x000000000000362c        0xd ./drivers/fsl_gpio.o
 *fill*         0x0000000000003639        0x3 ff
 .rodata.LPSCI_GetInstance.str1.4
                0x000000000000363c       0x31 ./drivers/fsl_lpsci.o
 *fill*         0x000000000000366d        0x3 ff
 .rodata.LPSCI_ReadNonBlocking.str1.4
                0x0000000000003670        0x5 ./drivers/fsl_lpsci.o
 *fill*         0x0000000000003675        0x3 ff
 .rodata.LPSCI_Init.str1.4
                0x0000000000003678       0x15 ./drivers/fsl_lpsci.o
                                         0x1d (size before relaxing)
 *fill*         0x000000000000368d        0x3 ff
 .rodata.__func__.5498
                0x0000000000003690       0x12 ./drivers/fsl_lpsci.o
 *fill*         0x00000000000036a2        0x2 ff
 .rodata.__func__.5534
                0x00000000000036a4        0xb ./drivers/fsl_lpsci.o
 *fill*         0x00000000000036af        0x1 ff
 .rodata.__func__.5555
                0x00000000000036b0       0x17 ./drivers/fsl_lpsci.o
 *fill*         0x00000000000036c7        0x1 ff
 .rodata.__func__.5600
                0x00000000000036c8       0x14 ./drivers/fsl_lpsci.o
 .rodata.SPI_GetInstance.str1.4
                0x00000000000036dc       0x2f ./drivers/fsl_spi.o
 *fill*         0x000000000000370b        0x1 ff
 .rodata.SPI0_DriverIRQHandler.str1.4
                0x000000000000370c        0xf ./drivers/fsl_spi.o
 *fill*         0x000000000000371b        0x1 ff
 .rodata.SPI1_DriverIRQHandler.str1.4
                0x000000000000371c        0xf ./drivers/fsl_spi.o
 *fill*         0x000000000000372b        0x1 ff
 .rodata.__func__.5689
                0x000000000000372c       0x16 ./drivers/fsl_spi.o
 *fill*         0x0000000000003742        0x2 ff
 .rodata.__func__.5693
                0x0000000000003744       0x16 ./drivers/fsl_spi.o
 *fill*         0x000000000000375a        0x2 ff
 .rodata.mcgConfig_BOARD_BootClockRUN
                0x000000000000375c        0xa ./board/clock_config.o
                0x000000000000375c                mcgConfig_BOARD_BootClockRUN
 *fill*         0x0000000000003766        0x2 ff
 .rodata.simConfig_BOARD_BootClockRUN
                0x0000000000003768        0x8 ./board/clock_config.o
                0x0000000000003768                simConfig_BOARD_BootClockRUN
 .rodata.oscConfig_BOARD_BootClockRUN
                0x0000000000003770        0x8 ./board/clock_config.o
                0x0000000000003770                oscConfig_BOARD_BootClockRUN
 .rodata.PORT_SetPinConfig.str1.4
                0x0000000000003778       0x16 ./board/pin_mux.o
                                         0x1e (size before relaxing)
 *fill*         0x000000000000378e        0x2 ff
 .rodata.__func__.5343
                0x0000000000003790       0x12 ./board/pin_mux.o
 *fill*         0x00000000000037a2        0x2 ff
 .rodata.__sf_fake_stderr
                0x00000000000037a4       0x20 /usr/local/mcuxpressoide-11.2.0_4120/ide/plugins/com.nxp.mcuxpresso.tools.linux_11.2.0.202001021529/tools/bin/../lib/gcc/arm-none-eabi/9.2.1/../../../../arm-none-eabi/lib/thumb/v6-m/nofp/libc_nano.a(lib_a-findfp.o)
                0x00000000000037a4                __sf_fake_stderr
 .rodata.__sf_fake_stdin
                0x00000000000037c4       0x20 /usr/local/mcuxpressoide-11.2.0_4120/ide/plugins/com.nxp.mcuxpresso.tools.linux_11.2.0.202001021529/tools/bin/../lib/gcc/arm-none-eabi/9.2.1/../../../../arm-none-eabi/lib/thumb/v6-m/nofp/libc_nano.a(lib_a-findfp.o)
                0x00000000000037c4                __sf_fake_stdin
 .rodata.__sf_fake_stdout
                0x00000000000037e4       0x20 /usr/local/mcuxpressoide-11.2.0_4120/ide/plugins/com.nxp.mcuxpresso.tools.linux_11.2.0.202001021529/tools/bin/../lib/gcc/arm-none-eabi/9.2.1/../../../../arm-none-eabi/lib/thumb/v6-m/nofp/libc_nano.a(lib_a-findfp.o)
                0x00000000000037e4                __sf_fake_stdout
 .rodata._global_impure_ptr
                0x0000000000003804        0x4 /usr/local/mcuxpressoide-11.2.0_4120/ide/plugins/com.nxp.mcuxpresso.tools.linux_11.2.0.202001021529/tools/bin/../lib/gcc/arm-none-eabi/9.2.1/../../../../arm-none-eabi/lib/thumb/v6-m/nofp/libc_nano.a(lib_a-impure.o)
                0x0000000000003804                _global_impure_ptr
 .rodata._vfprintf_r.str1.1
                0x0000000000003808       0x11 /usr/local/mcuxpressoide-11.2.0_4120/ide/plugins/com.nxp.mcuxpresso.tools.linux_11.2.0.202001021529/tools/bin/../lib/gcc/arm-none-eabi/9.2.1/../../../../arm-none-eabi/lib/thumb/v6-m/nofp/libc_nano.a(lib_a-nano-vfprintf.o)
 .rodata._printf_i.str1.1
                0x0000000000003819       0x22 /usr/local/mcuxpressoide-11.2.0_4120/ide/plugins/com.nxp.mcuxpresso.tools.linux_11.2.0.202001021529/tools/bin/../lib/gcc/arm-none-eabi/9.2.1/../../../../arm-none-eabi/lib/thumb/v6-m/nofp/libc_nano.a(lib_a-nano-vfprintf_i.o)
                0x000000000000383c                . = ALIGN (0x4)
 *fill*         0x000000000000383b        0x1 ff
                0x000000000000383c                . = ALIGN (0x4)
 *(.init)
 .init          0x000000000000383c        0x4 /usr/local/mcuxpressoide-11.2.0_4120/ide/plugins/com.nxp.mcuxpresso.tools.linux_11.2.0.202001021529/tools/bin/../lib/gcc/arm-none-eabi/9.2.1/thumb/v6-m/nofp/crti.o
                0x000000000000383c                _init
 .init          0x0000000000003840        0x8 /usr/local/mcuxpressoide-11.2.0_4120/ide/plugins/com.nxp.mcuxpresso.tools.linux_11.2.0.202001021529/tools/bin/../lib/gcc/arm-none-eabi/9.2.1/thumb/v6-m/nofp/crtn.o
                0x0000000000003848                . = ALIGN (0x4)
                0x0000000000003848                __preinit_array_start = .
 *(SORT_BY_ALIGNMENT(.preinit_array))
                0x0000000000003848                __preinit_array_end = .
                0x0000000000003848                . = ALIGN (0x4)
                0x0000000000003848                __init_array_start = .
 *(SORT_BY_NAME(SORT_BY_ALIGNMENT(.init_array.*)))
 *(SORT_BY_ALIGNMENT(.init_array))
 .init_array    0x0000000000003848        0x4 ./source/MKL25Z128xxx4_ProtoThreads.o
 .init_array    0x000000000000384c        0x4 /usr/local/mcuxpressoide-11.2.0_4120/ide/plugins/com.nxp.mcuxpresso.tools.linux_11.2.0.202001021529/tools/bin/../lib/gcc/arm-none-eabi/9.2.1/thumb/v6-m/nofp/crtbegin.o
                0x0000000000003850                __init_array_end = .
 *(.fini)
 .fini          0x0000000000003850        0x4 /usr/local/mcuxpressoide-11.2.0_4120/ide/plugins/com.nxp.mcuxpresso.tools.linux_11.2.0.202001021529/tools/bin/../lib/gcc/arm-none-eabi/9.2.1/thumb/v6-m/nofp/crti.o
                0x0000000000003850                _fini
 .fini          0x0000000000003854        0x8 /usr/local/mcuxpressoide-11.2.0_4120/ide/plugins/com.nxp.mcuxpresso.tools.linux_11.2.0.202001021529/tools/bin/../lib/gcc/arm-none-eabi/9.2.1/thumb/v6-m/nofp/crtn.o
                0x000000000000385c                . = ALIGN (0x4)
 *crtbegin.o(SORT_BY_ALIGNMENT(.ctors))
 *(SORT_BY_ALIGNMENT(EXCLUDE_FILE(*crtend.o) .ctors))
 *(SORT_BY_NAME(SORT_BY_ALIGNMENT(.ctors.*)))
 *crtend.o(SORT_BY_ALIGNMENT(.ctors))
                0x000000000000385c                . = ALIGN (0x4)
 *crtbegin.o(SORT_BY_ALIGNMENT(.dtors))
 *(SORT_BY_ALIGNMENT(EXCLUDE_FILE(*crtend.o) .dtors))
 *(SORT_BY_NAME(SORT_BY_ALIGNMENT(.dtors.*)))
 *crtend.o(SORT_BY_ALIGNMENT(.dtors))
                0x000000000000385c                . = ALIGN (0x4)

.glue_7         0x000000000000385c        0x0
 .glue_7        0x000000000000385c        0x0 linker stubs

.glue_7t        0x000000000000385c        0x0
 .glue_7t       0x000000000000385c        0x0 linker stubs

.vfp11_veneer   0x000000000000385c        0x0
 .vfp11_veneer  0x000000000000385c        0x0 linker stubs

.v4_bx          0x000000000000385c        0x0
 .v4_bx         0x000000000000385c        0x0 linker stubs

.iplt           0x000000000000385c        0x0
 .iplt          0x000000000000385c        0x0 ./startup/startup_mkl25z4.o

.rel.dyn        0x000000000000385c        0x0
 .rel.iplt      0x000000000000385c        0x0 ./startup/startup_mkl25z4.o

.eh_frame       0x000000000000385c        0x0
 .eh_frame      0x000000000000385c        0x0 /usr/local/mcuxpressoide-11.2.0_4120/ide/plugins/com.nxp.mcuxpresso.tools.linux_11.2.0.202001021529/tools/bin/../lib/gcc/arm-none-eabi/9.2.1/thumb/v6-m/nofp/crtbegin.o

.ARM.extab
 *(SORT_BY_ALIGNMENT(.ARM.extab*) SORT_BY_ALIGNMENT(.gnu.linkonce.armextab.*))

.ARM.exidx      0x000000000000385c        0x0
                0x000000000000385c                __exidx_start = .
 *(SORT_BY_ALIGNMENT(.ARM.exidx*) SORT_BY_ALIGNMENT(.gnu.linkonce.armexidx.*))
                0x000000000000385c                __exidx_end = .
                0x000000000000385c                _etext = .

.m_usb_data
 *(SORT_BY_ALIGNMENT(m_usb_bdt))

.mtb_buffer_default
                0x000000001ffff000       0x80
 *(SORT_BY_ALIGNMENT(.mtb*))
 .mtb.$RAM1     0x000000001ffff000       0x80 ./source/mtb.o
                0x000000001ffff000                __mtb_buffer__

.uninit_RESERVED
                0x000000001ffff080        0x0
                0x000000001ffff080                _start_uninit_RESERVED = .
 *(SORT_BY_ALIGNMENT(.bss.$RESERVED*))
                0x000000001ffff080                . = ALIGN (0x4)
                0x000000001ffff080                _end_uninit_RESERVED = .

.data           0x000000001ffff080       0x74 load address 0x000000000000385c
 FILL mask 0xff
                0x000000001ffff080                _data = .
                [!provide]                        PROVIDE (__start_data_RAM = .)
                [!provide]                        PROVIDE (__start_data_SRAM = .)
 *(SORT_BY_ALIGNMENT(vtable))
 *(SORT_BY_ALIGNMENT(.ramfunc*))
 *(SORT_BY_ALIGNMENT(CodeQuickAccess))
 *(SORT_BY_ALIGNMENT(DataQuickAccess))
 *(SORT_BY_ALIGNMENT(RamFunction))
 *(SORT_BY_ALIGNMENT(.data*))
 .data.s_slowIrcFreq
                0x000000001ffff080        0x4 ./drivers/fsl_clock.o
 .data.s_fastIrcFreq
                0x000000001ffff084        0x4 ./drivers/fsl_clock.o
 .data.SystemCoreClock
                0x000000001ffff088        0x4 ./CMSIS/system_MKL25Z4.o
                0x000000001ffff088                SystemCoreClock
 .data._impure_ptr
                0x000000001ffff08c        0x4 /usr/local/mcuxpressoide-11.2.0_4120/ide/plugins/com.nxp.mcuxpresso.tools.linux_11.2.0.202001021529/tools/bin/../lib/gcc/arm-none-eabi/9.2.1/../../../../arm-none-eabi/lib/thumb/v6-m/nofp/libc_nano.a(lib_a-impure.o)
                0x000000001ffff08c                _impure_ptr
 .data.impure_data
                0x000000001ffff090       0x60 /usr/local/mcuxpressoide-11.2.0_4120/ide/plugins/com.nxp.mcuxpresso.tools.linux_11.2.0.202001021529/tools/bin/../lib/gcc/arm-none-eabi/9.2.1/../../../../arm-none-eabi/lib/thumb/v6-m/nofp/libc_nano.a(lib_a-impure.o)
 .data._ZN10__cxxabiv119__terminate_handlerE
                0x000000001ffff0f0        0x4 /usr/local/mcuxpressoide-11.2.0_4120/ide/plugins/com.nxp.mcuxpresso.tools.linux_11.2.0.202001021529/tools/bin/../lib/gcc/arm-none-eabi/9.2.1/../../../../arm-none-eabi/lib/thumb/v6-m/nofp/libstdc++_nano.a(eh_term_handler.o)
                0x000000001ffff0f0                __cxxabiv1::__terminate_handler
                0x000000001ffff0f4                . = ALIGN (0x4)
                0x000000001ffff0f4                _edata = .
                [!provide]                        PROVIDE (__end_data_RAM = .)
                [!provide]                        PROVIDE (__end_data_SRAM = .)

.igot.plt       0x000000001ffff0f4        0x0 load address 0x00000000000038d0
 .igot.plt      0x000000001ffff0f4        0x0 ./startup/startup_mkl25z4.o

.bss            0x000000001ffff0f8      0x148
                0x000000001ffff0f8                _bss = .
                [!provide]                        PROVIDE (__start_bss_RAM = .)
                [!provide]                        PROVIDE (__start_bss_SRAM = .)
 *(SORT_BY_ALIGNMENT(.bss*))
 .bss.glTicks   0x000000001ffff0f8        0x8 ./source/MKL25Z128xxx4_ProtoThreads.o
                0x000000001ffff0f8                glTicks
 .bss.swtimer1  0x000000001ffff100       0x18 ./source/MKL25Z128xxx4_ProtoThreads.o
                0x000000001ffff100                swtimer1
 .bss.uartThread
                0x000000001ffff118       0x90 ./source/MKL25Z128xxx4_ProtoThreads.o
                0x000000001ffff118                uartThread
 .bss.ledFlasher
                0x000000001ffff1a8        0xc ./source/MKL25Z128xxx4_ProtoThreads.o
                0x000000001ffff1a8                ledFlasher
 .bss.g_xtal0Freq
                0x000000001ffff1b4        0x4 ./drivers/fsl_clock.o
                0x000000001ffff1b4                g_xtal0Freq
 .bss.g_xtal32Freq
                0x000000001ffff1b8        0x4 ./drivers/fsl_clock.o
                0x000000001ffff1b8                g_xtal32Freq
 .bss.s_DMAHandle
                0x000000001ffff1bc       0x10 ./drivers/fsl_dma.o
 .bss.s_i2cHandle
                0x000000001ffff1cc        0x8 ./drivers/fsl_i2c.o
 .bss.s_i2cMasterIsr
                0x000000001ffff1d4        0x4 ./drivers/fsl_i2c.o
 .bss.s_i2cSlaveIsr
                0x000000001ffff1d8        0x4 ./drivers/fsl_i2c.o
 .bss.s_lpsciHandle
                0x000000001ffff1dc        0x4 ./drivers/fsl_lpsci.o
 .bss.s_lpsciIsr
                0x000000001ffff1e0        0x4 ./drivers/fsl_lpsci.o
 .bss.s_spiHandle
                0x000000001ffff1e4        0x8 ./drivers/fsl_spi.o
 .bss.s_spiMasterIsr
                0x000000001ffff1ec        0x4 ./drivers/fsl_spi.o
 .bss.s_spiSlaveIsr
                0x000000001ffff1f0        0x4 ./drivers/fsl_spi.o
 .bss.s_uartHandle
                0x000000001ffff1f4        0xc ./drivers/fsl_uart.o
 .bss.s_uartIsr
                0x000000001ffff200        0x4 ./drivers/fsl_uart.o
 .bss.__malloc_free_list
                0x000000001ffff204        0x4 /usr/local/mcuxpressoide-11.2.0_4120/ide/plugins/com.nxp.mcuxpresso.tools.linux_11.2.0.202001021529/tools/bin/../lib/gcc/arm-none-eabi/9.2.1/../../../../arm-none-eabi/lib/thumb/v6-m/nofp/libc_nano.a(lib_a-nano-mallocr.o)
                0x000000001ffff204                __malloc_free_list
 .bss.__malloc_sbrk_start
                0x000000001ffff208        0x4 /usr/local/mcuxpressoide-11.2.0_4120/ide/plugins/com.nxp.mcuxpresso.tools.linux_11.2.0.202001021529/tools/bin/../lib/gcc/arm-none-eabi/9.2.1/../../../../arm-none-eabi/lib/thumb/v6-m/nofp/libc_nano.a(lib_a-nano-mallocr.o)
                0x000000001ffff208                __malloc_sbrk_start
 .bss.__end_of_heap
                0x000000001ffff20c        0x4 /usr/local/mcuxpressoide-11.2.0_4120/ide/plugins/com.nxp.mcuxpresso.tools.linux_11.2.0.202001021529/tools/bin/../lib/gcc/arm-none-eabi/9.2.1/../../../../arm-none-eabi/lib/thumb/v6-m/nofp/libcr_newlib_nohost.a(_cr_sbrk.o)
                0x000000001ffff20c                __end_of_heap
 .bss           0x000000001ffff210       0x1c /usr/local/mcuxpressoide-11.2.0_4120/ide/plugins/com.nxp.mcuxpresso.tools.linux_11.2.0.202001021529/tools/bin/../lib/gcc/arm-none-eabi/9.2.1/thumb/v6-m/nofp/crtbegin.o
 .bss.newCharFlag
                0x000000001ffff22c        0x1 ./source/MKL25Z128xxx4_ProtoThreads.o
                0x000000001ffff22c                newCharFlag
 .bss.newChar   0x000000001ffff22d        0x1 ./source/MKL25Z128xxx4_ProtoThreads.o
                0x000000001ffff22d                newChar
 *(SORT_BY_ALIGNMENT(COMMON))
 *fill*         0x000000001ffff22e        0x2 
 COMMON         0x000000001ffff230        0x4 /usr/local/mcuxpressoide-11.2.0_4120/ide/plugins/com.nxp.mcuxpresso.tools.linux_11.2.0.202001021529/tools/bin/../lib/gcc/arm-none-eabi/9.2.1/../../../../arm-none-eabi/lib/thumb/v6-m/nofp/libc_nano.a(lib_a-reent.o)
                0x000000001ffff230                errno
 COMMON         0x000000001ffff234        0x9 /usr/local/mcuxpressoide-11.2.0_4120/ide/plugins/com.nxp.mcuxpresso.tools.linux_11.2.0.202001021529/tools/bin/../lib/gcc/arm-none-eabi/9.2.1/../../../../arm-none-eabi/lib/thumb/v6-m/nofp/libc_nano.a(lib_a-lock.o)
                0x000000001ffff234                __lock___atexit_recursive_mutex
                0x000000001ffff235                __lock___arc4random_mutex
                0x000000001ffff236                __lock___env_recursive_mutex
                0x000000001ffff237                __lock___sinit_recursive_mutex
                0x000000001ffff238                __lock___malloc_recursive_mutex
                0x000000001ffff239                __lock___at_quick_exit_mutex
                0x000000001ffff23a                __lock___dd_hash_mutex
                0x000000001ffff23b                __lock___tz_mutex
                0x000000001ffff23c                __lock___sfp_recursive_mutex
                0x000000001ffff240                . = ALIGN (0x4)
 *fill*         0x000000001ffff23d        0x3 
                0x000000001ffff240                _ebss = .
                [!provide]                        PROVIDE (__end_bss_RAM = .)
                [!provide]                        PROVIDE (__end_bss_SRAM = .)
                [!provide]                        PROVIDE (end = .)

.noinit         0x000000001ffff240        0x0
                0x000000001ffff240                _noinit = .
                [!provide]                        PROVIDE (__start_noinit_RAM = .)
                [!provide]                        PROVIDE (__start_noinit_SRAM = .)
 *(SORT_BY_ALIGNMENT(.noinit*))
                0x000000001ffff240                . = ALIGN (0x4)
                0x000000001ffff240                _end_noinit = .
                [!provide]                        PROVIDE (__end_noinit_RAM = .)
                [!provide]                        PROVIDE (__end_noinit_SRAM = .)
                0x0000000000000400                _HeapSize = 0x400

.heap           0x000000001ffff240      0x400
                0x000000001ffff240                _pvHeapStart = .
                0x000000001ffff640                . = (. + _HeapSize)
 *fill*         0x000000001ffff240      0x400 
                0x000000001ffff640                . = ALIGN (0x4)
                0x000000001ffff640                _pvHeapLimit = .
                0x0000000000000400                _StackSize = 0x400

.heap2stackfill
                0x000000001ffff640      0x400
                0x000000001ffffa40                . = (. + _StackSize)
 *fill*         0x000000001ffff640      0x400 

.stack          0x0000000020002c00        0x0
                0x0000000020002c00                _vStackBase = .
                0x0000000020002c00                . = ALIGN (0x4)
                0x0000000020003000                _vStackTop = (. + _StackSize)
                0x0000000000000000                _image_start = LOADADDR (.text)
                0x00000000000038d0                _image_end = (LOADADDR (.data) + SIZEOF (.data))
                0x00000000000038d0                _image_size = (_image_end - _image_start)
OUTPUT(MKL25Z128xxx4_ProtoThreads.axf elf32-littlearm)

.debug_info     0x0000000000000000    0x23a0a
 .debug_info    0x0000000000000000      0x4e2 ./startup/startup_mkl25z4.o
 .debug_info    0x00000000000004e2     0x3a4f ./source/LedFlasher.o
 .debug_info    0x0000000000003f31     0x496b ./source/MKL25Z128xxx4_ProtoThreads.o
 .debug_info    0x000000000000889c     0x37ed ./source/SwTimer.o
 .debug_info    0x000000000000c089     0x3a18 ./source/UartThread.o
 .debug_info    0x000000000000faa1       0x53 ./source/mtb.o
 .debug_info    0x000000000000faf4       0x3c ./source/semihost_hardfault.o
 .debug_info    0x000000000000fb30     0x2414 ./drivers/fsl_clock.o
 .debug_info    0x0000000000011f44      0xce1 ./drivers/fsl_common.o
 .debug_info    0x0000000000012c25     0x1976 ./drivers/fsl_dma.o
 .debug_info    0x000000000001459b      0xe37 ./drivers/fsl_gpio.o
 .debug_info    0x00000000000153d2     0x2510 ./drivers/fsl_i2c.o
 .debug_info    0x00000000000178e2     0x1f30 ./drivers/fsl_lpsci.o
 .debug_info    0x0000000000019812     0x1e3a ./drivers/fsl_spi.o
 .debug_info    0x000000000001b64c     0x1ead ./drivers/fsl_uart.o
 .debug_info    0x000000000001d4f9     0x1387 ./board/clock_config.o
 .debug_info    0x000000000001e880       0x3c ./board/peripherals.o
 .debug_info    0x000000000001e8bc     0x10a5 ./board/pin_mux.o
 .debug_info    0x000000000001f961      0x425 ./CMSIS/system_MKL25Z4.o
 .debug_info    0x000000000001fd86      0x9f8 /usr/local/mcuxpressoide-11.2.0_4120/ide/plugins/com.nxp.mcuxpresso.tools.linux_11.2.0.202001021529/tools/bin/../lib/gcc/arm-none-eabi/9.2.1/../../../../arm-none-eabi/lib/thumb/v6-m/nofp/libcr_newlib_nohost.a(_cr_sbrk.o)
 .debug_info    0x000000000002077e      0x979 /usr/local/mcuxpressoide-11.2.0_4120/ide/plugins/com.nxp.mcuxpresso.tools.linux_11.2.0.202001021529/tools/bin/../lib/gcc/arm-none-eabi/9.2.1/../../../../arm-none-eabi/lib/thumb/v6-m/nofp/libcr_newlib_nohost.a(close.o)
 .debug_info    0x00000000000210f7       0x38 /usr/local/mcuxpressoide-11.2.0_4120/ide/plugins/com.nxp.mcuxpresso.tools.linux_11.2.0.202001021529/tools/bin/../lib/gcc/arm-none-eabi/9.2.1/../../../../arm-none-eabi/lib/thumb/v6-m/nofp/libcr_newlib_nohost.a(cr_abort.o)
 .debug_info    0x000000000002112f      0xbbb /usr/local/mcuxpressoide-11.2.0_4120/ide/plugins/com.nxp.mcuxpresso.tools.linux_11.2.0.202001021529/tools/bin/../lib/gcc/arm-none-eabi/9.2.1/../../../../arm-none-eabi/lib/thumb/v6-m/nofp/libcr_newlib_nohost.a(fstat.o)
 .debug_info    0x0000000000021cea      0x979 /usr/local/mcuxpressoide-11.2.0_4120/ide/plugins/com.nxp.mcuxpresso.tools.linux_11.2.0.202001021529/tools/bin/../lib/gcc/arm-none-eabi/9.2.1/../../../../arm-none-eabi/lib/thumb/v6-m/nofp/libcr_newlib_nohost.a(isatty.o)
 .debug_info    0x0000000000022663      0x99b /usr/local/mcuxpressoide-11.2.0_4120/ide/plugins/com.nxp.mcuxpresso.tools.linux_11.2.0.202001021529/tools/bin/../lib/gcc/arm-none-eabi/9.2.1/../../../../arm-none-eabi/lib/thumb/v6-m/nofp/libcr_newlib_nohost.a(lseek.o)
 .debug_info    0x0000000000022ffe      0x99b /usr/local/mcuxpressoide-11.2.0_4120/ide/plugins/com.nxp.mcuxpresso.tools.linux_11.2.0.202001021529/tools/bin/../lib/gcc/arm-none-eabi/9.2.1/../../../../arm-none-eabi/lib/thumb/v6-m/nofp/libcr_newlib_nohost.a(read.o)
 .debug_info    0x0000000000023999       0x71 /usr/local/mcuxpressoide-11.2.0_4120/ide/plugins/com.nxp.mcuxpresso.tools.linux_11.2.0.202001021529/tools/bin/../lib/gcc/arm-none-eabi/9.2.1/../../../../arm-none-eabi/lib/thumb/v6-m/nofp/libcr_newlib_nohost.a(_cr_check_heap.o)

.debug_abbrev   0x0000000000000000     0x4840
 .debug_abbrev  0x0000000000000000      0x183 ./startup/startup_mkl25z4.o
 .debug_abbrev  0x0000000000000183      0x550 ./source/LedFlasher.o
 .debug_abbrev  0x00000000000006d3      0x770 ./source/MKL25Z128xxx4_ProtoThreads.o
 .debug_abbrev  0x0000000000000e43      0x490 ./source/SwTimer.o
 .debug_abbrev  0x00000000000012d3      0x52d ./source/UartThread.o
 .debug_abbrev  0x0000000000001800       0x46 ./source/mtb.o
 .debug_abbrev  0x0000000000001846       0x31 ./source/semihost_hardfault.o
 .debug_abbrev  0x0000000000001877      0x40a ./drivers/fsl_clock.o
 .debug_abbrev  0x0000000000001c81      0x333 ./drivers/fsl_common.o
 .debug_abbrev  0x0000000000001fb4      0x379 ./drivers/fsl_dma.o
 .debug_abbrev  0x000000000000232d      0x25c ./drivers/fsl_gpio.o
 .debug_abbrev  0x0000000000002589      0x3fb ./drivers/fsl_i2c.o
 .debug_abbrev  0x0000000000002984      0x396 ./drivers/fsl_lpsci.o
 .debug_abbrev  0x0000000000002d1a      0x396 ./drivers/fsl_spi.o
 .debug_abbrev  0x00000000000030b0      0x3b0 ./drivers/fsl_uart.o
 .debug_abbrev  0x0000000000003460      0x2b9 ./board/clock_config.o
 .debug_abbrev  0x0000000000003719       0x31 ./board/peripherals.o
 .debug_abbrev  0x000000000000374a      0x2f6 ./board/pin_mux.o
 .debug_abbrev  0x0000000000003a40      0x12e ./CMSIS/system_MKL25Z4.o
 .debug_abbrev  0x0000000000003b6e      0x24a /usr/local/mcuxpressoide-11.2.0_4120/ide/plugins/com.nxp.mcuxpresso.tools.linux_11.2.0.202001021529/tools/bin/../lib/gcc/arm-none-eabi/9.2.1/../../../../arm-none-eabi/lib/thumb/v6-m/nofp/libcr_newlib_nohost.a(_cr_sbrk.o)
 .debug_abbrev  0x0000000000003db8      0x1ea /usr/local/mcuxpressoide-11.2.0_4120/ide/plugins/com.nxp.mcuxpresso.tools.linux_11.2.0.202001021529/tools/bin/../lib/gcc/arm-none-eabi/9.2.1/../../../../arm-none-eabi/lib/thumb/v6-m/nofp/libcr_newlib_nohost.a(close.o)
 .debug_abbrev  0x0000000000003fa2       0x2e /usr/local/mcuxpressoide-11.2.0_4120/ide/plugins/com.nxp.mcuxpresso.tools.linux_11.2.0.202001021529/tools/bin/../lib/gcc/arm-none-eabi/9.2.1/../../../../arm-none-eabi/lib/thumb/v6-m/nofp/libcr_newlib_nohost.a(cr_abort.o)
 .debug_abbrev  0x0000000000003fd0      0x1fd /usr/local/mcuxpressoide-11.2.0_4120/ide/plugins/com.nxp.mcuxpresso.tools.linux_11.2.0.202001021529/tools/bin/../lib/gcc/arm-none-eabi/9.2.1/../../../../arm-none-eabi/lib/thumb/v6-m/nofp/libcr_newlib_nohost.a(fstat.o)
 .debug_abbrev  0x00000000000041cd      0x1ea /usr/local/mcuxpressoide-11.2.0_4120/ide/plugins/com.nxp.mcuxpresso.tools.linux_11.2.0.202001021529/tools/bin/../lib/gcc/arm-none-eabi/9.2.1/../../../../arm-none-eabi/lib/thumb/v6-m/nofp/libcr_newlib_nohost.a(isatty.o)
 .debug_abbrev  0x00000000000043b7      0x20f /usr/local/mcuxpressoide-11.2.0_4120/ide/plugins/com.nxp.mcuxpresso.tools.linux_11.2.0.202001021529/tools/bin/../lib/gcc/arm-none-eabi/9.2.1/../../../../arm-none-eabi/lib/thumb/v6-m/nofp/libcr_newlib_nohost.a(lseek.o)
 .debug_abbrev  0x00000000000045c6      0x20f /usr/local/mcuxpressoide-11.2.0_4120/ide/plugins/com.nxp.mcuxpresso.tools.linux_11.2.0.202001021529/tools/bin/../lib/gcc/arm-none-eabi/9.2.1/../../../../arm-none-eabi/lib/thumb/v6-m/nofp/libcr_newlib_nohost.a(read.o)
 .debug_abbrev  0x00000000000047d5       0x6b /usr/local/mcuxpressoide-11.2.0_4120/ide/plugins/com.nxp.mcuxpresso.tools.linux_11.2.0.202001021529/tools/bin/../lib/gcc/arm-none-eabi/9.2.1/../../../../arm-none-eabi/lib/thumb/v6-m/nofp/libcr_newlib_nohost.a(_cr_check_heap.o)

.debug_aranges  0x0000000000000000      0xcf0
 .debug_aranges
                0x0000000000000000      0x160 ./startup/startup_mkl25z4.o
 .debug_aranges
                0x0000000000000160       0x30 ./source/LedFlasher.o
 .debug_aranges
                0x0000000000000190       0xc8 ./source/MKL25Z128xxx4_ProtoThreads.o
 .debug_aranges
                0x0000000000000258       0x40 ./source/SwTimer.o
 .debug_aranges
                0x0000000000000298       0x30 ./source/UartThread.o
 .debug_aranges
                0x00000000000002c8       0x18 ./source/mtb.o
 .debug_aranges
                0x00000000000002e0       0x20 ./source/semihost_hardfault.o
 .debug_aranges
                0x0000000000000300      0x1d8 ./drivers/fsl_clock.o
 .debug_aranges
                0x00000000000004d8       0x38 ./drivers/fsl_common.o
 .debug_aranges
                0x0000000000000510       0xd0 ./drivers/fsl_dma.o
 .debug_aranges
                0x00000000000005e0       0x40 ./drivers/fsl_gpio.o
 .debug_aranges
                0x0000000000000620      0x178 ./drivers/fsl_i2c.o
 .debug_aranges
                0x0000000000000798      0x118 ./drivers/fsl_lpsci.o
 .debug_aranges
                0x00000000000008b0      0x130 ./drivers/fsl_spi.o
 .debug_aranges
                0x00000000000009e0      0x130 ./drivers/fsl_uart.o
 .debug_aranges
                0x0000000000000b10       0x58 ./board/clock_config.o
 .debug_aranges
                0x0000000000000b68       0x20 ./board/peripherals.o
 .debug_aranges
                0x0000000000000b88       0x40 ./board/pin_mux.o
 .debug_aranges
                0x0000000000000bc8       0x28 ./CMSIS/system_MKL25Z4.o
 .debug_aranges
                0x0000000000000bf0       0x20 /usr/local/mcuxpressoide-11.2.0_4120/ide/plugins/com.nxp.mcuxpresso.tools.linux_11.2.0.202001021529/tools/bin/../lib/gcc/arm-none-eabi/9.2.1/../../../../arm-none-eabi/lib/thumb/v6-m/nofp/libcr_newlib_nohost.a(_cr_sbrk.o)
 .debug_aranges
                0x0000000000000c10       0x20 /usr/local/mcuxpressoide-11.2.0_4120/ide/plugins/com.nxp.mcuxpresso.tools.linux_11.2.0.202001021529/tools/bin/../lib/gcc/arm-none-eabi/9.2.1/../../../../arm-none-eabi/lib/thumb/v6-m/nofp/libcr_newlib_nohost.a(close.o)
 .debug_aranges
                0x0000000000000c30       0x20 /usr/local/mcuxpressoide-11.2.0_4120/ide/plugins/com.nxp.mcuxpresso.tools.linux_11.2.0.202001021529/tools/bin/../lib/gcc/arm-none-eabi/9.2.1/../../../../arm-none-eabi/lib/thumb/v6-m/nofp/libcr_newlib_nohost.a(cr_abort.o)
 .debug_aranges
                0x0000000000000c50       0x20 /usr/local/mcuxpressoide-11.2.0_4120/ide/plugins/com.nxp.mcuxpresso.tools.linux_11.2.0.202001021529/tools/bin/../lib/gcc/arm-none-eabi/9.2.1/../../../../arm-none-eabi/lib/thumb/v6-m/nofp/libcr_newlib_nohost.a(fstat.o)
 .debug_aranges
                0x0000000000000c70       0x20 /usr/local/mcuxpressoide-11.2.0_4120/ide/plugins/com.nxp.mcuxpresso.tools.linux_11.2.0.202001021529/tools/bin/../lib/gcc/arm-none-eabi/9.2.1/../../../../arm-none-eabi/lib/thumb/v6-m/nofp/libcr_newlib_nohost.a(isatty.o)
 .debug_aranges
                0x0000000000000c90       0x20 /usr/local/mcuxpressoide-11.2.0_4120/ide/plugins/com.nxp.mcuxpresso.tools.linux_11.2.0.202001021529/tools/bin/../lib/gcc/arm-none-eabi/9.2.1/../../../../arm-none-eabi/lib/thumb/v6-m/nofp/libcr_newlib_nohost.a(lseek.o)
 .debug_aranges
                0x0000000000000cb0       0x20 /usr/local/mcuxpressoide-11.2.0_4120/ide/plugins/com.nxp.mcuxpresso.tools.linux_11.2.0.202001021529/tools/bin/../lib/gcc/arm-none-eabi/9.2.1/../../../../arm-none-eabi/lib/thumb/v6-m/nofp/libcr_newlib_nohost.a(read.o)
 .debug_aranges
                0x0000000000000cd0       0x20 /usr/local/mcuxpressoide-11.2.0_4120/ide/plugins/com.nxp.mcuxpresso.tools.linux_11.2.0.202001021529/tools/bin/../lib/gcc/arm-none-eabi/9.2.1/../../../../arm-none-eabi/lib/thumb/v6-m/nofp/libcr_newlib_nohost.a(_cr_check_heap.o)

.debug_ranges   0x0000000000000000      0xb38
 .debug_ranges  0x0000000000000000      0x150 ./startup/startup_mkl25z4.o
 .debug_ranges  0x0000000000000150       0x20 ./source/LedFlasher.o
 .debug_ranges  0x0000000000000170       0xb8 ./source/MKL25Z128xxx4_ProtoThreads.o
 .debug_ranges  0x0000000000000228       0x30 ./source/SwTimer.o
 .debug_ranges  0x0000000000000258       0x20 ./source/UartThread.o
 .debug_ranges  0x0000000000000278       0x10 ./source/semihost_hardfault.o
 .debug_ranges  0x0000000000000288      0x1c8 ./drivers/fsl_clock.o
 .debug_ranges  0x0000000000000450       0x28 ./drivers/fsl_common.o
 .debug_ranges  0x0000000000000478       0xc0 ./drivers/fsl_dma.o
 .debug_ranges  0x0000000000000538       0x30 ./drivers/fsl_gpio.o
 .debug_ranges  0x0000000000000568      0x168 ./drivers/fsl_i2c.o
 .debug_ranges  0x00000000000006d0      0x108 ./drivers/fsl_lpsci.o
 .debug_ranges  0x00000000000007d8      0x120 ./drivers/fsl_spi.o
 .debug_ranges  0x00000000000008f8      0x120 ./drivers/fsl_uart.o
 .debug_ranges  0x0000000000000a18       0x48 ./board/clock_config.o
 .debug_ranges  0x0000000000000a60       0x10 ./board/peripherals.o
 .debug_ranges  0x0000000000000a70       0x30 ./board/pin_mux.o
 .debug_ranges  0x0000000000000aa0       0x18 ./CMSIS/system_MKL25Z4.o
 .debug_ranges  0x0000000000000ab8       0x10 /usr/local/mcuxpressoide-11.2.0_4120/ide/plugins/com.nxp.mcuxpresso.tools.linux_11.2.0.202001021529/tools/bin/../lib/gcc/arm-none-eabi/9.2.1/../../../../arm-none-eabi/lib/thumb/v6-m/nofp/libcr_newlib_nohost.a(_cr_sbrk.o)
 .debug_ranges  0x0000000000000ac8       0x10 /usr/local/mcuxpressoide-11.2.0_4120/ide/plugins/com.nxp.mcuxpresso.tools.linux_11.2.0.202001021529/tools/bin/../lib/gcc/arm-none-eabi/9.2.1/../../../../arm-none-eabi/lib/thumb/v6-m/nofp/libcr_newlib_nohost.a(close.o)
 .debug_ranges  0x0000000000000ad8       0x10 /usr/local/mcuxpressoide-11.2.0_4120/ide/plugins/com.nxp.mcuxpresso.tools.linux_11.2.0.202001021529/tools/bin/../lib/gcc/arm-none-eabi/9.2.1/../../../../arm-none-eabi/lib/thumb/v6-m/nofp/libcr_newlib_nohost.a(cr_abort.o)
 .debug_ranges  0x0000000000000ae8       0x10 /usr/local/mcuxpressoide-11.2.0_4120/ide/plugins/com.nxp.mcuxpresso.tools.linux_11.2.0.202001021529/tools/bin/../lib/gcc/arm-none-eabi/9.2.1/../../../../arm-none-eabi/lib/thumb/v6-m/nofp/libcr_newlib_nohost.a(fstat.o)
 .debug_ranges  0x0000000000000af8       0x10 /usr/local/mcuxpressoide-11.2.0_4120/ide/plugins/com.nxp.mcuxpresso.tools.linux_11.2.0.202001021529/tools/bin/../lib/gcc/arm-none-eabi/9.2.1/../../../../arm-none-eabi/lib/thumb/v6-m/nofp/libcr_newlib_nohost.a(isatty.o)
 .debug_ranges  0x0000000000000b08       0x10 /usr/local/mcuxpressoide-11.2.0_4120/ide/plugins/com.nxp.mcuxpresso.tools.linux_11.2.0.202001021529/tools/bin/../lib/gcc/arm-none-eabi/9.2.1/../../../../arm-none-eabi/lib/thumb/v6-m/nofp/libcr_newlib_nohost.a(lseek.o)
 .debug_ranges  0x0000000000000b18       0x10 /usr/local/mcuxpressoide-11.2.0_4120/ide/plugins/com.nxp.mcuxpresso.tools.linux_11.2.0.202001021529/tools/bin/../lib/gcc/arm-none-eabi/9.2.1/../../../../arm-none-eabi/lib/thumb/v6-m/nofp/libcr_newlib_nohost.a(read.o)
 .debug_ranges  0x0000000000000b28       0x10 /usr/local/mcuxpressoide-11.2.0_4120/ide/plugins/com.nxp.mcuxpresso.tools.linux_11.2.0.202001021529/tools/bin/../lib/gcc/arm-none-eabi/9.2.1/../../../../arm-none-eabi/lib/thumb/v6-m/nofp/libcr_newlib_nohost.a(_cr_check_heap.o)

.debug_macro    0x0000000000000000     0x5034
 .debug_macro   0x0000000000000000       0x2a ./startup/startup_mkl25z4.o
 .debug_macro   0x000000000000002a      0xb86 ./startup/startup_mkl25z4.o
 .debug_macro   0x0000000000000bb0      0x38a ./source/LedFlasher.o
 .debug_macro   0x0000000000000f3a       0x47 ./source/LedFlasher.o
 .debug_macro   0x0000000000000f81      0x34e ./source/LedFlasher.o
 .debug_macro   0x00000000000012cf       0x51 ./source/LedFlasher.o
 .debug_macro   0x0000000000001320      0x17b ./source/LedFlasher.o
 .debug_macro   0x000000000000149b      0x35c ./source/LedFlasher.o
 .debug_macro   0x00000000000017f7       0x7c ./source/LedFlasher.o
 .debug_macro   0x0000000000001873       0x17 ./source/LedFlasher.o
 .debug_macro   0x000000000000188a       0xee ./source/LedFlasher.o
 .debug_macro   0x0000000000001978       0x22 ./source/LedFlasher.o
 .debug_macro   0x000000000000199a       0x34 ./source/LedFlasher.o
 .debug_macro   0x00000000000019ce       0x28 ./source/LedFlasher.o
 .debug_macro   0x00000000000019f6       0x10 ./source/LedFlasher.o
 .debug_macro   0x0000000000001a06      0x17c ./source/LedFlasher.o
 .debug_macro   0x0000000000001b82       0x10 ./source/LedFlasher.o
 .debug_macro   0x0000000000001b92      0x3fb ./source/LedFlasher.o
 .debug_macro   0x0000000000001f8d       0x18 ./source/LedFlasher.o
 .debug_macro   0x0000000000001fa5       0x34 ./source/LedFlasher.o
 .debug_macro   0x0000000000001fd9       0x43 ./source/LedFlasher.o
 .debug_macro   0x000000000000201c      0x1da ./source/LedFlasher.o
 .debug_macro   0x00000000000021f6       0x10 ./source/LedFlasher.o
 .debug_macro   0x0000000000002206       0x35 ./source/LedFlasher.o
 .debug_macro   0x000000000000223b       0x10 ./source/LedFlasher.o
 .debug_macro   0x000000000000224b      0x3c7 ./source/LedFlasher.o
 .debug_macro   0x0000000000002612       0x28 ./source/LedFlasher.o
 .debug_macro   0x000000000000263a       0x16 ./source/LedFlasher.o
 .debug_macro   0x0000000000002650       0x94 ./source/LedFlasher.o
 .debug_macro   0x00000000000026e4       0x16 ./source/LedFlasher.o
 .debug_macro   0x00000000000026fa       0x16 ./source/LedFlasher.o
 .debug_macro   0x0000000000002710       0x28 ./source/LedFlasher.o
 .debug_macro   0x0000000000002738       0x20 ./source/LedFlasher.o
 .debug_macro   0x0000000000002758       0x10 ./source/LedFlasher.o
 .debug_macro   0x0000000000002768       0x17 ./source/LedFlasher.o
 .debug_macro   0x000000000000277f       0x10 ./source/LedFlasher.o
 .debug_macro   0x000000000000278f       0x16 ./source/LedFlasher.o
 .debug_macro   0x00000000000027a5      0x329 ./source/LedFlasher.o
 .debug_macro   0x0000000000002ace       0x40 ./source/LedFlasher.o
 .debug_macro   0x0000000000002b0e      0x4b7 ./source/MKL25Z128xxx4_ProtoThreads.o
 .debug_macro   0x0000000000002fc5       0x16 ./source/MKL25Z128xxx4_ProtoThreads.o
 .debug_macro   0x0000000000002fdb       0x97 ./source/MKL25Z128xxx4_ProtoThreads.o
 .debug_macro   0x0000000000003072      0x104 ./source/MKL25Z128xxx4_ProtoThreads.o
 .debug_macro   0x0000000000003176       0x10 ./source/MKL25Z128xxx4_ProtoThreads.o
 .debug_macro   0x0000000000003186      0x137 ./source/MKL25Z128xxx4_ProtoThreads.o
 .debug_macro   0x00000000000032bd       0x16 ./source/MKL25Z128xxx4_ProtoThreads.o
 .debug_macro   0x00000000000032d3       0x10 ./source/MKL25Z128xxx4_ProtoThreads.o
 .debug_macro   0x00000000000032e3      0x112 ./source/MKL25Z128xxx4_ProtoThreads.o
 .debug_macro   0x00000000000033f5       0x3a ./source/MKL25Z128xxx4_ProtoThreads.o
 .debug_macro   0x000000000000342f      0x297 ./source/SwTimer.o
 .debug_macro   0x00000000000036c6      0x44e ./source/UartThread.o
 .debug_macro   0x0000000000003b14       0x10 ./source/UartThread.o
 .debug_macro   0x0000000000003b24       0x2f ./source/mtb.o
 .debug_macro   0x0000000000003b53       0x82 ./source/mtb.o
 .debug_macro   0x0000000000003bd5       0x10 ./source/mtb.o
 .debug_macro   0x0000000000003be5       0x11 ./source/semihost_hardfault.o
 .debug_macro   0x0000000000003bf6      0x26a ./drivers/fsl_clock.o
 .debug_macro   0x0000000000003e60      0x288 ./drivers/fsl_common.o
 .debug_macro   0x00000000000040e8      0x1c0 ./drivers/fsl_dma.o
 .debug_macro   0x00000000000042a8      0x1c0 ./drivers/fsl_gpio.o
 .debug_macro   0x0000000000004468      0x1bf ./drivers/fsl_i2c.o
 .debug_macro   0x0000000000004627       0x10 ./drivers/fsl_i2c.o
 .debug_macro   0x0000000000004637      0x1c0 ./drivers/fsl_lpsci.o
 .debug_macro   0x00000000000047f7      0x1bf ./drivers/fsl_spi.o
 .debug_macro   0x00000000000049b6       0x10 ./drivers/fsl_spi.o
 .debug_macro   0x00000000000049c6      0x1c6 ./drivers/fsl_uart.o
 .debug_macro   0x0000000000004b8c      0x1f7 ./board/clock_config.o
 .debug_macro   0x0000000000004d83       0x1b ./board/peripherals.o
 .debug_macro   0x0000000000004d9e      0x1cb ./board/pin_mux.o
 .debug_macro   0x0000000000004f69       0x10 ./board/pin_mux.o
 .debug_macro   0x0000000000004f79       0xbb ./CMSIS/system_MKL25Z4.o

.debug_line     0x0000000000000000     0xbbc7
 .debug_line    0x0000000000000000      0x1ff ./startup/startup_mkl25z4.o
 .debug_line    0x00000000000001ff      0xaba ./source/LedFlasher.o
 .debug_line    0x0000000000000cb9      0xedf ./source/MKL25Z128xxx4_ProtoThreads.o
 .debug_line    0x0000000000001b98      0x98b ./source/SwTimer.o
 .debug_line    0x0000000000002523      0xc10 ./source/UartThread.o
 .debug_line    0x0000000000003133       0xda ./source/mtb.o
 .debug_line    0x000000000000320d       0x5a ./source/semihost_hardfault.o
 .debug_line    0x0000000000003267     0x1531 ./drivers/fsl_clock.o
 .debug_line    0x0000000000004798      0x67f ./drivers/fsl_common.o
 .debug_line    0x0000000000004e17      0x990 ./drivers/fsl_dma.o
 .debug_line    0x00000000000057a7      0x5c3 ./drivers/fsl_gpio.o
 .debug_line    0x0000000000005d6a     0x14e8 ./drivers/fsl_i2c.o
 .debug_line    0x0000000000007252      0xfa9 ./drivers/fsl_lpsci.o
 .debug_line    0x00000000000081fb      0xd2c ./drivers/fsl_spi.o
 .debug_line    0x0000000000008f27      0xf97 ./drivers/fsl_uart.o
 .debug_line    0x0000000000009ebe      0x5eb ./board/clock_config.o
 .debug_line    0x000000000000a4a9       0x5c ./board/peripherals.o
 .debug_line    0x000000000000a505      0x5c2 ./board/pin_mux.o
 .debug_line    0x000000000000aac7      0x486 ./CMSIS/system_MKL25Z4.o
 .debug_line    0x000000000000af4d      0x201 /usr/local/mcuxpressoide-11.2.0_4120/ide/plugins/com.nxp.mcuxpresso.tools.linux_11.2.0.202001021529/tools/bin/../lib/gcc/arm-none-eabi/9.2.1/../../../../arm-none-eabi/lib/thumb/v6-m/nofp/libcr_newlib_nohost.a(_cr_sbrk.o)
 .debug_line    0x000000000000b14e      0x1af /usr/local/mcuxpressoide-11.2.0_4120/ide/plugins/com.nxp.mcuxpresso.tools.linux_11.2.0.202001021529/tools/bin/../lib/gcc/arm-none-eabi/9.2.1/../../../../arm-none-eabi/lib/thumb/v6-m/nofp/libcr_newlib_nohost.a(close.o)
 .debug_line    0x000000000000b2fd       0x56 /usr/local/mcuxpressoide-11.2.0_4120/ide/plugins/com.nxp.mcuxpresso.tools.linux_11.2.0.202001021529/tools/bin/../lib/gcc/arm-none-eabi/9.2.1/../../../../arm-none-eabi/lib/thumb/v6-m/nofp/libcr_newlib_nohost.a(cr_abort.o)
 .debug_line    0x000000000000b353      0x302 /usr/local/mcuxpressoide-11.2.0_4120/ide/plugins/com.nxp.mcuxpresso.tools.linux_11.2.0.202001021529/tools/bin/../lib/gcc/arm-none-eabi/9.2.1/../../../../arm-none-eabi/lib/thumb/v6-m/nofp/libcr_newlib_nohost.a(fstat.o)
 .debug_line    0x000000000000b655      0x1ab /usr/local/mcuxpressoide-11.2.0_4120/ide/plugins/com.nxp.mcuxpresso.tools.linux_11.2.0.202001021529/tools/bin/../lib/gcc/arm-none-eabi/9.2.1/../../../../arm-none-eabi/lib/thumb/v6-m/nofp/libcr_newlib_nohost.a(isatty.o)
 .debug_line    0x000000000000b800      0x1af /usr/local/mcuxpressoide-11.2.0_4120/ide/plugins/com.nxp.mcuxpresso.tools.linux_11.2.0.202001021529/tools/bin/../lib/gcc/arm-none-eabi/9.2.1/../../../../arm-none-eabi/lib/thumb/v6-m/nofp/libcr_newlib_nohost.a(lseek.o)
 .debug_line    0x000000000000b9af      0x1ae /usr/local/mcuxpressoide-11.2.0_4120/ide/plugins/com.nxp.mcuxpresso.tools.linux_11.2.0.202001021529/tools/bin/../lib/gcc/arm-none-eabi/9.2.1/../../../../arm-none-eabi/lib/thumb/v6-m/nofp/libcr_newlib_nohost.a(read.o)
 .debug_line    0x000000000000bb5d       0x6a /usr/local/mcuxpressoide-11.2.0_4120/ide/plugins/com.nxp.mcuxpresso.tools.linux_11.2.0.202001021529/tools/bin/../lib/gcc/arm-none-eabi/9.2.1/../../../../arm-none-eabi/lib/thumb/v6-m/nofp/libcr_newlib_nohost.a(_cr_check_heap.o)

.debug_str      0x0000000000000000    0x40717
 .debug_str     0x0000000000000000     0x359b ./startup/startup_mkl25z4.o
                                       0x35f2 (size before relaxing)
 .debug_str     0x000000000000359b    0x34301 ./source/LedFlasher.o
                                      0x37ac6 (size before relaxing)
 .debug_str     0x000000000003789c     0x2b9a ./source/MKL25Z128xxx4_ProtoThreads.o
                                      0x3a748 (size before relaxing)
 .debug_str     0x000000000003a436       0x16 ./source/SwTimer.o
                                       0xb48e (size before relaxing)
 .debug_str     0x000000000003a44c       0x60 ./source/UartThread.o
                                      0x38c98 (size before relaxing)
 .debug_str     0x000000000003a4ac      0x727 ./source/mtb.o
                                       0x32f3 (size before relaxing)
 .debug_str     0x000000000003abd3       0x1f ./source/semihost_hardfault.o
                                       0x2de0 (size before relaxing)
 .debug_str     0x000000000003abf2     0x232b ./drivers/fsl_clock.o
                                      0x34f0f (size before relaxing)
 .debug_str     0x000000000003cf1d      0x165 ./drivers/fsl_common.o
                                      0x34687 (size before relaxing)
 .debug_str     0x000000000003d082      0x77d ./drivers/fsl_dma.o
                                      0x341d2 (size before relaxing)
 .debug_str     0x000000000003d7ff      0x14f ./drivers/fsl_gpio.o
                                      0x3375f (size before relaxing)
 .debug_str     0x000000000003d94e      0xc0a ./drivers/fsl_i2c.o
                                      0x346e9 (size before relaxing)
 .debug_str     0x000000000003e558      0x680 ./drivers/fsl_lpsci.o
                                      0x34517 (size before relaxing)
 .debug_str     0x000000000003ebd8      0x7b8 ./drivers/fsl_spi.o
                                      0x342d9 (size before relaxing)
 .debug_str     0x000000000003f390      0x93d ./drivers/fsl_uart.o
                                      0x3453a (size before relaxing)
 .debug_str     0x000000000003fccd      0x300 ./board/clock_config.o
                                      0x33e1f (size before relaxing)
 .debug_str     0x000000000003ffcd       0x31 ./board/peripherals.o
                                       0x2df1 (size before relaxing)
 .debug_str     0x000000000003fffe      0x31a ./board/pin_mux.o
                                      0x33910 (size before relaxing)
 .debug_str     0x0000000000040318       0x4f ./CMSIS/system_MKL25Z4.o
                                      0x2f481 (size before relaxing)
 .debug_str     0x0000000000040367      0x201 /usr/local/mcuxpressoide-11.2.0_4120/ide/plugins/com.nxp.mcuxpresso.tools.linux_11.2.0.202001021529/tools/bin/../lib/gcc/arm-none-eabi/9.2.1/../../../../arm-none-eabi/lib/thumb/v6-m/nofp/libcr_newlib_nohost.a(_cr_sbrk.o)
                                        0x63d (size before relaxing)
 .debug_str     0x0000000000040568       0x16 /usr/local/mcuxpressoide-11.2.0_4120/ide/plugins/com.nxp.mcuxpresso.tools.linux_11.2.0.202001021529/tools/bin/../lib/gcc/arm-none-eabi/9.2.1/../../../../arm-none-eabi/lib/thumb/v6-m/nofp/libcr_newlib_nohost.a(close.o)
                                        0x5dc (size before relaxing)
 .debug_str     0x000000000004057e       0x18 /usr/local/mcuxpressoide-11.2.0_4120/ide/plugins/com.nxp.mcuxpresso.tools.linux_11.2.0.202001021529/tools/bin/../lib/gcc/arm-none-eabi/9.2.1/../../../../arm-none-eabi/lib/thumb/v6-m/nofp/libcr_newlib_nohost.a(cr_abort.o)
                                        0x150 (size before relaxing)