Archive member included to satisfy reference by file (symbol)

/usr/local/mcuxpressoide-11.0.1_2563/ide/plugins/com.nxp.mcuxpresso.tools.linux_11.0.1.201907311258/tools/bin/../lib/gcc/arm-none-eabi/8.2.1/thumb/v6-m/nofp/libgcc.a(_udivsi3.o)
                              ./utilities/fsl_debug_console.o (__aeabi_uidiv)
/usr/local/mcuxpressoide-11.0.1_2563/ide/plugins/com.nxp.mcuxpresso.tools.linux_11.0.1.201907311258/tools/bin/../lib/gcc/arm-none-eabi/8.2.1/thumb/v6-m/nofp/libgcc.a(_divsi3.o)
                              ./utilities/fsl_debug_console.o (__aeabi_idiv)
/usr/local/mcuxpressoide-11.0.1_2563/ide/plugins/com.nxp.mcuxpresso.tools.linux_11.0.1.201907311258/tools/bin/../lib/gcc/arm-none-eabi/8.2.1/thumb/v6-m/nofp/libgcc.a(_dvmd_tls.o)
                              /usr/local/mcuxpressoide-11.0.1_2563/ide/plugins/com.nxp.mcuxpresso.tools.linux_11.0.1.201907311258/tools/bin/../lib/gcc/arm-none-eabi/8.2.1/thumb/v6-m/nofp/libgcc.a(_udivsi3.o) (__aeabi_idiv0)
/usr/local/mcuxpressoide-11.0.1_2563/ide/plugins/com.nxp.mcuxpresso.tools.linux_11.0.1.201907311258/tools/bin/../lib/gcc/arm-none-eabi/8.2.1/../../../../arm-none-eabi/lib/thumb/v6-m/nofp/libc_nano.a(lib_a-init.o)
                              ./startup/startup_mkl25z4.o (__libc_init_array)
/usr/local/mcuxpressoide-11.0.1_2563/ide/plugins/com.nxp.mcuxpresso.tools.linux_11.0.1.201907311258/tools/bin/../lib/gcc/arm-none-eabi/8.2.1/../../../../arm-none-eabi/lib/thumb/v6-m/nofp/libc_nano.a(lib_a-malloc.o)
                              ./source/cpp_config.o (malloc)
/usr/local/mcuxpressoide-11.0.1_2563/ide/plugins/com.nxp.mcuxpresso.tools.linux_11.0.1.201907311258/tools/bin/../lib/gcc/arm-none-eabi/8.2.1/../../../../arm-none-eabi/lib/thumb/v6-m/nofp/libc_nano.a(lib_a-memcpy-stub.o)
                              ./drivers/fsl_flash.o (memcpy)
/usr/local/mcuxpressoide-11.0.1_2563/ide/plugins/com.nxp.mcuxpresso.tools.linux_11.0.1.201907311258/tools/bin/../lib/gcc/arm-none-eabi/8.2.1/../../../../arm-none-eabi/lib/thumb/v6-m/nofp/libc_nano.a(lib_a-memset.o)
                              ./drivers/fsl_dma.o (memset)
/usr/local/mcuxpressoide-11.0.1_2563/ide/plugins/com.nxp.mcuxpresso.tools.linux_11.0.1.201907311258/tools/bin/../lib/gcc/arm-none-eabi/8.2.1/../../../../arm-none-eabi/lib/thumb/v6-m/nofp/libc_nano.a(lib_a-nano-freer.o)
                              /usr/local/mcuxpressoide-11.0.1_2563/ide/plugins/com.nxp.mcuxpresso.tools.linux_11.0.1.201907311258/tools/bin/../lib/gcc/arm-none-eabi/8.2.1/../../../../arm-none-eabi/lib/thumb/v6-m/nofp/libc_nano.a(lib_a-malloc.o) (_free_r)
/usr/local/mcuxpressoide-11.0.1_2563/ide/plugins/com.nxp.mcuxpresso.tools.linux_11.0.1.201907311258/tools/bin/../lib/gcc/arm-none-eabi/8.2.1/../../../../arm-none-eabi/lib/thumb/v6-m/nofp/libc_nano.a(lib_a-nano-mallocr.o)
                              /usr/local/mcuxpressoide-11.0.1_2563/ide/plugins/com.nxp.mcuxpresso.tools.linux_11.0.1.201907311258/tools/bin/../lib/gcc/arm-none-eabi/8.2.1/../../../../arm-none-eabi/lib/thumb/v6-m/nofp/libc_nano.a(lib_a-malloc.o) (_malloc_r)
/usr/local/mcuxpressoide-11.0.1_2563/ide/plugins/com.nxp.mcuxpresso.tools.linux_11.0.1.201907311258/tools/bin/../lib/gcc/arm-none-eabi/8.2.1/../../../../arm-none-eabi/lib/thumb/v6-m/nofp/libc_nano.a(lib_a-sbrkr.o)
                              /usr/local/mcuxpressoide-11.0.1_2563/ide/plugins/com.nxp.mcuxpresso.tools.linux_11.0.1.201907311258/tools/bin/../lib/gcc/arm-none-eabi/8.2.1/../../../../arm-none-eabi/lib/thumb/v6-m/nofp/libc_nano.a(lib_a-nano-mallocr.o) (_sbrk_r)
/usr/local/mcuxpressoide-11.0.1_2563/ide/plugins/com.nxp.mcuxpresso.tools.linux_11.0.1.201907311258/tools/bin/../lib/gcc/arm-none-eabi/8.2.1/../../../../arm-none-eabi/lib/thumb/v6-m/nofp/libc_nano.a(lib_a-strlen.o)
                              ./utilities/fsl_debug_console.o (strlen)
/usr/local/mcuxpressoide-11.0.1_2563/ide/plugins/com.nxp.mcuxpresso.tools.linux_11.0.1.201907311258/tools/bin/../lib/gcc/arm-none-eabi/8.2.1/../../../../arm-none-eabi/lib/thumb/v6-m/nofp/libc_nano.a(lib_a-impure.o)
                              /usr/local/mcuxpressoide-11.0.1_2563/ide/plugins/com.nxp.mcuxpresso.tools.linux_11.0.1.201907311258/tools/bin/../lib/gcc/arm-none-eabi/8.2.1/../../../../arm-none-eabi/lib/thumb/v6-m/nofp/libc_nano.a(lib_a-malloc.o) (_impure_ptr)
/usr/local/mcuxpressoide-11.0.1_2563/ide/plugins/com.nxp.mcuxpresso.tools.linux_11.0.1.201907311258/tools/bin/../lib/gcc/arm-none-eabi/8.2.1/../../../../arm-none-eabi/lib/thumb/v6-m/nofp/libc_nano.a(lib_a-mlock.o)
                              /usr/local/mcuxpressoide-11.0.1_2563/ide/plugins/com.nxp.mcuxpresso.tools.linux_11.0.1.201907311258/tools/bin/../lib/gcc/arm-none-eabi/8.2.1/../../../../arm-none-eabi/lib/thumb/v6-m/nofp/libc_nano.a(lib_a-nano-freer.o) (__malloc_lock)
/usr/local/mcuxpressoide-11.0.1_2563/ide/plugins/com.nxp.mcuxpresso.tools.linux_11.0.1.201907311258/tools/bin/../lib/gcc/arm-none-eabi/8.2.1/../../../../arm-none-eabi/lib/thumb/v6-m/nofp/libc_nano.a(lib_a-reent.o)
[...]
Memory Configuration

Name             Origin             Length             Attributes
PROGRAM_FLASH    0x0000000000000000 0x0000000000020000 xr
SRAM             0x000000001ffff000 0x0000000000004000 xrw
*default*        0x0000000000000000 0xffffffffffffffff

Linker script and memory map

LOAD ./utilities/fsl_debug_console.o
LOAD ./startup/startup_mkl25z4.o
LOAD ./source/LedFlasher.o
LOAD ./source/MKL25Z128xxx4_ProtoThreads.o
LOAD ./source/SwTimer.o
LOAD ./source/UartThread.o
LOAD ./source/cpp_config.o
LOAD ./source/mtb.o
LOAD ./source/semihost_hardfault.o
LOAD ./drivers/fsl_adc16.o
LOAD ./drivers/fsl_clock.o
LOAD ./drivers/fsl_cmp.o
LOAD ./drivers/fsl_common.o
LOAD ./drivers/fsl_cop.o
LOAD ./drivers/fsl_dac.o
LOAD ./drivers/fsl_dma.o
LOAD ./drivers/fsl_dmamux.o
LOAD ./drivers/fsl_flash.o
LOAD ./drivers/fsl_gpio.o
LOAD ./drivers/fsl_i2c.o
LOAD ./drivers/fsl_i2c_dma.o
LOAD ./drivers/fsl_llwu.o
LOAD ./drivers/fsl_lpsci.o
LOAD ./drivers/fsl_lpsci_dma.o
LOAD ./drivers/fsl_lptmr.o
LOAD ./drivers/fsl_pit.o
LOAD ./drivers/fsl_pmc.o
LOAD ./drivers/fsl_rcm.o
LOAD ./drivers/fsl_rtc.o
LOAD ./drivers/fsl_sim.o
LOAD ./drivers/fsl_smc.o
LOAD ./drivers/fsl_spi.o
LOAD ./drivers/fsl_spi_dma.o
LOAD ./drivers/fsl_tpm.o
LOAD ./drivers/fsl_tsi_v4.o
LOAD ./drivers/fsl_uart.o
LOAD ./drivers/fsl_uart_dma.o
LOAD ./board/board.o
LOAD ./board/clock_config.o
LOAD ./board/peripherals.o
LOAD ./board/pin_mux.o
LOAD ./CMSIS/system_MKL25Z4.o
START GROUP
LOAD /usr/local/mcuxpressoide-11.0.1_2563/ide/plugins/com.nxp.mcuxpresso.tools.linux_11.0.1.201907311258/tools/bin/../lib/gcc/arm-none-eabi/8.2.1/thumb/v6-m/nofp/libgcc.a
LOAD /usr/local/mcuxpressoide-11.0.1_2563/ide/plugins/com.nxp.mcuxpresso.tools.linux_11.0.1.201907311258/tools/bin/../lib/gcc/arm-none-eabi/8.2.1/../../../../arm-none-eabi/lib/thumb/v6-m/nofp/libc_nano.a
LOAD /usr/local/mcuxpressoide-11.0.1_2563/ide/plugins/com.nxp.mcuxpresso.tools.linux_11.0.1.201907311258/tools/bin/../lib/gcc/arm-none-eabi/8.2.1/../../../../arm-none-eabi/lib/thumb/v6-m/nofp/libstdc++_nano.a
LOAD /usr/local/mcuxpressoide-11.0.1_2563/ide/plugins/com.nxp.mcuxpresso.tools.linux_11.0.1.201907311258/tools/bin/../lib/gcc/arm-none-eabi/8.2.1/../../../../arm-none-eabi/lib/thumb/v6-m/nofp/libm.a
LOAD /usr/local/mcuxpressoide-11.0.1_2563/ide/plugins/com.nxp.mcuxpresso.tools.linux_11.0.1.201907311258/tools/bin/../lib/gcc/arm-none-eabi/8.2.1/../../../../arm-none-eabi/lib/thumb/v6-m/nofp/libcr_newlib_nohost.a
LOAD /usr/local/mcuxpressoide-11.0.1_2563/ide/plugins/com.nxp.mcuxpresso.tools.linux_11.0.1.201907311258/tools/bin/../lib/gcc/arm-none-eabi/8.2.1/thumb/v6-m/nofp/crti.o
LOAD /usr/local/mcuxpressoide-11.0.1_2563/ide/plugins/com.nxp.mcuxpresso.tools.linux_11.0.1.201907311258/tools/bin/../lib/gcc/arm-none-eabi/8.2.1/thumb/v6-m/nofp/crtn.o
LOAD /usr/local/mcuxpressoide-11.0.1_2563/ide/plugins/com.nxp.mcuxpresso.tools.linux_11.0.1.201907311258/tools/bin/../lib/gcc/arm-none-eabi/8.2.1/thumb/v6-m/nofp/crtbegin.o
LOAD /usr/local/mcuxpressoide-11.0.1_2563/ide/plugins/com.nxp.mcuxpresso.tools.linux_11.0.1.201907311258/tools/bin/../lib/gcc/arm-none-eabi/8.2.1/thumb/v6-m/nofp/crtend.o
END GROUP
                0x0000000000000000                __base_PROGRAM_FLASH = 0x0
                0x0000000000000000                __base_Flash = 0x0
                0x0000000000020000                __top_PROGRAM_FLASH = 0x20000
                0x0000000000020000                __top_Flash = 0x20000
                0x000000001ffff000                __base_SRAM = 0x1ffff000
                0x000000001ffff000                __base_RAM = 0x1ffff000
                0x0000000020003000                __top_SRAM = 0x20003000
                0x0000000020003000                __top_RAM = 0x20003000

.text           0x0000000000000000     0x3ab0
 FILL mask 0xff
                0x0000000000000000                __vectors_start__ = ABSOLUTE (.)
 *(SORT_BY_ALIGNMENT(.isr_vector))
 .isr_vector    0x0000000000000000       0xc0 ./startup/startup_mkl25z4.o
                0x0000000000000000                __Vectors
                0x0000000000000000                g_pfnVectors
                0x00000000000000c0                . = ALIGN (0x4)
                0x00000000000000c0                __section_table_start = .
                0x00000000000000c0                __data_section_table = .
                0x00000000000000c0        0x4 LONG 0x3ab0 LOADADDR (.data)
                0x00000000000000c4        0x4 LONG 0x1ffff080 ADDR (.data)
                0x00000000000000c8        0x4 LONG 0x74 SIZEOF (.data)
                0x00000000000000cc                __data_section_table_end = .
                0x00000000000000cc                __bss_section_table = .
                0x00000000000000cc        0x4 LONG 0x1ffff0f8 ADDR (.bss)
                0x00000000000000d0        0x4 LONG 0x144 SIZEOF (.bss)
                0x00000000000000d4                __bss_section_table_end = .
                0x00000000000000d4                __section_table_end = .
 *(SORT_BY_ALIGNMENT(.after_vectors*))
 .after_vectors.reset
                0x00000000000000d4       0x50 ./startup/startup_mkl25z4.o
                0x00000000000000d4                ResetISR
 .after_vectors.init_data
                0x0000000000000124       0x12 ./startup/startup_mkl25z4.o
                0x0000000000000124                data_init(unsigned int, unsigned int, unsigned int)
 .after_vectors.init_bss
                0x0000000000000136       0x10 ./startup/startup_mkl25z4.o
                0x0000000000000136                bss_init(unsigned int, unsigned int)
 .after_vectors
                0x0000000000000146      0x10c ./startup/startup_mkl25z4.o
                0x0000000000000146                NMI_Handler
                0x000000000000014a                SVC_Handler
                0x000000000000014c                PendSV_Handler
                0x0000000000000150                PIT_DriverIRQHandler
                0x0000000000000150                Reserved39_DriverIRQHandler
                0x0000000000000150                LPTMR0_DriverIRQHandler
                0x0000000000000150                TPM2_DriverIRQHandler
                0x0000000000000150                TSI0_DriverIRQHandler
                0x0000000000000150                RTC_Seconds_DriverIRQHandler
                0x0000000000000150                LLWU_DriverIRQHandler
                0x0000000000000150                MCG_DriverIRQHandler
                0x0000000000000150                FTFA_DriverIRQHandler
                0x0000000000000150                IntDefaultHandler
                0x0000000000000150                USB0_DriverIRQHandler
                0x0000000000000150                DAC0_DriverIRQHandler
                0x0000000000000150                LVD_LVW_DriverIRQHandler
                0x0000000000000150                TPM0_DriverIRQHandler
                0x0000000000000150                Reserved20_DriverIRQHandler
                0x0000000000000150                Reserved45_DriverIRQHandler
                0x0000000000000150                PORTA_DriverIRQHandler
                0x0000000000000150                TPM1_DriverIRQHandler
                0x0000000000000150                RTC_DriverIRQHandler
                0x0000000000000150                ADC0_DriverIRQHandler
                0x0000000000000150                CMP0_DriverIRQHandler
                0x0000000000000150                PORTD_DriverIRQHandler
                0x0000000000000152                DMA0_IRQHandler
                0x000000000000015a                DMA1_IRQHandler
                0x0000000000000162                DMA2_IRQHandler
                0x000000000000016a                DMA3_IRQHandler
                0x0000000000000172                Reserved20_IRQHandler
                0x000000000000017a                FTFA_IRQHandler
                0x0000000000000182                LVD_LVW_IRQHandler
                0x000000000000018a                LLWU_IRQHandler
                0x0000000000000192                I2C0_IRQHandler
                0x000000000000019a                I2C1_IRQHandler
                0x00000000000001a2                SPI0_IRQHandler
                0x00000000000001aa                SPI1_IRQHandler
                0x00000000000001ba                UART1_IRQHandler
                0x00000000000001c2                UART2_IRQHandler
                0x00000000000001ca                ADC0_IRQHandler
                0x00000000000001d2                CMP0_IRQHandler
                0x00000000000001da                TPM0_IRQHandler
                0x00000000000001e2                TPM1_IRQHandler
                0x00000000000001ea                TPM2_IRQHandler
                0x00000000000001f2                RTC_IRQHandler
                0x00000000000001fa                RTC_Seconds_IRQHandler
                0x0000000000000202                PIT_IRQHandler
                0x000000000000020a                Reserved39_IRQHandler
                0x0000000000000212                USB0_IRQHandler
                0x000000000000021a                DAC0_IRQHandler
                0x0000000000000222                TSI0_IRQHandler
                0x000000000000022a                MCG_IRQHandler
                0x0000000000000232                LPTMR0_IRQHandler
                0x000000000000023a                Reserved45_IRQHandler
                0x0000000000000242                PORTA_IRQHandler
                0x000000000000024a                PORTD_IRQHandler
                0x0000000000000400                . = 0x400
 *fill*         0x0000000000000252      0x1ae ff
                0x0000000000000400                PROVIDE (__FLASH_CONFIG_START__ = .)
 *(SORT_BY_ALIGNMENT(.FlashConfig))
 .FlashConfig   0x0000000000000400       0x10 ./startup/startup_mkl25z4.o
                0x0000000000000410                PROVIDE (__FLASH_CONFIG_END__ = .)
                0x0000000000000001                ASSERT (! ((__FLASH_CONFIG_START__ == __FLASH_CONFIG_END__)), Linker Flash Config Support Enabled, but no .FlashConfig section provided within application)
 *(SORT_BY_ALIGNMENT(.text*))
 .text.DbgConsole_Init
                0x0000000000000410       0xf0 ./utilities/fsl_debug_console.o
                0x0000000000000410                DbgConsole_Init
 .text.DbgConsole_Printf
                0x0000000000000500       0x44 ./utilities/fsl_debug_console.o
                0x0000000000000500                DbgConsole_Printf
 .text.DbgConsole_Putchar
                0x0000000000000544       0x34 ./utilities/fsl_debug_console.o
                0x0000000000000544                DbgConsole_Putchar
 .text.DbgConsole_Getchar
                0x0000000000000578       0x40 ./utilities/fsl_debug_console.o
                0x0000000000000578                DbgConsole_Getchar
 .text._ZN10LedFlasher3RunEv
                0x00000000000005b8       0x84 ./source/LedFlasher.o
                0x00000000000005b8                LedFlasher::Run()
 .text.NVIC_EnableIRQ
                0x000000000000063c       0x2c ./source/MKL25Z128xxx4_ProtoThreads.o
 .text.NVIC_SetPriority
                0x0000000000000668       0xec ./source/MKL25Z128xxx4_ProtoThreads.o
 .text.SysTick_Config
                0x0000000000000754       0x48 ./source/MKL25Z128xxx4_ProtoThreads.o
 .text._ZN11ProtothreadC2Ev
                0x000000000000079c       0x24 ./source/MKL25Z128xxx4_ProtoThreads.o
                0x000000000000079c                Protothread::Protothread()
                0x000000000000079c                Protothread::Protothread()
 .text._ZN10UartThreadC2Ev
                0x00000000000007c0       0x40 ./source/MKL25Z128xxx4_ProtoThreads.o
                0x00000000000007c0                UartThread::UartThread()
                0x00000000000007c0                UartThread::UartThread()
 .text._ZN10LedFlasherC2Ev
                0x0000000000000800       0x40 ./source/MKL25Z128xxx4_ProtoThreads.o
                0x0000000000000800                LedFlasher::LedFlasher()
                0x0000000000000800                LedFlasher::LedFlasher()
 .text._Z14getRunTimeInMsv
                0x0000000000000840       0x30 ./source/MKL25Z128xxx4_ProtoThreads.o
                0x0000000000000840                getRunTimeInMs()
 .text.SysTick_Handler
                0x0000000000000870       0x24 ./source/MKL25Z128xxx4_ProtoThreads.o
                0x0000000000000870                SysTick_Handler
 .text._Z5printRKN3etl7ivectorIiEE
                0x0000000000000894       0x54 ./source/MKL25Z128xxx4_ProtoThreads.o
                0x0000000000000894                print(etl::ivector<int> const&)
 .text.UART0_IRQHandler
                0x00000000000008e8       0x30 ./source/MKL25Z128xxx4_ProtoThreads.o
                0x00000000000008e8                UART0_IRQHandler
 .text.main     0x0000000000000918       0xe8 ./source/MKL25Z128xxx4_ProtoThreads.o
                0x0000000000000918                main
 .text._Z41__static_initialization_and_destruction_0ii
                0x0000000000000a00       0x50 ./source/MKL25Z128xxx4_ProtoThreads.o
 .text._GLOBAL__sub_I_glTicks
                0x0000000000000a50       0x18 ./source/MKL25Z128xxx4_ProtoThreads.o
 .text._ZN10UartThread3RunEv
                0x0000000000000a68      0x168 ./source/UartThread.o
                0x0000000000000a68                UartThread::Run()
 .text._ZN10UartThread14isNewCharReadyEv
                0x0000000000000bd0       0x2c ./source/UartThread.o
                0x0000000000000bd0                UartThread::isNewCharReady()
 .text.HardFault_Handler
                0x0000000000000bfc       0x30 ./source/semihost_hardfault.o
                0x0000000000000bfc                HardFault_Handler
 .text.CLOCK_SetEr32kClock
                0x0000000000000c2c       0x34 ./drivers/fsl_clock.o
 .text.CLOCK_SetPllFllSelClock
                0x0000000000000c60       0x38 ./drivers/fsl_clock.o
 .text.CLOCK_GetMcgExtClkFreq
                0x0000000000000c98       0x34 ./drivers/fsl_clock.o
 .text.CLOCK_GetFllExtRefClkFreq
                0x0000000000000ccc       0xa4 ./drivers/fsl_clock.o
 .text.CLOCK_GetInternalRefClkSelectFreq
                0x0000000000000d70       0x40 ./drivers/fsl_clock.o
 .text.CLOCK_GetFllRefClkFreq
                0x0000000000000db0       0x2c ./drivers/fsl_clock.o
 .text.CLOCK_GetOscRangeFromFreq
                0x0000000000000ddc       0x4c ./drivers/fsl_clock.o
 .text.CLOCK_GetOsc0ErClkFreq
                0x0000000000000e28       0x4c ./drivers/fsl_clock.o
                0x0000000000000e28                CLOCK_GetOsc0ErClkFreq
 .text.CLOCK_GetEr32kClkFreq
                0x0000000000000e74       0x84 ./drivers/fsl_clock.o
                0x0000000000000e74                CLOCK_GetEr32kClkFreq
 .text.CLOCK_GetPllFllSelClkFreq
                0x0000000000000ef8       0x4c ./drivers/fsl_clock.o
                0x0000000000000ef8                CLOCK_GetPllFllSelClkFreq
 .text.CLOCK_GetFreq
                0x0000000000000f44       0xe0 ./drivers/fsl_clock.o
                0x0000000000000f44                CLOCK_GetFreq
 .text.CLOCK_SetSimConfig
                0x0000000000001024       0x38 ./drivers/fsl_clock.o
                0x0000000000001024                CLOCK_SetSimConfig
 .text.CLOCK_GetOutClkFreq
                0x000000000000105c       0x68 ./drivers/fsl_clock.o
                0x000000000000105c                CLOCK_GetOutClkFreq
 .text.CLOCK_GetFllFreq
                0x00000000000010c4       0x84 ./drivers/fsl_clock.o
                0x00000000000010c4                CLOCK_GetFllFreq
 .text.CLOCK_GetInternalRefClkFreq
                0x0000000000001148       0x28 ./drivers/fsl_clock.o
                0x0000000000001148                CLOCK_GetInternalRefClkFreq
 .text.CLOCK_GetPll0Freq
                0x0000000000001170       0x80 ./drivers/fsl_clock.o
                0x0000000000001170                CLOCK_GetPll0Freq
 .text.CLOCK_SetInternalRefClkConfig
                0x00000000000011f0      0x124 ./drivers/fsl_clock.o
                0x00000000000011f0                CLOCK_SetInternalRefClkConfig
 .text.CLOCK_EnablePll0
                0x0000000000001314       0xa0 ./drivers/fsl_clock.o
                0x0000000000001314                CLOCK_EnablePll0
 .text.CLOCK_InitOsc0
                0x00000000000013b4       0x94 ./drivers/fsl_clock.o
                0x00000000000013b4                CLOCK_InitOsc0
 .text.CLOCK_SetPbeMode
                0x0000000000001448       0xc0 ./drivers/fsl_clock.o
                0x0000000000001448                CLOCK_SetPbeMode
 .text.CLOCK_BootToPeeMode
                0x0000000000001508       0x80 ./drivers/fsl_clock.o
                0x0000000000001508                CLOCK_BootToPeeMode
 .text.__assert_func
                0x0000000000001588       0x28 ./drivers/fsl_common.o
                0x0000000000001588                __assert_func
 .text.DMA_ClearChannelStatusFlags
                0x00000000000015b0       0x64 ./drivers/fsl_dma.o
 .text.DMA_HandleIRQ
                0x0000000000001614       0x60 ./drivers/fsl_dma.o
                0x0000000000001614                DMA_HandleIRQ
 .text.DMA0_DriverIRQHandler
                0x0000000000001674       0x18 ./drivers/fsl_dma.o
                0x0000000000001674                DMA0_DriverIRQHandler
 .text.DMA1_DriverIRQHandler
                0x000000000000168c       0x18 ./drivers/fsl_dma.o
                0x000000000000168c                DMA1_DriverIRQHandler
 .text.DMA2_DriverIRQHandler
                0x00000000000016a4       0x18 ./drivers/fsl_dma.o
                0x00000000000016a4                DMA2_DriverIRQHandler
 .text.DMA3_DriverIRQHandler
                0x00000000000016bc       0x18 ./drivers/fsl_dma.o
                0x00000000000016bc                DMA3_DriverIRQHandler
 .text.GPIO_PinInit
                0x00000000000016d4       0x70 ./drivers/fsl_gpio.o
                0x00000000000016d4                GPIO_PinInit
 .text.I2C_TransferCommonIRQHandler
                0x0000000000001744       0x54 ./drivers/fsl_i2c.o
 .text.I2C0_DriverIRQHandler
                0x0000000000001798       0x20 ./drivers/fsl_i2c.o
                0x0000000000001798                I2C0_DriverIRQHandler
 .text.I2C1_DriverIRQHandler
                0x00000000000017b8       0x20 ./drivers/fsl_i2c.o
                0x00000000000017b8                I2C1_DriverIRQHandler
 .text.CLOCK_EnableClock
                0x00000000000017d8       0x34 ./drivers/fsl_lpsci.o
 .text.LPSCI_GetInstance
                0x000000000000180c       0x54 ./drivers/fsl_lpsci.o
                0x000000000000180c                LPSCI_GetInstance
 .text.LPSCI_Init
                0x0000000000001860      0x268 ./drivers/fsl_lpsci.o
                0x0000000000001860                LPSCI_Init
 .text.LPSCI_GetDefaultConfig
                0x0000000000001ac8       0x54 ./drivers/fsl_lpsci.o
                0x0000000000001ac8                LPSCI_GetDefaultConfig
 .text.LPSCI_EnableInterrupts
                0x0000000000001b1c       0x58 ./drivers/fsl_lpsci.o
                0x0000000000001b1c                LPSCI_EnableInterrupts
 .text.LPSCI_ClearStatusFlags
                0x0000000000001b74       0x94 ./drivers/fsl_lpsci.o
                0x0000000000001b74                LPSCI_ClearStatusFlags
 .text.LPSCI_WriteBlocking
                0x0000000000001c08       0x5c ./drivers/fsl_lpsci.o
                0x0000000000001c08                LPSCI_WriteBlocking
 .text.LPSCI_ReadBlocking
                0x0000000000001c64       0xd0 ./drivers/fsl_lpsci.o
                0x0000000000001c64                LPSCI_ReadBlocking
 .text.UART0_DriverIRQHandler
                0x0000000000001d34       0x24 ./drivers/fsl_lpsci.o
                0x0000000000001d34                UART0_DriverIRQHandler
 .text.SPI_CommonIRQHandler
                0x0000000000001d58       0x54 ./drivers/fsl_spi.o
 .text.SPI0_DriverIRQHandler
                0x0000000000001dac       0x40 ./drivers/fsl_spi.o
                0x0000000000001dac                SPI0_DriverIRQHandler
 .text.SPI1_DriverIRQHandler
                0x0000000000001dec       0x40 ./drivers/fsl_spi.o
                0x0000000000001dec                SPI1_DriverIRQHandler
 .text.CLOCK_EnableClock
                0x0000000000001e2c       0x34 ./drivers/fsl_uart.o
 .text.UART_GetInstance
                0x0000000000001e60       0x60 ./drivers/fsl_uart.o
                0x0000000000001e60                UART_GetInstance
 .text.UART_Init
                0x0000000000001ec0      0x1f0 ./drivers/fsl_uart.o
                0x0000000000001ec0                UART_Init
 .text.UART_GetDefaultConfig
                0x00000000000020b0       0x54 ./drivers/fsl_uart.o
                0x00000000000020b0                UART_GetDefaultConfig
 .text.UART_ReadBlocking
                0x0000000000002104       0xa8 ./drivers/fsl_uart.o
                0x0000000000002104                UART_ReadBlocking
 .text.UART1_DriverIRQHandler
                0x00000000000021ac       0x24 ./drivers/fsl_uart.o
                0x00000000000021ac                UART1_DriverIRQHandler
 .text.UART2_DriverIRQHandler
                0x00000000000021d0       0x24 ./drivers/fsl_uart.o
                0x00000000000021d0                UART2_DriverIRQHandler
 .text.CLOCK_SetLpsci0Clock
                0x00000000000021f4       0x38 ./board/board.o
 .text.BOARD_InitDebugConsole
                0x000000000000222c       0x30 ./board/board.o
                0x000000000000222c                BOARD_InitDebugConsole
 .text.CLOCK_SetSimSafeDivs
                0x000000000000225c       0x20 ./board/clock_config.o
 .text.CLOCK_SetXtal0Freq
                0x000000000000227c       0x1c ./board/clock_config.o
 .text.CLOCK_CONFIG_SetFllExtRefDiv
                0x0000000000002298       0x3c ./board/clock_config.o
 .text.BOARD_BootClockRUN
                0x00000000000022d4       0x64 ./board/clock_config.o
                0x00000000000022d4                BOARD_BootClockRUN
 .text.CLOCK_EnableClock
                0x0000000000002338       0x34 ./board/pin_mux.o
 .text.PORT_SetPinConfig
                0x000000000000236c       0x48 ./board/pin_mux.o
 .text.PORT_SetPinMux
                0x00000000000023b4       0x40 ./board/pin_mux.o
 .text.BOARD_InitPins
                0x00000000000023f4       0xb0 ./board/pin_mux.o
                0x00000000000023f4                BOARD_InitPins
 .text.SystemInit
                0x00000000000024a4       0x18 ./CMSIS/system_MKL25Z4.o
                0x00000000000024a4                SystemInit
 .text          0x00000000000024bc      0x114 /usr/local/mcuxpressoide-11.0.1_2563/ide/plugins/com.nxp.mcuxpresso.tools.linux_11.0.1.201907311258/tools/bin/../lib/gcc/arm-none-eabi/8.2.1/thumb/v6-m/nofp/libgcc.a(_udivsi3.o)
                0x00000000000024bc                __udivsi3
                0x00000000000024bc                __aeabi_uidiv
                0x00000000000025c8                __aeabi_uidivmod
 .text          0x00000000000025d0      0x1d4 /usr/local/mcuxpressoide-11.0.1_2563/ide/plugins/com.nxp.mcuxpresso.tools.linux_11.0.1.201907311258/tools/bin/../lib/gcc/arm-none-eabi/8.2.1/thumb/v6-m/nofp/libgcc.a(_divsi3.o)
                0x00000000000025d0                __aeabi_idiv
                0x00000000000025d0                __divsi3
                0x000000000000279c                __aeabi_idivmod
 .text          0x00000000000027a4        0x4 /usr/local/mcuxpressoide-11.0.1_2563/ide/plugins/com.nxp.mcuxpresso.tools.linux_11.0.1.201907311258/tools/bin/../lib/gcc/arm-none-eabi/8.2.1/thumb/v6-m/nofp/libgcc.a(_dvmd_tls.o)
                0x00000000000027a4                __aeabi_ldiv0
                0x00000000000027a4                __aeabi_idiv0
 .text.__libc_init_array
                0x00000000000027a8       0x48 /usr/local/mcuxpressoide-11.0.1_2563/ide/plugins/com.nxp.mcuxpresso.tools.linux_11.0.1.201907311258/tools/bin/../lib/gcc/arm-none-eabi/8.2.1/../../../../arm-none-eabi/lib/thumb/v6-m/nofp/libc_nano.a(lib_a-init.o)
                0x00000000000027a8                __libc_init_array
 .text.malloc   0x00000000000027f0       0x14 /usr/local/mcuxpressoide-11.0.1_2563/ide/plugins/com.nxp.mcuxpresso.tools.linux_11.0.1.201907311258/tools/bin/../lib/gcc/arm-none-eabi/8.2.1/../../../../arm-none-eabi/lib/thumb/v6-m/nofp/libc_nano.a(lib_a-malloc.o)
                0x00000000000027f0                malloc
 .text._malloc_r
                0x0000000000002804       0xbc /usr/local/mcuxpressoide-11.0.1_2563/ide/plugins/com.nxp.mcuxpresso.tools.linux_11.0.1.201907311258/tools/bin/../lib/gcc/arm-none-eabi/8.2.1/../../../../arm-none-eabi/lib/thumb/v6-m/nofp/libc_nano.a(lib_a-nano-mallocr.o)
                0x0000000000002804                _malloc_r
 .text._sbrk_r  0x00000000000028c0       0x24 /usr/local/mcuxpressoide-11.0.1_2563/ide/plugins/com.nxp.mcuxpresso.tools.linux_11.0.1.201907311258/tools/bin/../lib/gcc/arm-none-eabi/8.2.1/../../../../arm-none-eabi/lib/thumb/v6-m/nofp/libc_nano.a(lib_a-sbrkr.o)
                0x00000000000028c0                _sbrk_r
 .text.__malloc_lock
                0x00000000000028e4       0x10 /usr/local/mcuxpressoide-11.0.1_2563/ide/plugins/com.nxp.mcuxpresso.tools.linux_11.0.1.201907311258/tools/bin/../lib/gcc/arm-none-eabi/8.2.1/../../../../arm-none-eabi/lib/thumb/v6-m/nofp/libc_nano.a(lib_a-mlock.o)
                0x00000000000028e4                __malloc_lock
 .text.__malloc_unlock
                0x00000000000028f4       0x10 /usr/local/mcuxpressoide-11.0.1_2563/ide/plugins/com.nxp.mcuxpresso.tools.linux_11.0.1.201907311258/tools/bin/../lib/gcc/arm-none-eabi/8.2.1/../../../../arm-none-eabi/lib/thumb/v6-m/nofp/libc_nano.a(lib_a-mlock.o)
                0x00000000000028f4                __malloc_unlock
 .text._ZSt9terminatev
                0x0000000000002904       0x10 /usr/local/mcuxpressoide-11.0.1_2563/ide/plugins/com.nxp.mcuxpresso.tools.linux_11.0.1.201907311258/tools/bin/../lib/gcc/arm-none-eabi/8.2.1/../../../../arm-none-eabi/lib/thumb/v6-m/nofp/libstdc++_nano.a(eh_terminate.o)
                0x0000000000002904                std::terminate()
 .text._sbrk    0x0000000000002914       0x40 /usr/local/mcuxpressoide-11.0.1_2563/ide/plugins/com.nxp.mcuxpresso.tools.linux_11.0.1.201907311258/tools/bin/../lib/gcc/arm-none-eabi/8.2.1/../../../../arm-none-eabi/lib/thumb/v6-m/nofp/libcr_newlib_nohost.a(_cr_sbrk.o)
                0x0000000000002914                _sbrk
 .text.__check_heap_overflow
                0x0000000000002954       0x14 /usr/local/mcuxpressoide-11.0.1_2563/ide/plugins/com.nxp.mcuxpresso.tools.linux_11.0.1.201907311258/tools/bin/../lib/gcc/arm-none-eabi/8.2.1/../../../../arm-none-eabi/lib/thumb/v6-m/nofp/libcr_newlib_nohost.a(_cr_check_heap.o)
                0x0000000000002954                __check_heap_overflow
 .text          0x0000000000002968       0x48 /usr/local/mcuxpressoide-11.0.1_2563/ide/plugins/com.nxp.mcuxpresso.tools.linux_11.0.1.201907311258/tools/bin/../lib/gcc/arm-none-eabi/8.2.1/thumb/v6-m/nofp/crtbegin.o
 .text.__errno  0x00000000000029b0        0xc /usr/local/mcuxpressoide-11.0.1_2563/ide/plugins/com.nxp.mcuxpresso.tools.linux_11.0.1.201907311258/tools/bin/../lib/gcc/arm-none-eabi/8.2.1/../../../../arm-none-eabi/lib/thumb/v6-m/nofp/libc_nano.a(lib_a-errno.o)
                0x00000000000029b0                __errno
 .text.UART_EnableTx
                0x00000000000029bc       0x40 ./utilities/fsl_debug_console.o
 .text.UART_EnableRx
                0x00000000000029fc       0x40 ./utilities/fsl_debug_console.o
 .text.LPSCI_EnableTx
                0x0000000000002a3c       0x40 ./utilities/fsl_debug_console.o
 .text.LPSCI_EnableRx
                0x0000000000002a7c       0x40 ./utilities/fsl_debug_console.o
 .text.DbgConsole_PrintfPaddingCharacter
                0x0000000000002abc       0x46 ./utilities/fsl_debug_console.o
 .text.DbgConsole_ConvertRadixNumToString
                0x0000000000002b02      0x114 ./utilities/fsl_debug_console.o
 .text.DbgConsole_PrintfFormattedData
                0x0000000000002c16      0x336 ./utilities/fsl_debug_console.o
 .text._ZN11Protothread4StopEv
                0x0000000000002f4c       0x18 ./source/LedFlasher.o
                0x0000000000002f4c                Protothread::Stop()
 .text.GPIO_TogglePinsOutput
                0x0000000000002f64       0x18 ./source/LedFlasher.o
 .text.EnableIRQ
                0x0000000000002f7c       0x2c ./source/MKL25Z128xxx4_ProtoThreads.o
 .text._ZnwjPv  0x0000000000002fa8       0x14 ./source/MKL25Z128xxx4_ProtoThreads.o
                0x0000000000002fa8                operator new(unsigned int, void*)
 .text._ZN3etl11vector_baseC2Ej
                0x0000000000002fbc       0x1a ./source/MKL25Z128xxx4_ProtoThreads.o
                0x0000000000002fbc                etl::vector_base::vector_base(unsigned int)
                0x0000000000002fbc                etl::vector_base::vector_base(unsigned int)
 .text._ZN7SwTimerC2EPFyvE
                0x0000000000002fd6       0x1a ./source/MKL25Z128xxx4_ProtoThreads.o
                0x0000000000002fd6                SwTimer::SwTimer(unsigned long long (*)())
                0x0000000000002fd6                SwTimer::SwTimer(unsigned long long (*)())
 .text._ZNK3etl7ivectorIiE5beginEv
                0x0000000000002ff0       0x14 ./source/MKL25Z128xxx4_ProtoThreads.o
                0x0000000000002ff0                etl::ivector<int>::begin() const
 .text._ZNK3etl7ivectorIiE3endEv
                0x0000000000003004       0x14 ./source/MKL25Z128xxx4_ProtoThreads.o
                0x0000000000003004                etl::ivector<int>::end() const
 .text._ZN3etl6vectorIiLj10EEC2Ev
                0x0000000000003018       0x28 ./source/MKL25Z128xxx4_ProtoThreads.o
                0x0000000000003018                etl::vector<int, 10u>::vector()
                0x0000000000003018                etl::vector<int, 10u>::vector()
 .text._ZSt4moveIRiEONSt16remove_referenceIT_E4typeEOS2_
                0x0000000000003040       0x12 ./source/MKL25Z128xxx4_ProtoThreads.o
                0x0000000000003040                std::remove_reference<int&>::type&& std::move<int&>(int&)
 .text._ZN3etl7ivectorIiE9push_backEOi
                0x0000000000003052       0x26 ./source/MKL25Z128xxx4_ProtoThreads.o
                0x0000000000003052                etl::ivector<int>::push_back(int&&)
 .text._ZN3etl7ivectorIiEC2EPij
                0x0000000000003078       0x2e ./source/MKL25Z128xxx4_ProtoThreads.o
                0x0000000000003078                etl::ivector<int>::ivector(int*, unsigned int)
                0x0000000000003078                etl::ivector<int>::ivector(int*, unsigned int)
 .text._ZN3etl7ivectorIiE10initialiseEv
                0x00000000000030a6       0x28 ./source/MKL25Z128xxx4_ProtoThreads.o
                0x00000000000030a6                etl::ivector<int>::initialise()
 .text._ZN3etl7ivectorIiE11create_backEOi
                0x00000000000030ce       0x32 ./source/MKL25Z128xxx4_ProtoThreads.o
                0x00000000000030ce                etl::ivector<int>::create_back(int&&)
 .text._ZN3etl7destroyIPiEENS_9enable_ifIXsrNS_25is_trivially_destructibleINSt15iterator_traitsIT_E10value_typeEEE5valueEvE4typeES5_S5_
                0x0000000000003100       0x12 ./source/MKL25Z128xxx4_ProtoThreads.o
                0x0000000000003100                etl::enable_if<etl::is_trivially_destructible<std::iterator_traits<int*>::value_type>::value, void>::type etl::destroy<int*>(int*, int*)
 .text._ZN3etl14create_copy_atIiEEvPT_OS1_
                0x0000000000003112       0x2c ./source/MKL25Z128xxx4_ProtoThreads.o
                0x0000000000003112                void etl::create_copy_at<int>(int*, int&&)
 .text._ZN7SwTimer9isExpiredEv
                0x000000000000313e       0x32 ./source/SwTimer.o
                0x000000000000313e                SwTimer::isExpired()
 .text._ZN7SwTimer10startTimerEy
                0x0000000000003170       0x36 ./source/SwTimer.o
                0x0000000000003170                SwTimer::startTimer(unsigned long long)
 .text._ZN7SwTimer12restartTimerEv
                0x00000000000031a6       0x22 ./source/SwTimer.o
                0x00000000000031a6                SwTimer::restartTimer()
 .text._Znwj    0x00000000000031c8       0x1a ./source/cpp_config.o
                0x00000000000031c8                operator new(unsigned int)
 .text.OSC_SetExtRefClkConfig
                0x00000000000031e2       0x3e ./drivers/fsl_clock.o
 .text.OSC_SetCapLoad
                0x0000000000003220       0x42 ./drivers/fsl_clock.o
 .text.CLOCK_GetPll0RefFreq
                0x0000000000003262       0x10 ./drivers/fsl_clock.o
 .text.CLOCK_GetFixedFreqClkFreq
                0x0000000000003272       0x30 ./drivers/fsl_clock.o
                0x0000000000003272                CLOCK_GetFixedFreqClkFreq
 .text.CLOCK_SetExternalRefClkConfig
                0x00000000000032a2       0x16 ./drivers/fsl_clock.o
                0x00000000000032a2                CLOCK_SetExternalRefClkConfig
 .text.GPIO_WritePinOutput
                0x00000000000032b8       0x34 ./drivers/fsl_gpio.o
 .text.LPSCI_GetStatusFlags
                0x00000000000032ec       0x26 ./drivers/fsl_lpsci.o
                0x00000000000032ec                LPSCI_GetStatusFlags
 .text.UART_GetStatusFlags
                0x0000000000003312       0x26 ./drivers/fsl_uart.o
                0x0000000000003312                UART_GetStatusFlags
 .text.UART_WriteBlocking
                0x0000000000003338       0x3a ./drivers/fsl_uart.o
                0x0000000000003338                UART_WriteBlocking
 .text.BOARD_InitBootClocks
                0x0000000000003372        0xe ./board/clock_config.o
                0x0000000000003372                BOARD_InitBootClocks
 .text.BOARD_InitBootPeripherals
                0x0000000000003380        0xa ./board/peripherals.o
                0x0000000000003380                BOARD_InitBootPeripherals
 .text.BOARD_InitBootPins
                0x000000000000338a        0xe ./board/pin_mux.o
                0x000000000000338a                BOARD_InitBootPins
 .text          0x0000000000003398        0xe /usr/local/mcuxpressoide-11.0.1_2563/ide/plugins/com.nxp.mcuxpresso.tools.linux_11.0.1.201907311258/tools/bin/../lib/gcc/arm-none-eabi/8.2.1/../../../../arm-none-eabi/lib/thumb/v6-m/nofp/libc_nano.a(lib_a-strlen.o)
                0x0000000000003398                strlen
 .text.__retarget_lock_acquire_recursive
                0x00000000000033a6        0x2 /usr/local/mcuxpressoide-11.0.1_2563/ide/plugins/com.nxp.mcuxpresso.tools.linux_11.0.1.201907311258/tools/bin/../lib/gcc/arm-none-eabi/8.2.1/../../../../arm-none-eabi/lib/thumb/v6-m/nofp/libc_nano.a(lib_a-lock.o)
                0x00000000000033a6                __retarget_lock_acquire_recursive
 .text.__retarget_lock_release_recursive
                0x00000000000033a8        0x2 /usr/local/mcuxpressoide-11.0.1_2563/ide/plugins/com.nxp.mcuxpresso.tools.linux_11.0.1.201907311258/tools/bin/../lib/gcc/arm-none-eabi/8.2.1/../../../../arm-none-eabi/lib/thumb/v6-m/nofp/libc_nano.a(lib_a-lock.o)
                0x00000000000033a8                __retarget_lock_release_recursive
 .text.__cxa_pure_virtual
                0x00000000000033aa        0x6 /usr/local/mcuxpressoide-11.0.1_2563/ide/plugins/com.nxp.mcuxpresso.tools.linux_11.0.1.201907311258/tools/bin/../lib/gcc/arm-none-eabi/8.2.1/../../../../arm-none-eabi/lib/thumb/v6-m/nofp/libstdc++_nano.a(pure.o)
                0x00000000000033aa                __cxa_pure_virtual
 .text._ZN10__cxxabiv111__terminateEPFvvE
                0x00000000000033b0        0x8 /usr/local/mcuxpressoide-11.0.1_2563/ide/plugins/com.nxp.mcuxpresso.tools.linux_11.0.1.201907311258/tools/bin/../lib/gcc/arm-none-eabi/8.2.1/../../../../arm-none-eabi/lib/thumb/v6-m/nofp/libstdc++_nano.a(eh_terminate.o)
                0x00000000000033b0                __cxxabiv1::__terminate(void (*)())
 .text.abort    0x00000000000033b8        0x2 /usr/local/mcuxpressoide-11.0.1_2563/ide/plugins/com.nxp.mcuxpresso.tools.linux_11.0.1.201907311258/tools/bin/../lib/gcc/arm-none-eabi/8.2.1/../../../../arm-none-eabi/lib/thumb/v6-m/nofp/libcr_newlib_nohost.a(cr_abort.o)
                0x00000000000033b8                abort
 *(SORT_BY_ALIGNMENT(.rodata) SORT_BY_ALIGNMENT(.rodata.*) SORT_BY_ALIGNMENT(.constdata) SORT_BY_ALIGNMENT(.constdata.*))
 *fill*         0x00000000000033ba        0x2 ff
 .rodata._ZTV10LedFlasher
                0x00000000000033bc        0xc ./source/LedFlasher.o
                0x00000000000033bc                vtable for LedFlasher
 .rodata        0x00000000000033c8       0x15 ./source/MKL25Z128xxx4_ProtoThreads.o
 *fill*         0x00000000000033dd        0x3 ff
 .rodata._ZTV11Protothread
                0x00000000000033e0        0xc ./source/MKL25Z128xxx4_ProtoThreads.o
                0x00000000000033e0                vtable for Protothread
 .rodata        0x00000000000033ec        0x5 ./source/UartThread.o
 *fill*         0x00000000000033f1        0x3 ff
 .rodata._ZTV10UartThread
                0x00000000000033f4        0xc ./source/UartThread.o
                0x00000000000033f4                vtable for UartThread
 .rodata        0x0000000000003400       0x47 ./drivers/fsl_clock.o
 *fill*         0x0000000000003447        0x1 ff
 .rodata.CLOCK_GetFreq
                0x0000000000003448       0x38 ./drivers/fsl_clock.o
 .rodata.__func__.5330
                0x0000000000003480       0x17 ./drivers/fsl_clock.o
 *fill*         0x0000000000003497        0x1 ff
 .rodata.__func__.5363
                0x0000000000003498       0x17 ./drivers/fsl_clock.o
 *fill*         0x00000000000034af        0x1 ff
 .rodata.__func__.5371
                0x00000000000034b0       0x16 ./drivers/fsl_clock.o
 *fill*         0x00000000000034c6        0x2 ff
 .rodata.fllFactorTable.5436
                0x00000000000034c8       0x10 ./drivers/fsl_clock.o
 .rodata.__func__.5451
                0x00000000000034d8       0x12 ./drivers/fsl_clock.o
 *fill*         0x00000000000034ea        0x2 ff
 .rodata.__func__.5491
                0x00000000000034ec       0x11 ./drivers/fsl_clock.o
 *fill*         0x00000000000034fd        0x3 ff
 .rodata.__func__.5628
                0x0000000000003500       0x11 ./drivers/fsl_clock.o
 *fill*         0x0000000000003511        0x3 ff
 .rodata.__func__.5695
                0x0000000000003514       0x14 ./drivers/fsl_clock.o
 .rodata        0x0000000000003528       0x3e ./drivers/fsl_common.o
 *fill*         0x0000000000003566        0x2 ff
 .rodata        0x0000000000003568      0x168 ./drivers/fsl_dma.o
 .rodata.__func__.5595
                0x00000000000036d0        0xe ./drivers/fsl_dma.o
 *fill*         0x00000000000036de        0x2 ff
 .rodata.__func__.5463
                0x00000000000036e0       0x1c ./drivers/fsl_dma.o
 .rodata        0x00000000000036fc       0x43 ./drivers/fsl_gpio.o
 *fill*         0x000000000000373f        0x1 ff
 .rodata.__func__.5351
                0x0000000000003740        0xd ./drivers/fsl_gpio.o
 *fill*         0x000000000000374d        0x3 ff
 .rodata        0x0000000000003750       0xb2 ./drivers/fsl_lpsci.o
 *fill*         0x0000000000003802        0x2 ff
 .rodata.__func__.5511
                0x0000000000003804       0x12 ./drivers/fsl_lpsci.o
 *fill*         0x0000000000003816        0x2 ff
 .rodata.__func__.5547
                0x0000000000003818        0xb ./drivers/fsl_lpsci.o
 *fill*         0x0000000000003823        0x1 ff
 .rodata.__func__.5568
                0x0000000000003824       0x17 ./drivers/fsl_lpsci.o
 *fill*         0x000000000000383b        0x1 ff
 .rodata.__func__.5613
                0x000000000000383c       0x14 ./drivers/fsl_lpsci.o
 .rodata.__func__.5625
                0x0000000000003850       0x13 ./drivers/fsl_lpsci.o
 *fill*         0x0000000000003863        0x1 ff
 .rodata        0x0000000000003864       0x9b ./drivers/fsl_spi.o
 *fill*         0x00000000000038ff        0x1 ff
 .rodata.__func__.5702
                0x0000000000003900       0x16 ./drivers/fsl_spi.o
 *fill*         0x0000000000003916        0x2 ff
 .rodata.__func__.5706
                0x0000000000003918       0x16 ./drivers/fsl_spi.o
 *fill*         0x000000000000392e        0x2 ff
 .rodata.s_uartBases
                0x0000000000003930        0xc ./drivers/fsl_uart.o
 .rodata.s_uartClock
                0x000000000000393c        0xc ./drivers/fsl_uart.o
 .rodata        0x0000000000003948       0xaa ./drivers/fsl_uart.o
 *fill*         0x00000000000039f2        0x2 ff
 .rodata.__func__.5514
                0x00000000000039f4       0x11 ./drivers/fsl_uart.o
 *fill*         0x0000000000003a05        0x3 ff
 .rodata.__func__.5530
                0x0000000000003a08        0xa ./drivers/fsl_uart.o
 *fill*         0x0000000000003a12        0x2 ff
 .rodata.__func__.5543
                0x0000000000003a14       0x16 ./drivers/fsl_uart.o
 *fill*         0x0000000000003a2a        0x2 ff
 .rodata.__func__.5601
                0x0000000000003a2c       0x12 ./drivers/fsl_uart.o
 *fill*         0x0000000000003a3e        0x2 ff
 .rodata.mcgConfig_BOARD_BootClockRUN
                0x0000000000003a40        0xa ./board/clock_config.o
                0x0000000000003a40                mcgConfig_BOARD_BootClockRUN
 *fill*         0x0000000000003a4a        0x2 ff
 .rodata.simConfig_BOARD_BootClockRUN
                0x0000000000003a4c        0x8 ./board/clock_config.o
                0x0000000000003a4c                simConfig_BOARD_BootClockRUN
 .rodata.oscConfig_BOARD_BootClockRUN
                0x0000000000003a54        0x8 ./board/clock_config.o
                0x0000000000003a54                oscConfig_BOARD_BootClockRUN
 .rodata        0x0000000000003a5c       0x1e ./board/pin_mux.o
 *fill*         0x0000000000003a7a        0x2 ff
 .rodata.__func__.5356
                0x0000000000003a7c       0x12 ./board/pin_mux.o
                0x0000000000003a90                . = ALIGN (0x4)
 *fill*         0x0000000000003a8e        0x2 ff
                0x0000000000003a90                . = ALIGN (0x4)
 *(SORT_BY_ALIGNMENT(.init))
 .init          0x0000000000003a90        0x4 /usr/local/mcuxpressoide-11.0.1_2563/ide/plugins/com.nxp.mcuxpresso.tools.linux_11.0.1.201907311258/tools/bin/../lib/gcc/arm-none-eabi/8.2.1/thumb/v6-m/nofp/crti.o
                0x0000000000003a90                _init
 .init          0x0000000000003a94        0x8 /usr/local/mcuxpressoide-11.0.1_2563/ide/plugins/com.nxp.mcuxpresso.tools.linux_11.0.1.201907311258/tools/bin/../lib/gcc/arm-none-eabi/8.2.1/thumb/v6-m/nofp/crtn.o
                0x0000000000003a9c                . = ALIGN (0x4)
                0x0000000000003a9c                __preinit_array_start = .
 *(SORT_BY_ALIGNMENT(.preinit_array))
                0x0000000000003a9c                __preinit_array_end = .
                0x0000000000003a9c                . = ALIGN (0x4)
                0x0000000000003a9c                __init_array_start = .
 *(SORT_BY_NAME(SORT_BY_ALIGNMENT(.init_array.*)))
 *(SORT_BY_ALIGNMENT(.init_array))
 .init_array    0x0000000000003a9c        0x4 ./source/MKL25Z128xxx4_ProtoThreads.o
 .init_array    0x0000000000003aa0        0x4 /usr/local/mcuxpressoide-11.0.1_2563/ide/plugins/com.nxp.mcuxpresso.tools.linux_11.0.1.201907311258/tools/bin/../lib/gcc/arm-none-eabi/8.2.1/thumb/v6-m/nofp/crtbegin.o
                0x0000000000003aa4                __init_array_end = .
 *(SORT_BY_ALIGNMENT(.fini))
 .fini          0x0000000000003aa4        0x4 /usr/local/mcuxpressoide-11.0.1_2563/ide/plugins/com.nxp.mcuxpresso.tools.linux_11.0.1.201907311258/tools/bin/../lib/gcc/arm-none-eabi/8.2.1/thumb/v6-m/nofp/crti.o
                0x0000000000003aa4                _fini
 .fini          0x0000000000003aa8        0x8 /usr/local/mcuxpressoide-11.0.1_2563/ide/plugins/com.nxp.mcuxpresso.tools.linux_11.0.1.201907311258/tools/bin/../lib/gcc/arm-none-eabi/8.2.1/thumb/v6-m/nofp/crtn.o
                0x0000000000003ab0                . = ALIGN (0x4)
 *crtbegin.o(SORT_BY_ALIGNMENT(.ctors))
 *(SORT_BY_ALIGNMENT(EXCLUDE_FILE(*crtend.o) .ctors))
 *(SORT_BY_NAME(SORT_BY_ALIGNMENT(.ctors.*)))
 *crtend.o(SORT_BY_ALIGNMENT(.ctors))
                0x0000000000003ab0                . = ALIGN (0x4)
 *crtbegin.o(SORT_BY_ALIGNMENT(.dtors))
 *(SORT_BY_ALIGNMENT(EXCLUDE_FILE(*crtend.o) .dtors))
 *(SORT_BY_NAME(SORT_BY_ALIGNMENT(.dtors.*)))
 *crtend.o(SORT_BY_ALIGNMENT(.dtors))
                0x0000000000003ab0                . = ALIGN (0x4)

.glue_7         0x0000000000003ab0        0x0
 .glue_7        0x0000000000003ab0        0x0 linker stubs

.glue_7t        0x0000000000003ab0        0x0
 .glue_7t       0x0000000000003ab0        0x0 linker stubs

.vfp11_veneer   0x0000000000003ab0        0x0
 .vfp11_veneer  0x0000000000003ab0        0x0 linker stubs

.v4_bx          0x0000000000003ab0        0x0
 .v4_bx         0x0000000000003ab0        0x0 linker stubs

.iplt           0x0000000000003ab0        0x0
 .iplt          0x0000000000003ab0        0x0 ./utilities/fsl_debug_console.o

.rel.dyn        0x0000000000003ab0        0x0
 .rel.iplt      0x0000000000003ab0        0x0 ./utilities/fsl_debug_console.o

.eh_frame       0x0000000000003ab0        0x0
 .eh_frame      0x0000000000003ab0        0x0 /usr/local/mcuxpressoide-11.0.1_2563/ide/plugins/com.nxp.mcuxpresso.tools.linux_11.0.1.201907311258/tools/bin/../lib/gcc/arm-none-eabi/8.2.1/thumb/v6-m/nofp/crtbegin.o

.ARM.extab
 *(SORT_BY_ALIGNMENT(.ARM.extab*) SORT_BY_ALIGNMENT(.gnu.linkonce.armextab.*))
                0x0000000000003ab0                __exidx_start = .

.ARM.exidx
 *(SORT_BY_ALIGNMENT(.ARM.exidx*) SORT_BY_ALIGNMENT(.gnu.linkonce.armexidx.*))
                0x0000000000003ab0                __exidx_end = .
                0x0000000000003ab0                _etext = .

.m_usb_data
 *(SORT_BY_ALIGNMENT(m_usb_bdt))

.mtb_buffer_default
                0x000000001ffff000       0x80
 *(SORT_BY_ALIGNMENT(.mtb*))
 .mtb.$RAM1     0x000000001ffff000       0x80 ./source/mtb.o
                0x000000001ffff000                __mtb_buffer__

.uninit_RESERVED
                0x000000001ffff080        0x0
                0x000000001ffff080                . = ALIGN (0x4)
 *(SORT_BY_ALIGNMENT(.bss.$RESERVED*))
                0x000000001ffff080                . = ALIGN (0x4)
                0x000000001ffff080                _end_uninit_RESERVED = .

.data           0x000000001ffff080       0x74 load address 0x0000000000003ab0
 FILL mask 0xff
                0x000000001ffff080                _data = .
 *(SORT_BY_ALIGNMENT(vtable))
 *(SORT_BY_ALIGNMENT(.ramfunc*))
 *(SORT_BY_ALIGNMENT(CodeQuickAccess))
 *(SORT_BY_ALIGNMENT(DataQuickAccess))
 *(SORT_BY_ALIGNMENT(RamFunction))
 *(SORT_BY_ALIGNMENT(.data*))
 .data.s_slowIrcFreq
                0x000000001ffff080        0x4 ./drivers/fsl_clock.o
 .data.s_fastIrcFreq
                0x000000001ffff084        0x4 ./drivers/fsl_clock.o
 .data.SystemCoreClock
                0x000000001ffff088        0x4 ./CMSIS/system_MKL25Z4.o
                0x000000001ffff088                SystemCoreClock
 .data._impure_ptr
                0x000000001ffff08c        0x4 /usr/local/mcuxpressoide-11.0.1_2563/ide/plugins/com.nxp.mcuxpresso.tools.linux_11.0.1.201907311258/tools/bin/../lib/gcc/arm-none-eabi/8.2.1/../../../../arm-none-eabi/lib/thumb/v6-m/nofp/libc_nano.a(lib_a-impure.o)
                0x000000001ffff08c                _impure_ptr
 .data.impure_data
                0x000000001ffff090       0x60 /usr/local/mcuxpressoide-11.0.1_2563/ide/plugins/com.nxp.mcuxpresso.tools.linux_11.0.1.201907311258/tools/bin/../lib/gcc/arm-none-eabi/8.2.1/../../../../arm-none-eabi/lib/thumb/v6-m/nofp/libc_nano.a(lib_a-impure.o)
 .data._ZN10__cxxabiv119__terminate_handlerE
                0x000000001ffff0f0        0x4 /usr/local/mcuxpressoide-11.0.1_2563/ide/plugins/com.nxp.mcuxpresso.tools.linux_11.0.1.201907311258/tools/bin/../lib/gcc/arm-none-eabi/8.2.1/../../../../arm-none-eabi/lib/thumb/v6-m/nofp/libstdc++_nano.a(eh_term_handler.o)
                0x000000001ffff0f0                __cxxabiv1::__terminate_handler
                0x000000001ffff0f4                . = ALIGN (0x4)
                0x000000001ffff0f4                _edata = .

.igot.plt       0x000000001ffff0f4        0x0 load address 0x0000000000003b24
 .igot.plt      0x000000001ffff0f4        0x0 ./utilities/fsl_debug_console.o

.bss            0x000000001ffff0f8      0x144 load address 0x0000000000003b24
                0x000000001ffff0f8                . = ALIGN (0x4)
                0x000000001ffff0f8                _bss = .
 *(SORT_BY_ALIGNMENT(.bss*))
 .bss.glTicks   0x000000001ffff0f8        0x8 ./source/MKL25Z128xxx4_ProtoThreads.o
                0x000000001ffff0f8                glTicks
 .bss.swtimer1  0x000000001ffff100       0x18 ./source/MKL25Z128xxx4_ProtoThreads.o
                0x000000001ffff100                swtimer1
 .bss.s_debugConsole
                0x000000001ffff118       0x10 ./utilities/fsl_debug_console.o
 .bss.uartThread
                0x000000001ffff128       0x7c ./source/MKL25Z128xxx4_ProtoThreads.o
                0x000000001ffff128                uartThread
 .bss.ledFlasher
                0x000000001ffff1a4        0xc ./source/MKL25Z128xxx4_ProtoThreads.o
                0x000000001ffff1a4                ledFlasher
 .bss.g_xtal0Freq
                0x000000001ffff1b0        0x4 ./drivers/fsl_clock.o
                0x000000001ffff1b0                g_xtal0Freq
 .bss.g_xtal32Freq
                0x000000001ffff1b4        0x4 ./drivers/fsl_clock.o
                0x000000001ffff1b4                g_xtal32Freq
 .bss.s_DMAHandle
                0x000000001ffff1b8       0x10 ./drivers/fsl_dma.o
 .bss.s_i2cHandle
                0x000000001ffff1c8        0x8 ./drivers/fsl_i2c.o
 .bss.s_i2cMasterIsr
                0x000000001ffff1d0        0x4 ./drivers/fsl_i2c.o
 .bss.s_i2cSlaveIsr
                0x000000001ffff1d4        0x4 ./drivers/fsl_i2c.o
 .bss.s_lpsciHandle
                0x000000001ffff1d8        0x4 ./drivers/fsl_lpsci.o
 .bss.s_lpsciIsr
                0x000000001ffff1dc        0x4 ./drivers/fsl_lpsci.o
 .bss.s_spiHandle
                0x000000001ffff1e0        0x8 ./drivers/fsl_spi.o
 .bss.s_spiMasterIsr
                0x000000001ffff1e8        0x4 ./drivers/fsl_spi.o
 .bss.s_spiSlaveIsr
                0x000000001ffff1ec        0x4 ./drivers/fsl_spi.o
 .bss.s_uartHandle
                0x000000001ffff1f0        0xc ./drivers/fsl_uart.o
 .bss.s_uartIsr
                0x000000001ffff1fc        0x4 ./drivers/fsl_uart.o
 .bss.__malloc_free_list
                0x000000001ffff200        0x4 /usr/local/mcuxpressoide-11.0.1_2563/ide/plugins/com.nxp.mcuxpresso.tools.linux_11.0.1.201907311258/tools/bin/../lib/gcc/arm-none-eabi/8.2.1/../../../../arm-none-eabi/lib/thumb/v6-m/nofp/libc_nano.a(lib_a-nano-mallocr.o)
                0x000000001ffff200                __malloc_free_list
 .bss.__malloc_sbrk_start
                0x000000001ffff204        0x4 /usr/local/mcuxpressoide-11.0.1_2563/ide/plugins/com.nxp.mcuxpresso.tools.linux_11.0.1.201907311258/tools/bin/../lib/gcc/arm-none-eabi/8.2.1/../../../../arm-none-eabi/lib/thumb/v6-m/nofp/libc_nano.a(lib_a-nano-mallocr.o)
                0x000000001ffff204                __malloc_sbrk_start
 .bss.__end_of_heap
                0x000000001ffff208        0x4 /usr/local/mcuxpressoide-11.0.1_2563/ide/plugins/com.nxp.mcuxpresso.tools.linux_11.0.1.201907311258/tools/bin/../lib/gcc/arm-none-eabi/8.2.1/../../../../arm-none-eabi/lib/thumb/v6-m/nofp/libcr_newlib_nohost.a(_cr_sbrk.o)
                0x000000001ffff208                __end_of_heap
 .bss           0x000000001ffff20c       0x1c /usr/local/mcuxpressoide-11.0.1_2563/ide/plugins/com.nxp.mcuxpresso.tools.linux_11.0.1.201907311258/tools/bin/../lib/gcc/arm-none-eabi/8.2.1/thumb/v6-m/nofp/crtbegin.o
 .bss.newCharFlag
                0x000000001ffff228        0x1 ./source/MKL25Z128xxx4_ProtoThreads.o
                0x000000001ffff228                newCharFlag
 .bss.newChar   0x000000001ffff229        0x1 ./source/MKL25Z128xxx4_ProtoThreads.o
                0x000000001ffff229                newChar
 *(SORT_BY_ALIGNMENT(COMMON))
 *fill*         0x000000001ffff22a        0x2 
 COMMON         0x000000001ffff22c        0x4 /usr/local/mcuxpressoide-11.0.1_2563/ide/plugins/com.nxp.mcuxpresso.tools.linux_11.0.1.201907311258/tools/bin/../lib/gcc/arm-none-eabi/8.2.1/../../../../arm-none-eabi/lib/thumb/v6-m/nofp/libc_nano.a(lib_a-reent.o)
                0x000000001ffff22c                errno
 COMMON         0x000000001ffff230        0x9 /usr/local/mcuxpressoide-11.0.1_2563/ide/plugins/com.nxp.mcuxpresso.tools.linux_11.0.1.201907311258/tools/bin/../lib/gcc/arm-none-eabi/8.2.1/../../../../arm-none-eabi/lib/thumb/v6-m/nofp/libc_nano.a(lib_a-lock.o)
                0x000000001ffff230                __lock___atexit_recursive_mutex
                0x000000001ffff231                __lock___arc4random_mutex
                0x000000001ffff232                __lock___env_recursive_mutex
                0x000000001ffff233                __lock___sinit_recursive_mutex
                0x000000001ffff234                __lock___malloc_recursive_mutex
                0x000000001ffff235                __lock___at_quick_exit_mutex
                0x000000001ffff236                __lock___dd_hash_mutex
                0x000000001ffff237                __lock___tz_mutex
                0x000000001ffff238                __lock___sfp_recursive_mutex
                0x000000001ffff23c                . = ALIGN (0x4)
 *fill*         0x000000001ffff239        0x3 
                0x000000001ffff23c                _ebss = .
                [!provide]                        PROVIDE (end = .)

.noinit         0x000000001ffff23c        0x0 load address 0x0000000000003b24
                0x000000001ffff23c                . = ALIGN (0x4)
                0x000000001ffff23c                _noinit = .
 *(SORT_BY_ALIGNMENT(.noinit*))
                0x000000001ffff23c                . = ALIGN (0x4)
                0x000000001ffff23c                _end_noinit = .
                0x0000000000000400                _HeapSize = 0x400

.heap           0x000000001ffff23c      0x400 load address 0x0000000000003b24
                0x000000001ffff23c                _pvHeapStart = .
                0x000000001ffff63c                . = (. + _HeapSize)
 *fill*         0x000000001ffff23c      0x400 
                0x000000001ffff63c                . = ALIGN (0x4)
                0x000000001ffff63c                _pvHeapLimit = .
                0x0000000000000400                _StackSize = 0x400

.heap2stackfill
                0x000000001ffff63c      0x400 load address 0x0000000000003b24
                0x000000001ffffa3c                . = (. + _StackSize)
 *fill*         0x000000001ffff63c      0x400 

.stack          0x0000000020002c00        0x0
                0x0000000020002c00                _vStackBase = .
                0x0000000020002c00                . = ALIGN (0x4)
                0x0000000020003000                _vStackTop = (. + _StackSize)
                0x0000000000000000                _image_start = LOADADDR (.text)
                0x0000000000003b24                _image_end = (LOADADDR (.data) + SIZEOF (.data))
                0x0000000000003b24                _image_size = (_image_end - _image_start)
OUTPUT(MKL25Z128xxx4_ProtoThreads.axf elf32-littlearm)

.debug_info     0x0000000000000000    0x1bc02
 .debug_info    0x0000000000000000     0x1751 ./utilities/fsl_debug_console.o
 .debug_info    0x0000000000001751      0x4e2 ./startup/startup_mkl25z4.o
 .debug_info    0x0000000000001c33      0xd52 ./source/LedFlasher.o
 .debug_info    0x0000000000002985     0x53ef ./source/MKL25Z128xxx4_ProtoThreads.o
 .debug_info    0x0000000000007d74      0x1d8 ./source/SwTimer.o
 .debug_info    0x0000000000007f4c      0xd21 ./source/UartThread.o
 .debug_info    0x0000000000008c6d     0x1282 ./source/cpp_config.o
 .debug_info    0x0000000000009eef       0x53 ./source/mtb.o
 .debug_info    0x0000000000009f42       0x3c ./source/semihost_hardfault.o
 .debug_info    0x0000000000009f7e     0x2414 ./drivers/fsl_clock.o
 .debug_info    0x000000000000c392      0xceb ./drivers/fsl_common.o
 .debug_info    0x000000000000d07d     0x1976 ./drivers/fsl_dma.o
 .debug_info    0x000000000000e9f3      0xe37 ./drivers/fsl_gpio.o
 .debug_info    0x000000000000f82a     0x2510 ./drivers/fsl_i2c.o
 .debug_info    0x0000000000011d3a     0x1f30 ./drivers/fsl_lpsci.o
 .debug_info    0x0000000000013c6a     0x1e3a ./drivers/fsl_spi.o
 .debug_info    0x0000000000015aa4     0x1ead ./drivers/fsl_uart.o
 .debug_info    0x0000000000017951      0xf83 ./board/board.o
 .debug_info    0x00000000000188d4     0x1387 ./board/clock_config.o
 .debug_info    0x0000000000019c5b       0x3c ./board/peripherals.o
 .debug_info    0x0000000000019c97     0x10a5 ./board/pin_mux.o
 .debug_info    0x000000000001ad3c      0x425 ./CMSIS/system_MKL25Z4.o
 .debug_info    0x000000000001b161      0x9f8 /usr/local/mcuxpressoide-11.0.1_2563/ide/plugins/com.nxp.mcuxpresso.tools.linux_11.0.1.201907311258/tools/bin/../lib/gcc/arm-none-eabi/8.2.1/../../../../arm-none-eabi/lib/thumb/v6-m/nofp/libcr_newlib_nohost.a(_cr_sbrk.o)
 .debug_info    0x000000000001bb59       0x38 /usr/local/mcuxpressoide-11.0.1_2563/ide/plugins/com.nxp.mcuxpresso.tools.linux_11.0.1.201907311258/tools/bin/../lib/gcc/arm-none-eabi/8.2.1/../../../../arm-none-eabi/lib/thumb/v6-m/nofp/libcr_newlib_nohost.a(cr_abort.o)
 .debug_info    0x000000000001bb91       0x71 /usr/local/mcuxpressoide-11.0.1_2563/ide/plugins/com.nxp.mcuxpresso.tools.linux_11.0.1.201907311258/tools/bin/../lib/gcc/arm-none-eabi/8.2.1/../../../../arm-none-eabi/lib/thumb/v6-m/nofp/libcr_newlib_nohost.a(_cr_check_heap.o)

.debug_abbrev   0x0000000000000000     0x45e2
 .debug_abbrev  0x0000000000000000      0x38c ./utilities/fsl_debug_console.o
 .debug_abbrev  0x000000000000038c      0x183 ./startup/startup_mkl25z4.o
 .debug_abbrev  0x000000000000050f      0x357 ./source/LedFlasher.o
 .debug_abbrev  0x0000000000000866      0xb23 ./source/MKL25Z128xxx4_ProtoThreads.o
 .debug_abbrev  0x0000000000001389      0x109 ./source/SwTimer.o
 .debug_abbrev  0x0000000000001492      0x348 ./source/UartThread.o
 .debug_abbrev  0x00000000000017da      0x378 ./source/cpp_config.o
 .debug_abbrev  0x0000000000001b52       0x46 ./source/mtb.o
 .debug_abbrev  0x0000000000001b98       0x31 ./source/semihost_hardfault.o
 .debug_abbrev  0x0000000000001bc9      0x439 ./drivers/fsl_clock.o
 .debug_abbrev  0x0000000000002002      0x37c ./drivers/fsl_common.o
 .debug_abbrev  0x000000000000237e      0x38a ./drivers/fsl_dma.o
 .debug_abbrev  0x0000000000002708      0x29c ./drivers/fsl_gpio.o
 .debug_abbrev  0x00000000000029a4      0x42a ./drivers/fsl_i2c.o
 .debug_abbrev  0x0000000000002dce      0x3c5 ./drivers/fsl_lpsci.o
 .debug_abbrev  0x0000000000003193      0x3c5 ./drivers/fsl_spi.o
 .debug_abbrev  0x0000000000003558      0x3df ./drivers/fsl_uart.o
 .debug_abbrev  0x0000000000003937      0x25c ./board/board.o
 .debug_abbrev  0x0000000000003b93      0x2e8 ./board/clock_config.o
 .debug_abbrev  0x0000000000003e7b       0x31 ./board/peripherals.o
 .debug_abbrev  0x0000000000003eac      0x325 ./board/pin_mux.o
 .debug_abbrev  0x00000000000041d1      0x12e ./CMSIS/system_MKL25Z4.o
 .debug_abbrev  0x00000000000042ff      0x24a /usr/local/mcuxpressoide-11.0.1_2563/ide/plugins/com.nxp.mcuxpresso.tools.linux_11.0.1.201907311258/tools/bin/../lib/gcc/arm-none-eabi/8.2.1/../../../../arm-none-eabi/lib/thumb/v6-m/nofp/libcr_newlib_nohost.a(_cr_sbrk.o)
 .debug_abbrev  0x0000000000004549       0x2e /usr/local/mcuxpressoide-11.0.1_2563/ide/plugins/com.nxp.mcuxpresso.tools.linux_11.0.1.201907311258/tools/bin/../lib/gcc/arm-none-eabi/8.2.1/../../../../arm-none-eabi/lib/thumb/v6-m/nofp/libcr_newlib_nohost.a(cr_abort.o)
 .debug_abbrev  0x0000000000004577       0x6b /usr/local/mcuxpressoide-11.0.1_2563/ide/plugins/com.nxp.mcuxpresso.tools.linux_11.0.1.201907311258/tools/bin/../lib/gcc/arm-none-eabi/8.2.1/../../../../arm-none-eabi/lib/thumb/v6-m/nofp/libcr_newlib_nohost.a(_cr_check_heap.o)

.debug_aranges  0x0000000000000000      0xd70
 .debug_aranges
                0x0000000000000000       0x90 ./utilities/fsl_debug_console.o
 .debug_aranges
                0x0000000000000090      0x160 ./startup/startup_mkl25z4.o
 .debug_aranges
                0x00000000000001f0       0x30 ./source/LedFlasher.o
 .debug_aranges
                0x0000000000000220       0xf8 ./source/MKL25Z128xxx4_ProtoThreads.o
 .debug_aranges
                0x0000000000000318       0x30 ./source/SwTimer.o
 .debug_aranges
                0x0000000000000348       0x30 ./source/UartThread.o
 .debug_aranges
                0x0000000000000378       0x48 ./source/cpp_config.o
 .debug_aranges
                0x00000000000003c0       0x18 ./source/mtb.o
 .debug_aranges
                0x00000000000003d8       0x20 ./source/semihost_hardfault.o
 .debug_aranges
                0x00000000000003f8      0x1d8 ./drivers/fsl_clock.o
 .debug_aranges
                0x00000000000005d0       0x38 ./drivers/fsl_common.o
 .debug_aranges
                0x0000000000000608       0xd0 ./drivers/fsl_dma.o
 .debug_aranges
                0x00000000000006d8       0x40 ./drivers/fsl_gpio.o
 .debug_aranges
                0x0000000000000718      0x178 ./drivers/fsl_i2c.o
 .debug_aranges
                0x0000000000000890      0x118 ./drivers/fsl_lpsci.o
 .debug_aranges
                0x00000000000009a8      0x130 ./drivers/fsl_spi.o
 .debug_aranges
                0x0000000000000ad8      0x130 ./drivers/fsl_uart.o
 .debug_aranges
                0x0000000000000c08       0x28 ./board/board.o
 .debug_aranges
                0x0000000000000c30       0x58 ./board/clock_config.o
 .debug_aranges
                0x0000000000000c88       0x20 ./board/peripherals.o
 .debug_aranges
                0x0000000000000ca8       0x40 ./board/pin_mux.o
 .debug_aranges
                0x0000000000000ce8       0x28 ./CMSIS/system_MKL25Z4.o
 .debug_aranges
                0x0000000000000d10       0x20 /usr/local/mcuxpressoide-11.0.1_2563/ide/plugins/com.nxp.mcuxpresso.tools.linux_11.0.1.201907311258/tools/bin/../lib/gcc/arm-none-eabi/8.2.1/../../../../arm-none-eabi/lib/thumb/v6-m/nofp/libcr_newlib_nohost.a(_cr_sbrk.o)
 .debug_aranges
                0x0000000000000d30       0x20 /usr/local/mcuxpressoide-11.0.1_2563/ide/plugins/com.nxp.mcuxpresso.tools.linux_11.0.1.201907311258/tools/bin/../lib/gcc/arm-none-eabi/8.2.1/../../../../arm-none-eabi/lib/thumb/v6-m/nofp/libcr_newlib_nohost.a(cr_abort.o)
 .debug_aranges
                0x0000000000000d50       0x20 /usr/local/mcuxpressoide-11.0.1_2563/ide/plugins/com.nxp.mcuxpresso.tools.linux_11.0.1.201907311258/tools/bin/../lib/gcc/arm-none-eabi/8.2.1/../../../../arm-none-eabi/lib/thumb/v6-m/nofp/libcr_newlib_nohost.a(_cr_check_heap.o)

.debug_ranges   0x0000000000000000      0xbd8
 .debug_ranges  0x0000000000000000       0x80 ./utilities/fsl_debug_console.o
 .debug_ranges  0x0000000000000080      0x150 ./startup/startup_mkl25z4.o
 .debug_ranges  0x00000000000001d0       0x20 ./source/LedFlasher.o
 .debug_ranges  0x00000000000001f0       0xe8 ./source/MKL25Z128xxx4_ProtoThreads.o
 .debug_ranges  0x00000000000002d8       0x20 ./source/SwTimer.o
 .debug_ranges  0x00000000000002f8       0x20 ./source/UartThread.o
 .debug_ranges  0x0000000000000318       0x38 ./source/cpp_config.o
 .debug_ranges  0x0000000000000350       0x10 ./source/semihost_hardfault.o
 .debug_ranges  0x0000000000000360      0x1c8 ./drivers/fsl_clock.o
 .debug_ranges  0x0000000000000528       0x28 ./drivers/fsl_common.o
 .debug_ranges  0x0000000000000550       0xc0 ./drivers/fsl_dma.o
 .debug_ranges  0x0000000000000610       0x30 ./drivers/fsl_gpio.o
 .debug_ranges  0x0000000000000640      0x168 ./drivers/fsl_i2c.o
 .debug_ranges  0x00000000000007a8      0x108 ./drivers/fsl_lpsci.o
 .debug_ranges  0x00000000000008b0      0x120 ./drivers/fsl_spi.o
 .debug_ranges  0x00000000000009d0      0x120 ./drivers/fsl_uart.o
 .debug_ranges  0x0000000000000af0       0x18 ./board/board.o
 .debug_ranges  0x0000000000000b08       0x48 ./board/clock_config.o
 .debug_ranges  0x0000000000000b50       0x10 ./board/peripherals.o
 .debug_ranges  0x0000000000000b60       0x30 ./board/pin_mux.o
 .debug_ranges  0x0000000000000b90       0x18 ./CMSIS/system_MKL25Z4.o
 .debug_ranges  0x0000000000000ba8       0x10 /usr/local/mcuxpressoide-11.0.1_2563/ide/plugins/com.nxp.mcuxpresso.tools.linux_11.0.1.201907311258/tools/bin/../lib/gcc/arm-none-eabi/8.2.1/../../../../arm-none-eabi/lib/thumb/v6-m/nofp/libcr_newlib_nohost.a(_cr_sbrk.o)
 .debug_ranges  0x0000000000000bb8       0x10 /usr/local/mcuxpressoide-11.0.1_2563/ide/plugins/com.nxp.mcuxpresso.tools.linux_11.0.1.201907311258/tools/bin/../lib/gcc/arm-none-eabi/8.2.1/../../../../arm-none-eabi/lib/thumb/v6-m/nofp/libcr_newlib_nohost.a(cr_abort.o)
 .debug_ranges  0x0000000000000bc8       0x10 /usr/local/mcuxpressoide-11.0.1_2563/ide/plugins/com.nxp.mcuxpresso.tools.linux_11.0.1.201907311258/tools/bin/../lib/gcc/arm-none-eabi/8.2.1/../../../../arm-none-eabi/lib/thumb/v6-m/nofp/libcr_newlib_nohost.a(_cr_check_heap.o)

.debug_macro    0x0000000000000000     0xe43f
 .debug_macro   0x0000000000000000      0x221 ./utilities/fsl_debug_console.o
 .debug_macro   0x0000000000000221      0xaa2 ./utilities/fsl_debug_console.o
 .debug_macro   0x0000000000000cc3       0x58 ./utilities/fsl_debug_console.o
 .debug_macro   0x0000000000000d1b       0x18 ./utilities/fsl_debug_console.o
 .debug_macro   0x0000000000000d33       0x22 ./utilities/fsl_debug_console.o
 .debug_macro   0x0000000000000d55       0x58 ./utilities/fsl_debug_console.o
 .debug_macro   0x0000000000000dad       0x94 ./utilities/fsl_debug_console.o
 .debug_macro   0x0000000000000e41       0x35 ./utilities/fsl_debug_console.o
 .debug_macro   0x0000000000000e76       0x34 ./utilities/fsl_debug_console.o
 .debug_macro   0x0000000000000eaa       0x16 ./utilities/fsl_debug_console.o
 .debug_macro   0x0000000000000ec0      0x10e ./utilities/fsl_debug_console.o
 .debug_macro   0x0000000000000fce       0x8d ./utilities/fsl_debug_console.o
 .debug_macro   0x000000000000105b       0x57 ./utilities/fsl_debug_console.o
 .debug_macro   0x00000000000010b2       0x58 ./utilities/fsl_debug_console.o
 .debug_macro   0x000000000000110a       0x1f ./utilities/fsl_debug_console.o
 .debug_macro   0x0000000000001129       0x43 ./utilities/fsl_debug_console.o
 .debug_macro   0x000000000000116c       0x20 ./utilities/fsl_debug_console.o
 .debug_macro   0x000000000000118c      0x18e ./utilities/fsl_debug_console.o
 .debug_macro   0x000000000000131a      0x339 ./utilities/fsl_debug_console.o
 .debug_macro   0x0000000000001653       0x16 ./utilities/fsl_debug_console.o
 .debug_macro   0x0000000000001669       0x29 ./utilities/fsl_debug_console.o
 .debug_macro   0x0000000000001692      0x1e1 ./utilities/fsl_debug_console.o
 .debug_macro   0x0000000000001873       0x1c ./utilities/fsl_debug_console.o
 .debug_macro   0x000000000000188f       0x22 ./utilities/fsl_debug_console.o
 .debug_macro   0x00000000000018b1       0xef ./utilities/fsl_debug_console.o
 .debug_macro   0x00000000000019a0       0x6a ./utilities/fsl_debug_console.o
 .debug_macro   0x0000000000001a0a      0x1df ./utilities/fsl_debug_console.o
 .debug_macro   0x0000000000001be9       0x16 ./utilities/fsl_debug_console.o
 .debug_macro   0x0000000000001bff       0x35 ./utilities/fsl_debug_console.o
 .debug_macro   0x0000000000001c34       0x10 ./utilities/fsl_debug_console.o
 .debug_macro   0x0000000000001c44       0x3f ./utilities/fsl_debug_console.o
 .debug_macro   0x0000000000001c83       0x3a ./utilities/fsl_debug_console.o
 .debug_macro   0x0000000000001cbd       0x26 ./utilities/fsl_debug_console.o
 .debug_macro   0x0000000000001ce3      0x329 ./utilities/fsl_debug_console.o
 .debug_macro   0x000000000000200c       0x30 ./utilities/fsl_debug_console.o
 .debug_macro   0x000000000000203c     0x51e2 ./utilities/fsl_debug_console.o
 .debug_macro   0x000000000000721e     0x1352 ./utilities/fsl_debug_console.o
 .debug_macro   0x0000000000008570       0x3a ./utilities/fsl_debug_console.o
 .debug_macro   0x00000000000085aa       0xf4 ./utilities/fsl_debug_console.o
 .debug_macro   0x000000000000869e       0x35 ./utilities/fsl_debug_console.o
 .debug_macro   0x00000000000086d3       0x34 ./utilities/fsl_debug_console.o
 .debug_macro   0x0000000000008707       0x10 ./utilities/fsl_debug_console.o
 .debug_macro   0x0000000000008717       0x10 ./utilities/fsl_debug_console.o
 .debug_macro   0x0000000000008727       0x2a ./startup/startup_mkl25z4.o
 .debug_macro   0x0000000000008751      0xb7a ./startup/startup_mkl25z4.o
 .debug_macro   0x00000000000092cb      0x1d8 ./source/LedFlasher.o
 .debug_macro   0x00000000000094a3       0x47 ./source/LedFlasher.o
 .debug_macro   0x00000000000094ea      0x34e ./source/LedFlasher.o
 .debug_macro   0x0000000000009838       0x34 ./source/LedFlasher.o
 .debug_macro   0x000000000000986c       0x16 ./source/LedFlasher.o
 .debug_macro   0x0000000000009882       0x16 ./source/LedFlasher.o
 .debug_macro   0x0000000000009898      0x17b ./source/LedFlasher.o
 .debug_macro   0x0000000000009a13       0x43 ./source/LedFlasher.o
 .debug_macro   0x0000000000009a56      0x35c ./source/LedFlasher.o
 .debug_macro   0x0000000000009db2       0x10 ./source/LedFlasher.o
 .debug_macro   0x0000000000009dc2       0x35 ./source/LedFlasher.o
 .debug_macro   0x0000000000009df7      0x329 ./source/LedFlasher.o
 .debug_macro   0x000000000000a120       0x40 ./source/LedFlasher.o
 .debug_macro   0x000000000000a160      0xa8a ./source/MKL25Z128xxx4_ProtoThreads.o
 .debug_macro   0x000000000000abea       0x16 ./source/MKL25Z128xxx4_ProtoThreads.o
 .debug_macro   0x000000000000ac00       0x97 ./source/MKL25Z128xxx4_ProtoThreads.o
 .debug_macro   0x000000000000ac97      0x104 ./source/MKL25Z128xxx4_ProtoThreads.o
 .debug_macro   0x000000000000ad9b       0x10 ./source/MKL25Z128xxx4_ProtoThreads.o
 .debug_macro   0x000000000000adab       0x10 ./source/MKL25Z128xxx4_ProtoThreads.o
 .debug_macro   0x000000000000adbb       0x1c ./source/MKL25Z128xxx4_ProtoThreads.o
 .debug_macro   0x000000000000add7       0x52 ./source/MKL25Z128xxx4_ProtoThreads.o
 .debug_macro   0x000000000000ae29       0x40 ./source/MKL25Z128xxx4_ProtoThreads.o
 .debug_macro   0x000000000000ae69       0x10 ./source/MKL25Z128xxx4_ProtoThreads.o
 .debug_macro   0x000000000000ae79       0x40 ./source/MKL25Z128xxx4_ProtoThreads.o
 .debug_macro   0x000000000000aeb9       0xd7 ./source/MKL25Z128xxx4_ProtoThreads.o
 .debug_macro   0x000000000000af90       0x1c ./source/MKL25Z128xxx4_ProtoThreads.o
 .debug_macro   0x000000000000afac       0x3d ./source/MKL25Z128xxx4_ProtoThreads.o
 .debug_macro   0x000000000000afe9       0x16 ./source/MKL25Z128xxx4_ProtoThreads.o
 .debug_macro   0x000000000000afff      0x137 ./source/MKL25Z128xxx4_ProtoThreads.o
 .debug_macro   0x000000000000b136       0x16 ./source/MKL25Z128xxx4_ProtoThreads.o
 .debug_macro   0x000000000000b14c       0x10 ./source/MKL25Z128xxx4_ProtoThreads.o
 .debug_macro   0x000000000000b15c      0x112 ./source/MKL25Z128xxx4_ProtoThreads.o
 .debug_macro   0x000000000000b26e       0x3a ./source/MKL25Z128xxx4_ProtoThreads.o
 .debug_macro   0x000000000000b2a8       0x10 ./source/MKL25Z128xxx4_ProtoThreads.o
 .debug_macro   0x000000000000b2b8      0x16f ./source/MKL25Z128xxx4_ProtoThreads.o
 .debug_macro   0x000000000000b427       0x10 ./source/MKL25Z128xxx4_ProtoThreads.o
 .debug_macro   0x000000000000b437      0x3ed ./source/MKL25Z128xxx4_ProtoThreads.o
 .debug_macro   0x000000000000b824       0x1c ./source/MKL25Z128xxx4_ProtoThreads.o
 .debug_macro   0x000000000000b840       0x10 ./source/MKL25Z128xxx4_ProtoThreads.o
 .debug_macro   0x000000000000b850       0x28 ./source/MKL25Z128xxx4_ProtoThreads.o
 .debug_macro   0x000000000000b878       0x41 ./source/MKL25Z128xxx4_ProtoThreads.o
 .debug_macro   0x000000000000b8b9       0x12 ./source/MKL25Z128xxx4_ProtoThreads.o
 .debug_macro   0x000000000000b8cb       0x7c ./source/MKL25Z128xxx4_ProtoThreads.o
 .debug_macro   0x000000000000b947       0x17 ./source/MKL25Z128xxx4_ProtoThreads.o
 .debug_macro   0x000000000000b95e       0xee ./source/MKL25Z128xxx4_ProtoThreads.o
 .debug_macro   0x000000000000ba4c       0x64 ./source/MKL25Z128xxx4_ProtoThreads.o
 .debug_macro   0x000000000000bab0       0x40 ./source/MKL25Z128xxx4_ProtoThreads.o
 .debug_macro   0x000000000000baf0       0x4c ./source/MKL25Z128xxx4_ProtoThreads.o
 .debug_macro   0x000000000000bb3c       0x2e ./source/MKL25Z128xxx4_ProtoThreads.o
 .debug_macro   0x000000000000bb6a       0x18 ./source/MKL25Z128xxx4_ProtoThreads.o
 .debug_macro   0x000000000000bb82       0x19 ./source/MKL25Z128xxx4_ProtoThreads.o
 .debug_macro   0x000000000000bb9b       0x22 ./source/MKL25Z128xxx4_ProtoThreads.o
 .debug_macro   0x000000000000bbbd       0x3c ./source/MKL25Z128xxx4_ProtoThreads.o
 .debug_macro   0x000000000000bbf9       0x2c ./source/MKL25Z128xxx4_ProtoThreads.o
 .debug_macro   0x000000000000bc25      0x173 ./source/MKL25Z128xxx4_ProtoThreads.o
 .debug_macro   0x000000000000bd98       0x6e ./source/MKL25Z128xxx4_ProtoThreads.o
 .debug_macro   0x000000000000be06       0x76 ./source/MKL25Z128xxx4_ProtoThreads.o
 .debug_macro   0x000000000000be7c       0x19 ./source/MKL25Z128xxx4_ProtoThreads.o
 .debug_macro   0x000000000000be95       0x10 ./source/MKL25Z128xxx4_ProtoThreads.o
 .debug_macro   0x000000000000bea5       0x5e ./source/MKL25Z128xxx4_ProtoThreads.o
 .debug_macro   0x000000000000bf03       0x16 ./source/MKL25Z128xxx4_ProtoThreads.o
 .debug_macro   0x000000000000bf19       0x52 ./source/MKL25Z128xxx4_ProtoThreads.o
 .debug_macro   0x000000000000bf6b       0x5e ./source/MKL25Z128xxx4_ProtoThreads.o
 .debug_macro   0x000000000000bfc9       0x11 ./source/MKL25Z128xxx4_ProtoThreads.o
 .debug_macro   0x000000000000bfda       0x2f ./source/MKL25Z128xxx4_ProtoThreads.o
 .debug_macro   0x000000000000c009       0x16 ./source/MKL25Z128xxx4_ProtoThreads.o
 .debug_macro   0x000000000000c01f       0x17 ./source/MKL25Z128xxx4_ProtoThreads.o
 .debug_macro   0x000000000000c036       0x11 ./source/MKL25Z128xxx4_ProtoThreads.o
 .debug_macro   0x000000000000c047       0x10 ./source/MKL25Z128xxx4_ProtoThreads.o
 .debug_macro   0x000000000000c057       0x10 ./source/MKL25Z128xxx4_ProtoThreads.o
 .debug_macro   0x000000000000c067       0x1c ./source/MKL25Z128xxx4_ProtoThreads.o
 .debug_macro   0x000000000000c083       0xde ./source/MKL25Z128xxx4_ProtoThreads.o
 .debug_macro   0x000000000000c161      0x11d ./source/MKL25Z128xxx4_ProtoThreads.o
 .debug_macro   0x000000000000c27e       0x10 ./source/MKL25Z128xxx4_ProtoThreads.o
 .debug_macro   0x000000000000c28e      0x241 ./source/MKL25Z128xxx4_ProtoThreads.o
 .debug_macro   0x000000000000c4cf       0x17 ./source/MKL25Z128xxx4_ProtoThreads.o
 .debug_macro   0x000000000000c4e6       0x17 ./source/MKL25Z128xxx4_ProtoThreads.o
 .debug_macro   0x000000000000c4fd       0x10 ./source/MKL25Z128xxx4_ProtoThreads.o
 .debug_macro   0x000000000000c50d       0x10 ./source/MKL25Z128xxx4_ProtoThreads.o
 .debug_macro   0x000000000000c51d       0x76 ./source/MKL25Z128xxx4_ProtoThreads.o
 .debug_macro   0x000000000000c593       0x16 ./source/MKL25Z128xxx4_ProtoThreads.o
 .debug_macro   0x000000000000c5a9       0x22 ./source/MKL25Z128xxx4_ProtoThreads.o
 .debug_macro   0x000000000000c5cb       0x27 ./source/MKL25Z128xxx4_ProtoThreads.o
 .debug_macro   0x000000000000c5f2       0x10 ./source/MKL25Z128xxx4_ProtoThreads.o
 .debug_macro   0x000000000000c602      0x120 ./source/MKL25Z128xxx4_ProtoThreads.o
 .debug_macro   0x000000000000c722       0x22 ./source/MKL25Z128xxx4_ProtoThreads.o
 .debug_macro   0x000000000000c744       0x20 ./source/MKL25Z128xxx4_ProtoThreads.o
 .debug_macro   0x000000000000c764       0x10 ./source/MKL25Z128xxx4_ProtoThreads.o
 .debug_macro   0x000000000000c774       0x10 ./source/MKL25Z128xxx4_ProtoThreads.o
 .debug_macro   0x000000000000c784       0x20 ./source/MKL25Z128xxx4_ProtoThreads.o
 .debug_macro   0x000000000000c7a4       0x28 ./source/MKL25Z128xxx4_ProtoThreads.o
 .debug_macro   0x000000000000c7cc       0x17 ./source/MKL25Z128xxx4_ProtoThreads.o
 .debug_macro   0x000000000000c7e3       0x10 ./source/MKL25Z128xxx4_ProtoThreads.o
 .debug_macro   0x000000000000c7f3       0x2e ./source/SwTimer.o
 .debug_macro   0x000000000000c821      0x1ce ./source/UartThread.o
 .debug_macro   0x000000000000c9ef      0x140 ./source/cpp_config.o
 .debug_macro   0x000000000000cb2f      0x10e ./source/cpp_config.o
 .debug_macro   0x000000000000cc3d       0x94 ./source/cpp_config.o
 .debug_macro   0x000000000000ccd1       0x2f ./source/mtb.o
 .debug_macro   0x000000000000cd00       0x82 ./source/mtb.o
 .debug_macro   0x000000000000cd82       0x10 ./source/mtb.o
 .debug_macro   0x000000000000cd92       0x11 ./source/semihost_hardfault.o
 .debug_macro   0x000000000000cda3      0x26a ./drivers/fsl_clock.o
 .debug_macro   0x000000000000d00d      0x1c3 ./drivers/fsl_common.o
 .debug_macro   0x000000000000d1d0      0x1c0 ./drivers/fsl_dma.o
 .debug_macro   0x000000000000d390      0x1c0 ./drivers/fsl_gpio.o
 .debug_macro   0x000000000000d550      0x1bf ./drivers/fsl_i2c.o
 .debug_macro   0x000000000000d70f       0x10 ./drivers/fsl_i2c.o
 .debug_macro   0x000000000000d71f      0x1c0 ./drivers/fsl_lpsci.o
 .debug_macro   0x000000000000d8df      0x1bf ./drivers/fsl_spi.o
 .debug_macro   0x000000000000da9e       0x10 ./drivers/fsl_spi.o
 .debug_macro   0x000000000000daae      0x1c6 ./drivers/fsl_uart.o
 .debug_macro   0x000000000000dc74      0x1e6 ./board/board.o
 .debug_macro   0x000000000000de5a       0x8e ./board/board.o
 .debug_macro   0x000000000000dee8       0x51 ./board/board.o
 .debug_macro   0x000000000000df39       0x5e ./board/board.o
 .debug_macro   0x000000000000df97      0x1f7 ./board/clock_config.o
 .debug_macro   0x000000000000e18e       0x1b ./board/peripherals.o
 .debug_macro   0x000000000000e1a9      0x1cb ./board/pin_mux.o
 .debug_macro   0x000000000000e374       0x10 ./board/pin_mux.o
 .debug_macro   0x000000000000e384       0xbb ./CMSIS/system_MKL25Z4.o

.debug_line     0x0000000000000000     0xbbd3
 .debug_line    0x0000000000000000      0xe1c ./utilities/fsl_debug_console.o
 .debug_line    0x0000000000000e1c      0x1ff ./startup/startup_mkl25z4.o
 .debug_line    0x000000000000101b      0x4f3 ./source/LedFlasher.o
 .debug_line    0x000000000000150e     0x1abe ./source/MKL25Z128xxx4_ProtoThreads.o
 .debug_line    0x0000000000002fcc      0x143 ./source/SwTimer.o
 .debug_line    0x000000000000310f      0x591 ./source/UartThread.o
 .debug_line    0x00000000000036a0      0x5d5 ./source/cpp_config.o
 .debug_line    0x0000000000003c75       0xda ./source/mtb.o
 .debug_line    0x0000000000003d4f       0x5a ./source/semihost_hardfault.o
 .debug_line    0x0000000000003da9     0x149d ./drivers/fsl_clock.o
 .debug_line    0x0000000000005246      0x53c ./drivers/fsl_common.o
 .debug_line    0x0000000000005782      0x8ef ./drivers/fsl_dma.o
 .debug_line    0x0000000000006071      0x537 ./drivers/fsl_gpio.o
 .debug_line    0x00000000000065a8     0x1462 ./drivers/fsl_i2c.o
 .debug_line    0x0000000000007a0a      0xf1e ./drivers/fsl_lpsci.o
 .debug_line    0x0000000000008928      0xca0 ./drivers/fsl_spi.o
 .debug_line    0x00000000000095c8      0xf0c ./drivers/fsl_uart.o
 .debug_line    0x000000000000a4d4      0x4cf ./board/board.o
 .debug_line    0x000000000000a9a3      0x55f ./board/clock_config.o
 .debug_line    0x000000000000af02       0x5c ./board/peripherals.o
 .debug_line    0x000000000000af5e      0x536 ./board/pin_mux.o
 .debug_line    0x000000000000b494      0x492 ./CMSIS/system_MKL25Z4.o
 .debug_line    0x000000000000b926      0x1f4 /usr/local/mcuxpressoide-11.0.1_2563/ide/plugins/com.nxp.mcuxpresso.tools.linux_11.0.1.201907311258/tools/bin/../lib/gcc/arm-none-eabi/8.2.1/../../../../arm-none-eabi/lib/thumb/v6-m/nofp/libcr_newlib_nohost.a(_cr_sbrk.o)
 .debug_line    0x000000000000bb1a       0x4f /usr/local/mcuxpressoide-11.0.1_2563/ide/plugins/com.nxp.mcuxpresso.tools.linux_11.0.1.201907311258/tools/bin/../lib/gcc/arm-none-eabi/8.2.1/../../../../arm-none-eabi/lib/thumb/v6-m/nofp/libcr_newlib_nohost.a(cr_abort.o)
 .debug_line    0x000000000000bb69       0x6a /usr/local/mcuxpressoide-11.0.1_2563/ide/plugins/com.nxp.mcuxpresso.tools.linux_11.0.1.201907311258/tools/bin/../lib/gcc/arm-none-eabi/8.2.1/../../../../arm-none-eabi/lib/thumb/v6-m/nofp/libcr_newlib_nohost.a(_cr_check_heap.o)

.debug_str      0x0000000000000000    0x45969
 .debug_str     0x0000000000000000    0x33e13 ./utilities/fsl_debug_console.o
                                      0x34360 (size before relaxing)
 .debug_str     0x0000000000033e13      0x9cb ./startup/startup_mkl25z4.o
                                       0x35ce (size before relaxing)
 .debug_str     0x00000000000347de     0x11e4 ./source/LedFlasher.o
                                      0x336a3 (size before relaxing)
 .debug_str     0x00000000000359c2     0xade6 ./source/MKL25Z128xxx4_ProtoThreads.o
                                      0x3ec9c (size before relaxing)
 .debug_str     0x00000000000407a8       0x16 ./source/SwTimer.o
                                       0x3d14 (size before relaxing)
 .debug_str     0x00000000000407be       0x60 ./source/UartThread.o
                                      0x335d8 (size before relaxing)
 .debug_str     0x000000000004081e      0x11a ./source/cpp_config.o
                                       0x7ef3 (size before relaxing)
 .debug_str     0x0000000000040938      0x532 ./source/mtb.o
                                       0x32cf (size before relaxing)
 .debug_str     0x0000000000040e6a       0x1f ./source/semihost_hardfault.o
                                       0x2dbc (size before relaxing)
 .debug_str     0x0000000000040e89     0x14ca ./drivers/fsl_clock.o
                                      0x349c1 (size before relaxing)
 .debug_str     0x0000000000042353      0x113 ./drivers/fsl_common.o
                                      0x32fa1 (size before relaxing)
 .debug_str     0x0000000000042466      0x77d ./drivers/fsl_dma.o
                                      0x33c84 (size before relaxing)
 .debug_str     0x0000000000042be3      0x14f ./drivers/fsl_gpio.o
                                      0x33211 (size before relaxing)
 .debug_str     0x0000000000042d32      0xc04 ./drivers/fsl_i2c.o
                                      0x3419b (size before relaxing)
 .debug_str     0x0000000000043936      0x78c ./drivers/fsl_lpsci.o
                                      0x33fc9 (size before relaxing)
 .debug_str     0x00000000000440c2      0x7b1 ./drivers/fsl_spi.o
                                      0x33d8b (size before relaxing)
 .debug_str     0x0000000000044873      0x832 ./drivers/fsl_uart.o
                                      0x33fec (size before relaxing)
 .debug_str     0x00000000000450a5       0x4c ./board/board.o
                                      0x33aff (size before relaxing)
 .debug_str     0x00000000000450f1      0x300 ./board/clock_config.o
                                      0x338d1 (size before relaxing)
 .debug_str     0x00000000000453f1       0x31 ./board/peripherals.o
                                       0x2dcd (size before relaxing)
 .debug_str     0x0000000000045422      0x31a ./board/pin_mux.o
                                      0x333c2 (size before relaxing)
 .debug_str     0x000000000004573c       0x4f ./CMSIS/system_MKL25Z4.o
                                      0x2f45d (size before relaxing)
 .debug_str     0x000000000004578b      0x1a7 /usr/local/mcuxpressoide-11.0.1_2563/ide/plugins/com.nxp.mcuxpresso.tools.linux_11.0.1.201907311258/tools/bin/../lib/gcc/arm-none-eabi/8.2.1/../../../../arm-none-eabi/lib/thumb/v6-m/nofp/libcr_newlib_nohost.a(_cr_sbrk.o)
                                        0x636 (size before relaxing)
 .debug_str     0x0000000000045932       0x12 /usr/local/mcuxpressoide-11.0.1_2563/ide/plugins/com.nxp.mcuxpresso.tools.linux_11.0.1.201907311258/tools/bin/../lib/gcc/arm-none-eabi/8.2.1/../../../../arm-none-eabi/lib/thumb/v6-m/nofp/libcr_newlib_nohost.a(cr_abort.o)
                                        0x149 (size before relaxing)
 .debug_str     0x0000000000045944       0x25 /usr/local/mcuxpressoide-11.0.1_2563/ide/plugins/com.nxp.mcuxpresso.tools.linux_11.0.1.201907311258/tools/bin/../lib/gcc/arm-none-eabi/8.2.1/../../../../arm-none-eabi/lib/thumb/v6-m/nofp/libcr_newlib_nohost.a(_cr_check_heap.o)
                                        0x18e (size before relaxing)

.comment        0x0000000000000000       0x75
 .comment       0x0000000000000000       0x75 ./utilities/fsl_debug_console.o
                                         0x76 (size before relaxing)
 .comment       0x0000000000000075       0x76 ./startup/startup_mkl25z4.o
 .comment       0x0000000000000075       0x76 ./source/LedFlasher.o
 .comment       0x0000000000000075       0x76 ./source/MKL25Z128xxx4_ProtoThreads.o
 .comment       0x0000000000000075       0x76 ./source/SwTimer.o
 .comment       0x0000000000000075       0x76 ./source/UartThread.o
 .comment       0x0000000000000075       0x76 ./source/cpp_config.o
 .comment       0x0000000000000075       0x76 ./source/mtb.o
 .comment       0x0000000000000075       0x76 ./source/semihost_hardfault.o
 .comment       0x0000000000000075       0x76 ./drivers/fsl_clock.o
 .comment       0x0000000000000075       0x76 ./drivers/fsl_common.o
 .comment       0x0000000000000075       0x76 ./drivers/fsl_dma.o
 .comment       0x0000000000000075       0x76 ./drivers/fsl_gpio.o
 .comment       0x0000000000000075       0x76 ./drivers/fsl_i2c.o
 .comment       0x0000000000000075       0x76 ./drivers/fsl_lpsci.o
 .comment       0x0000000000000075       0x76 ./drivers/fsl_spi.o
 .comment       0x0000000000000075       0x76 ./drivers/fsl_uart.o
 .comment       0x0000000000000075       0x76 ./board/board.o
 .comment       0x0000000000000075       0x76 ./board/clock_config.o
 .comment       0x0000000000000075       0x76 ./board/peripherals.o
 .comment       0x0000000000000075       0x76 ./board/pin_mux.o
 .comment       0x0000000000000075       0x76 ./CMSIS/system_MKL25Z4.o
 .comment       0x0000000000000075       0x76 /usr/local/mcuxpressoide-11.0.1_2563/ide/plugins/com.nxp.mcuxpresso.tools.linux_11.0.1.201907311258/tools/bin/../lib/gcc/arm-none-eabi/8.2.1/../../../../arm-none-eabi/lib/thumb/v6-m/nofp/libcr_newlib_nohost.a(_cr_sbrk.o)
 .comment       0x0000000000000075       0x76 /usr/local/mcuxpressoide-11.0.1_2563/ide/plugins/com.nxp.mcuxpresso.tools.linux_11.0.1.201907311258/tools/bin/../lib/gcc/arm-none-eabi/8.2.1/../../../../arm-none-eabi/lib/thumb/v6-m/nofp/libcr_newlib_nohost.a(cr_abort.o)
 .comment       0x0000000000000075       0x76 /usr/local/mcuxpressoide-11.0.1_2563/ide/plugins/com.nxp.mcuxpresso.tools.linux_11.0.1.201907311258/tools/bin/../lib/gcc/arm-none-eabi/8.2.1/../../../../arm-none-eabi/lib/thumb/v6-m/nofp/libcr_newlib_nohost.a(_cr_check_heap.o)

.ARM.attributes
                0x0000000000000000       0x2a
 .ARM.attributes
                0x0000000000000000       0x2c ./utilities/fsl_debug_console.o
 .ARM.attributes
                0x000000000000002c       0x2c ./startup/startup_mkl25z4.o
 .ARM.attributes
                0x0000000000000058       0x2c ./source/LedFlasher.o
 .ARM.attributes
                0x0000000000000084       0x2c ./source/MKL25Z128xxx4_ProtoThreads.o
 .ARM.attributes
                0x00000000000000b0       0x2c ./source/SwTimer.o
 .ARM.attributes
                0x00000000000000dc       0x2c ./source/UartThread.o
 .ARM.attributes
                0x0000000000000108       0x2c ./source/cpp_config.o
 .ARM.attributes
                0x0000000000000134       0x32 ./source/mtb.o
 .ARM.attributes
                0x0000000000000166       0x2c ./source/semihost_hardfault.o
 .ARM.attributes
                0x0000000000000192       0x2c ./drivers/fsl_clock.o
 .ARM.attributes
                0x00000000000001be       0x2c ./drivers/fsl_common.o
 .ARM.attributes
                0x00000000000001ea       0x2c ./drivers/fsl_dma.o
 .ARM.attributes
                0x0000000000000216       0x2c ./drivers/fsl_gpio.o
 .ARM.attributes
                0x0000000000000242       0x2c ./drivers/fsl_i2c.o
 .ARM.attributes
                0x000000000000026e       0x2c ./drivers/fsl_lpsci.o
 .ARM.attributes
                0x000000000000029a       0x2c ./drivers/fsl_spi.o
 .ARM.attributes
                0x00000000000002c6       0x2c ./drivers/fsl_uart.o
 .ARM.attributes
                0x00000000000002f2       0x2c ./board/board.o
 .ARM.attributes
                0x000000000000031e       0x2c ./board/clock_config.o
 .ARM.attributes
                0x000000000000034a       0x2c ./board/peripherals.o
 .ARM.attributes
                0x0000000000000376       0x2c ./board/pin_mux.o
 .ARM.attributes
                0x00000000000003a2       0x2c ./CMSIS/system_MKL25Z4.o
 .ARM.attributes
                0x00000000000003ce       0x1e /usr/local/mcuxpressoide-11.0.1_2563/ide/plugins/com.nxp.mcuxpresso.tools.linux_11.0.1.201907311258/tools/bin/../lib/gcc/arm-none-eabi/8.2.1/thumb/v6-m/nofp/libgcc.a(_udivsi3.o)
 .ARM.attributes
                0x00000000000003ec       0x1e /usr/local/mcuxpressoide-11.0.1_2563/ide/plugins/com.nxp.mcuxpresso.tools.linux_11.0.1.201907311258/tools/bin/../lib/gcc/arm-none-eabi/8.2.1/thumb/v6-m/nofp/libgcc.a(_divsi3.o)
 .ARM.attributes
                0x000000000000040a       0x1e /usr/local/mcuxpressoide-11.0.1_2563/ide/plugins/com.nxp.mcuxpresso.tools.linux_11.0.1.201907311258/tools/bin/../lib/gcc/arm-none-eabi/8.2.1/thumb/v6-m/nofp/libgcc.a(_dvmd_tls.o)
 .ARM.attributes
                0x0000000000000428       0x2c /usr/local/mcuxpressoide-11.0.1_2563/ide/plugins/com.nxp.mcuxpresso.tools.linux_11.0.1.201907311258/tools/bin/../lib/gcc/arm-none-eabi/8.2.1/../../../../arm-none-eabi/lib/thumb/v6-m/nofp/libc_nano.a(lib_a-init.o)
 .ARM.attributes
                0x0000000000000454       0x2c /usr/local/mcuxpressoide-11.0.1_2563/ide/plugins/com.nxp.mcuxpresso.tools.linux_11.0.1.201907311258/tools/bin/../lib/gcc/arm-none-eabi/8.2.1/../../../../arm-none-eabi/lib/thumb/v6-m/nofp/libc_nano.a(lib_a-malloc.o)
 .ARM.attributes
                0x0000000000000480       0x2c /usr/local/mcuxpressoide-11.0.1_2563/ide/plugins/com.nxp.mcuxpresso.tools.linux_11.0.1.201907311258/tools/bin/../lib/gcc/arm-none-eabi/8.2.1/../../../../arm-none-eabi/lib/thumb/v6-m/nofp/libc_nano.a(lib_a-nano-mallocr.o)
 .ARM.attributes
                0x00000000000004ac       0x2c /usr/local/mcuxpressoide-11.0.1_2563/ide/plugins/com.nxp.mcuxpresso.tools.linux_11.0.1.201907311258/tools/bin/../lib/gcc/arm-none-eabi/8.2.1/../../../../arm-none-eabi/lib/thumb/v6-m/nofp/libc_nano.a(lib_a-sbrkr.o)
 .ARM.attributes
                0x00000000000004d8       0x1c /usr/local/mcuxpressoide-11.0.1_2563/ide/plugins/com.nxp.mcuxpresso.tools.linux_11.0.1.201907311258/tools/bin/../lib/gcc/arm-none-eabi/8.2.1/../../../../arm-none-eabi/lib/thumb/v6-m/nofp/libc_nano.a(lib_a-strlen.o)
 .ARM.attributes
                0x00000000000004f4       0x2c /usr/local/mcuxpressoide-11.0.1_2563/ide/plugins/com.nxp.mcuxpresso.tools.linux_11.0.1.201907311258/tools/bin/../lib/gcc/arm-none-eabi/8.2.1/../../../../arm-none-eabi/lib/thumb/v6-m/nofp/libc_nano.a(lib_a-impure.o)
 .ARM.attributes
                0x0000000000000520       0x2c /usr/local/mcuxpressoide-11.0.1_2563/ide/plugins/com.nxp.mcuxpresso.tools.linux_11.0.1.201907311258/tools/bin/../lib/gcc/arm-none-eabi/8.2.1/../../../../arm-none-eabi/lib/thumb/v6-m/nofp/libc_nano.a(lib_a-mlock.o)
 .ARM.attributes
                0x000000000000054c       0x2c /usr/local/mcuxpressoide-11.0.1_2563/ide/plugins/com.nxp.mcuxpresso.tools.linux_11.0.1.201907311258/tools/bin/../lib/gcc/arm-none-eabi/8.2.1/../../../../arm-none-eabi/lib/thumb/v6-m/nofp/libc_nano.a(lib_a-reent.o)
 .ARM.attributes
                0x0000000000000578       0x2c /usr/local/mcuxpressoide-11.0.1_2563/ide/plugins/com.nxp.mcuxpresso.tools.linux_11.0.1.201907311258/tools/bin/../lib/gcc/arm-none-eabi/8.2.1/../../../../arm-none-eabi/lib/thumb/v6-m/nofp/libc_nano.a(lib_a-lock.o)
 .ARM.attributes
                0x00000000000005a4       0x2c /usr/local/mcuxpressoide-11.0.1_2563/ide/plugins/com.nxp.mcuxpresso.tools.linux_11.0.1.201907311258/tools/bin/../lib/gcc/arm-none-eabi/8.2.1/../../../../arm-none-eabi/lib/thumb/v6-m/nofp/libstdc++_nano.a(pure.o)
 .ARM.attributes
                0x00000000000005d0       0x2c /usr/local/mcuxpressoide-11.0.1_2563/ide/plugins/com.nxp.mcuxpresso.tools.linux_11.0.1.201907311258/tools/bin/../lib/gcc/arm-none-eabi/8.2.1/../../../../arm-none-eabi/lib/thumb/v6-m/nofp/libstdc++_nano.a(eh_terminate.o)
 .ARM.attributes
                0x00000000000005fc       0x2c /usr/local/mcuxpressoide-11.0.1_2563/ide/plugins/com.nxp.mcuxpresso.tools.linux_11.0.1.201907311258/tools/bin/../lib/gcc/arm-none-eabi/8.2.1/../../../../arm-none-eabi/lib/thumb/v6-m/nofp/libstdc++_nano.a(eh_term_handler.o)
 .ARM.attributes
                0x0000000000000628       0x2c /usr/local/mcuxpressoide-11.0.1_2563/ide/plugins/com.nxp.mcuxpresso.tools.linux_11.0.1.201907311258/tools/bin/../lib/gcc/arm-none-eabi/8.2.1/../../../../arm-none-eabi/lib/thumb/v6-m/nofp/libcr_newlib_nohost.a(_cr_sbrk.o)
 .ARM.attributes
                0x0000000000000654       0x2c /usr/local/mcuxpressoide-11.0.1_2563/ide/plugins/com.nxp.mcuxpresso.tools.linux_11.0.1.201907311258/tools/bin/../lib/gcc/arm-none-eabi/8.2.1/../../../../arm-none-eabi/lib/thumb/v6-m/nofp/libcr_newlib_nohost.a(cr_abort.o)
 .ARM.attributes
                0x0000000000000680       0x2c /usr/local/mcuxpressoide-11.0.1_2563/ide/plugins/com.nxp.mcuxpresso.tools.linux_11.0.1.201907311258/tools/bin/../lib/gcc/arm-none-eabi/8.2.1/../../../../arm-none-eabi/lib/thumb/v6-m/nofp/libcr_newlib_nohost.a(_cr_check_heap.o)
 .ARM.attributes
                0x00000000000006ac       0x1e /usr/local/mcuxpressoide-11.0.1_2563/ide/plugins/com.nxp.mcuxpresso.tools.linux_11.0.1.201907311258/tools/bin/../lib/gcc/arm-none-eabi/8.2.1/thumb/v6-m/nofp/crti.o
 .ARM.attributes
                0x00000000000006ca       0x1e /usr/local/mcuxpressoide-11.0.1_2563/ide/plugins/com.nxp.mcuxpresso.tools.linux_11.0.1.201907311258/tools/bin/../lib/gcc/arm-none-eabi/8.2.1/thumb/v6-m/nofp/crtn.o
 .ARM.attributes
                0x00000000000006e8       0x2c /usr/local/mcuxpressoide-11.0.1_2563/ide/plugins/com.nxp.mcuxpresso.tools.linux_11.0.1.201907311258/tools/bin/../lib/gcc/arm-none-eabi/8.2.1/thumb/v6-m/nofp/crtbegin.o
 .ARM.attributes