core_cm0plus.h:745:22:void NVIC_EnableIRQ(IRQn_Type)	16	static
core_cm0plus.h:804:22:void NVIC_SetPriority(IRQn_Type, uint32_t)	24	static
core_cm0plus.h:885:26:uint32_t SysTick_Config(uint32_t)	16	static
fsl_common.h:212:20:void EnableIRQ(IRQn_Type)	16	static
new:168:14:void* operator new(std::size_t, void*)	16	static
gthr-default.h:229:1:int __gthread_key_delete(__gthread_key_t)	16	static
vector_base.h:153:5:etl::vector_base::vector_base(size_t)	16	static
SwTimer.h:11:5:SwTimer::SwTimer(f_int_t)	16	static
Protothread.h:64:5:Protothread::Protothread()	16	static
UartThread.h:18:2:UartThread::UartThread()	24	static
LedFlasher.h:16:2:LedFlasher::LedFlasher()	24	static
MKL25Z128xxx4_ProtoThreads.cpp:57:10:uint64_t getRunTimeInMs()	20	static
MKL25Z128xxx4_ProtoThreads.cpp:61:17:void SysTick_Handler()	12	static
MKL25Z128xxx4_ProtoThreads.cpp:65:6:void print(const etl::ivector<int>&)	32	static
MKL25Z128xxx4_ProtoThreads.cpp:71:17:void UART0_IRQHandler()	8	static
MKL25Z128xxx4_ProtoThreads.cpp:80:5:int main()	88	static
vector.h:119:20:const T* etl::ivector<T>::begin() const [with T = int]	16	static
vector.h:137:20:const T* etl::ivector<T>::end() const [with T = int]	16	static
vector.h:1157:5:etl::vector<T, MAX_SIZE_>::vector() [with T = int; unsigned int MAX_SIZE_ = 10]	16	static
move.h:99:5:constexpr typename std::remove_reference<_Tp>::type&& std::move(_Tp&&) [with _Tp = int&]	16	static
vector.h:424:10:void etl::ivector<T>::push_back(etl::ivector<T>::rvalue_reference) [with T = int]	16	static
vector.h:942:5:etl::ivector<T>::ivector(T*, size_t) [with T = int]	24	static
vector.h:952:10:void etl::ivector<T>::initialise() [with T = int]	16	static
vector.h:1019:17:void etl::ivector<T>::create_back(etl::ivector<T>::rvalue_reference) [with T = int]	24	static
memory.h:668:4:typename etl::enable_if<etl::is_trivially_destructible<typename std::iterator_traits<_Iterator>::value_type>::value, void>::type etl::destroy(TIterator, TIterator) [with TIterator = int*]	16	static
memory.h:430:8:void etl::create_copy_at(T*, T&&) [with T = int]	24	static
MKL25Z128xxx4_ProtoThreads.cpp:119:1:void __static_initialization_and_destruction_0(int, int)	16	static
MKL25Z128xxx4_ProtoThreads.cpp:119:1:cpp)	8	static
