core_cm0plus.h:745:22:void NVIC_EnableIRQ(IRQn_Type)	16	static
core_cm0plus.h:804:22:void NVIC_SetPriority(IRQn_Type, uint32_t)	24	static
core_cm0plus.h:885:26:uint32_t SysTick_Config(uint32_t)	16	static
fsl_clock.h:620:20:void CLOCK_SetLpsci0Clock(uint32_t)	16	static
fsl_common.h:212:20:void EnableIRQ(IRQn_Type)	16	static
fsl_lpsci.h:502:20:void LPSCI_WriteByte(UART0_Type*, uint8_t)	16	static
fsl_lpsci.h:516:23:uint8_t LPSCI_ReadByte(UART0_Type*)	16	static
SwTimer.h:13:5:SwTimer::SwTimer(SwTimer::callback_f)	24	static
Protothread.h:64:5:Protothread::Protothread()	16	static
UartThread.h:18:2:UartThread::UartThread(SwTimer::callback_f)	24	static
LedFlasher.h:16:2:LedFlasher::LedFlasher(SwTimer&)	16	static
MKL25Z128xxx4_ProtoThreads.cpp:57:10:uint64_t getRunTimeInMs()	20	static
MKL25Z128xxx4_ProtoThreads.cpp:61:17:void SysTick_Handler()	8	static
MKL25Z128xxx4_ProtoThreads.cpp:65:17:void UART0_IRQHandler()	8	static
MKL25Z128xxx4_ProtoThreads.cpp:75:16:int _write(int, char*, int)	24	static
MKL25Z128xxx4_ProtoThreads.cpp:83:5:int main()	16	static
delegate.h:121:21:) = getRunTimeInMs; TReturn = long long unsigned int; TParams = {}]	16	static
delegate.h:368:20:) = getRunTimeInMs; TReturn = long long unsigned int; TParams = {}]	16	static
delegate.h:262:7:)>::invocation_element::invocation_element() [with TReturn = long long unsigned int; TParams = {}]	16	static
delegate.h:291:5:)>::stub_type) [with TReturn = long long unsigned int; TParams = {}]	24	static
MKL25Z128xxx4_ProtoThreads.cpp:130:1:void __static_initialization_and_destruction_0(int, int)	40	static
MKL25Z128xxx4_ProtoThreads.cpp:130:1:cpp)	8	static
